Component: Arm Compiler for Embedded 6.21 Tool: armlink [5ec1fa00]

==============================================================================

Section Cross References

    adc16_interrupt.o(.ARM.exidx.text.delay) refers to adc16_interrupt.o(.text.delay) for [Anonymous Symbol]
    adc16_interrupt.o(.text.PORTB_IRQHandler) refers to fsl_gpio.o(.text.GPIO_PortClearInterruptFlags) for GPIO_PortClearInterruptFlags
    adc16_interrupt.o(.text.PORTB_IRQHandler) refers to fsl_adc16.o(.text.ADC16_SetChannelConfig) for ADC16_SetChannelConfig
    adc16_interrupt.o(.text.PORTB_IRQHandler) refers to fsl_adc16.o(.text.ADC16_GetChannelStatusFlags) for ADC16_GetChannelStatusFlags
    adc16_interrupt.o(.text.PORTB_IRQHandler) refers to dflti.o(.text) for __aeabi_i2d
    adc16_interrupt.o(.text.PORTB_IRQHandler) refers to dmul.o(.text) for __aeabi_dmul
    adc16_interrupt.o(.text.PORTB_IRQHandler) refers to adc16_interrupt.o(.rodata.str1.1) for .L.str.1
    adc16_interrupt.o(.text.PORTB_IRQHandler) refers to fsl_debug_console.o(.text.DbgConsole_Printf) for DbgConsole_Printf
    adc16_interrupt.o(.ARM.exidx.text.PORTB_IRQHandler) refers to adc16_interrupt.o(.text.PORTB_IRQHandler) for [Anonymous Symbol]
    adc16_interrupt.o(.text.main) refers to pin_mux.o(.text.BOARD_InitBootPins) for BOARD_InitBootPins
    adc16_interrupt.o(.text.main) refers to clock_config.o(.text.BOARD_InitBootClocks) for BOARD_InitBootClocks
    adc16_interrupt.o(.text.main) refers to board.o(.text.BOARD_InitDebugConsole) for BOARD_InitDebugConsole
    adc16_interrupt.o(.text.main) refers to fsl_debug_console.o(.text.DbgConsole_Printf) for DbgConsole_Printf
    adc16_interrupt.o(.text.main) refers to adc16_interrupt.o(.rodata.str1.1) for .L.str.3
    adc16_interrupt.o(.text.main) refers to fsl_gpio.o(.text.GPIO_PinInit) for GPIO_PinInit
    adc16_interrupt.o(.text.main) refers to fsl_adc16.o(.text.ADC16_GetDefaultConfig) for ADC16_GetDefaultConfig
    adc16_interrupt.o(.text.main) refers to fsl_adc16.o(.text.ADC16_Init) for ADC16_Init
    adc16_interrupt.o(.text.main) refers to fsl_adc16.o(.text.ADC16_DoAutoCalibration) for ADC16_DoAutoCalibration
    adc16_interrupt.o(.text.main) refers to fsl_adc16.o(.text.ADC16_SetChannelConfig) for ADC16_SetChannelConfig
    adc16_interrupt.o(.text.main) refers to fsl_adc16.o(.text.ADC16_GetChannelStatusFlags) for ADC16_GetChannelStatusFlags
    adc16_interrupt.o(.text.main) refers to dflti.o(.text) for __aeabi_i2d
    adc16_interrupt.o(.text.main) refers to dmul.o(.text) for __aeabi_dmul
    adc16_interrupt.o(.ARM.exidx.text.main) refers to adc16_interrupt.o(.text.main) for [Anonymous Symbol]
    pin_mux.o(.ARM.exidx.text.BOARD_InitBootPins) refers to pin_mux.o(.text.BOARD_InitBootPins) for [Anonymous Symbol]
    pin_mux.o(.ARM.exidx.text.BOARD_InitPins) refers to pin_mux.o(.text.BOARD_InitPins) for [Anonymous Symbol]
    board.o(.text.BOARD_InitDebugConsole) refers to fsl_clock.o(.text.CLOCK_GetCoreSysClkFreq) for CLOCK_GetCoreSysClkFreq
    board.o(.text.BOARD_InitDebugConsole) refers to fsl_debug_console.o(.text.DbgConsole_Init) for DbgConsole_Init
    board.o(.ARM.exidx.text.BOARD_InitDebugConsole) refers to board.o(.text.BOARD_InitDebugConsole) for [Anonymous Symbol]
    clock_config.o(.text.BOARD_InitBootClocks) refers to clock_config.o(.rodata.oscConfig_BOARD_BootClockRUN) for oscConfig_BOARD_BootClockRUN
    clock_config.o(.text.BOARD_InitBootClocks) refers to fsl_clock.o(.text.CLOCK_InitOsc0) for CLOCK_InitOsc0
    clock_config.o(.text.BOARD_InitBootClocks) refers to fsl_clock.o(.bss.g_xtal0Freq) for g_xtal0Freq
    clock_config.o(.text.BOARD_InitBootClocks) refers to fsl_clock.o(.text.CLOCK_SetInternalRefClkConfig) for CLOCK_SetInternalRefClkConfig
    clock_config.o(.text.BOARD_InitBootClocks) refers to clock_config.o(.rodata.mcgConfig_BOARD_BootClockRUN) for mcgConfig_BOARD_BootClockRUN
    clock_config.o(.text.BOARD_InitBootClocks) refers to fsl_clock.o(.text.CLOCK_BootToPeeMode) for CLOCK_BootToPeeMode
    clock_config.o(.text.BOARD_InitBootClocks) refers to clock_config.o(.rodata.simConfig_BOARD_BootClockRUN) for simConfig_BOARD_BootClockRUN
    clock_config.o(.text.BOARD_InitBootClocks) refers to fsl_clock.o(.text.CLOCK_SetSimConfig) for CLOCK_SetSimConfig
    clock_config.o(.text.BOARD_InitBootClocks) refers to system_mk64f12.o(.data.SystemCoreClock) for SystemCoreClock
    clock_config.o(.ARM.exidx.text.BOARD_InitBootClocks) refers to clock_config.o(.text.BOARD_InitBootClocks) for [Anonymous Symbol]
    clock_config.o(.text.BOARD_BootClockRUN) refers to clock_config.o(.rodata.oscConfig_BOARD_BootClockRUN) for oscConfig_BOARD_BootClockRUN
    clock_config.o(.text.BOARD_BootClockRUN) refers to fsl_clock.o(.text.CLOCK_InitOsc0) for CLOCK_InitOsc0
    clock_config.o(.text.BOARD_BootClockRUN) refers to fsl_clock.o(.bss.g_xtal0Freq) for g_xtal0Freq
    clock_config.o(.text.BOARD_BootClockRUN) refers to fsl_clock.o(.text.CLOCK_SetInternalRefClkConfig) for CLOCK_SetInternalRefClkConfig
[...]
    Removing fsl_clock.o(.ARM.exidx.text.CLOCK_GetBusClkFreq), (8 bytes).
    Removing fsl_clock.o(.ARM.exidx.text.CLOCK_GetCoreSysClkFreq), (8 bytes).
    Removing fsl_clock.o(.text.CLOCK_GetFreq), (498 bytes).
    Removing fsl_clock.o(.ARM.exidx.text.CLOCK_GetFreq), (8 bytes).
    Removing fsl_clock.o(.text.CLOCK_GetFixedFreqClkFreq), (26 bytes).
    Removing fsl_clock.o(.ARM.exidx.text.CLOCK_GetFixedFreqClkFreq), (8 bytes).
    Removing fsl_clock.o(.text.CLOCK_GetInternalRefClkFreq), (58 bytes).
    Removing fsl_clock.o(.ARM.exidx.text.CLOCK_GetInternalRefClkFreq), (8 bytes).
    Removing fsl_clock.o(.ARM.exidx.text.CLOCK_SetSimConfig), (8 bytes).
    Removing fsl_clock.o(.text.CLOCK_EnableUsbfs0Clock), (168 bytes).
    Removing fsl_clock.o(.ARM.exidx.text.CLOCK_EnableUsbfs0Clock), (8 bytes).
    Removing fsl_clock.o(.ARM.exidx.text.CLOCK_GetFllRefClkFreq), (8 bytes).
    Removing fsl_clock.o(.text.CLOCK_SetExternalRefClkConfig), (58 bytes).
    Removing fsl_clock.o(.ARM.exidx.text.CLOCK_SetExternalRefClkConfig), (8 bytes).
    Removing fsl_clock.o(.ARM.exidx.text.CLOCK_SetInternalRefClkConfig), (8 bytes).
    Removing fsl_clock.o(.text.CLOCK_CalcPllDiv), (238 bytes).
    Removing fsl_clock.o(.ARM.exidx.text.CLOCK_CalcPllDiv), (8 bytes).
    Removing fsl_clock.o(.text.CLOCK_EnablePll0), (80 bytes).
    Removing fsl_clock.o(.ARM.exidx.text.CLOCK_EnablePll0), (8 bytes).
    Removing fsl_clock.o(.text.CLOCK_SetOsc0MonitorMode), (58 bytes).
    Removing fsl_clock.o(.ARM.exidx.text.CLOCK_SetOsc0MonitorMode), (8 bytes).
    Removing fsl_clock.o(.text.CLOCK_SetRtcOscMonitorMode), (32 bytes).
    Removing fsl_clock.o(.ARM.exidx.text.CLOCK_SetRtcOscMonitorMode), (8 bytes).
    Removing fsl_clock.o(.text.CLOCK_SetPll0MonitorMode), (48 bytes).
    Removing fsl_clock.o(.ARM.exidx.text.CLOCK_SetPll0MonitorMode), (8 bytes).
    Removing fsl_clock.o(.text.CLOCK_GetStatusFlags), (48 bytes).
    Removing fsl_clock.o(.ARM.exidx.text.CLOCK_GetStatusFlags), (8 bytes).
    Removing fsl_clock.o(.text.CLOCK_ClearStatusFlags), (40 bytes).
    Removing fsl_clock.o(.ARM.exidx.text.CLOCK_ClearStatusFlags), (8 bytes).
    Removing fsl_clock.o(.ARM.exidx.text.CLOCK_InitOsc0), (8 bytes).
    Removing fsl_clock.o(.text.CLOCK_DeinitOsc0), (30 bytes).
    Removing fsl_clock.o(.ARM.exidx.text.CLOCK_DeinitOsc0), (8 bytes).
    Removing fsl_clock.o(.text.CLOCK_SetSlowIrcFreq), (12 bytes).
    Removing fsl_clock.o(.ARM.exidx.text.CLOCK_SetSlowIrcFreq), (8 bytes).
    Removing fsl_clock.o(.text.CLOCK_SetFastIrcFreq), (12 bytes).
    Removing fsl_clock.o(.ARM.exidx.text.CLOCK_SetFastIrcFreq), (8 bytes).
    Removing fsl_clock.o(.text.CLOCK_TrimInternalRefClk), (198 bytes).
    Removing fsl_clock.o(.ARM.exidx.text.CLOCK_TrimInternalRefClk), (8 bytes).
    Removing fsl_clock.o(.text.CLOCK_GetMode), (90 bytes).
    Removing fsl_clock.o(.ARM.exidx.text.CLOCK_GetMode), (8 bytes).
    Removing fsl_clock.o(.text.CLOCK_SetFeiMode), (98 bytes).
    Removing fsl_clock.o(.ARM.exidx.text.CLOCK_SetFeiMode), (8 bytes).
    Removing fsl_clock.o(.text.CLOCK_SetFeeMode), (144 bytes).
    Removing fsl_clock.o(.ARM.exidx.text.CLOCK_SetFeeMode), (8 bytes).
    Removing fsl_clock.o(.text.CLOCK_SetFbiMode), (106 bytes).
    Removing fsl_clock.o(.ARM.exidx.text.CLOCK_SetFbiMode), (8 bytes).
    Removing fsl_clock.o(.text.CLOCK_SetFbeMode), (144 bytes).
    Removing fsl_clock.o(.ARM.exidx.text.CLOCK_SetFbeMode), (8 bytes).
    Removing fsl_clock.o(.text.CLOCK_SetBlpiMode), (20 bytes).
    Removing fsl_clock.o(.ARM.exidx.text.CLOCK_SetBlpiMode), (8 bytes).
    Removing fsl_clock.o(.text.CLOCK_SetBlpeMode), (20 bytes).
    Removing fsl_clock.o(.ARM.exidx.text.CLOCK_SetBlpeMode), (8 bytes).
    Removing fsl_clock.o(.text.CLOCK_SetPbeMode), (158 bytes).
    Removing fsl_clock.o(.ARM.exidx.text.CLOCK_SetPbeMode), (8 bytes).
    Removing fsl_clock.o(.text.CLOCK_SetPeeMode), (30 bytes).
    Removing fsl_clock.o(.ARM.exidx.text.CLOCK_SetPeeMode), (8 bytes).
    Removing fsl_clock.o(.text.CLOCK_ExternalModeToFbeModeQuick), (58 bytes).
    Removing fsl_clock.o(.ARM.exidx.text.CLOCK_ExternalModeToFbeModeQuick), (8 bytes).
    Removing fsl_clock.o(.text.CLOCK_InternalModeToFbiModeQuick), (42 bytes).
    Removing fsl_clock.o(.ARM.exidx.text.CLOCK_InternalModeToFbiModeQuick), (8 bytes).
    Removing fsl_clock.o(.text.CLOCK_BootToFeiMode), (98 bytes).
    Removing fsl_clock.o(.ARM.exidx.text.CLOCK_BootToFeiMode), (8 bytes).
    Removing fsl_clock.o(.text.CLOCK_BootToFeeMode), (192 bytes).
    Removing fsl_clock.o(.ARM.exidx.text.CLOCK_BootToFeeMode), (8 bytes).
    Removing fsl_clock.o(.text.CLOCK_BootToBlpiMode), (178 bytes).
    Removing fsl_clock.o(.ARM.exidx.text.CLOCK_BootToBlpiMode), (8 bytes).
    Removing fsl_clock.o(.text.CLOCK_BootToBlpeMode), (112 bytes).
    Removing fsl_clock.o(.ARM.exidx.text.CLOCK_BootToBlpeMode), (8 bytes).
    Removing fsl_clock.o(.ARM.exidx.text.CLOCK_BootToPeeMode), (8 bytes).
    Removing fsl_clock.o(.text.CLOCK_SetMcgConfig), (1444 bytes).
    Removing fsl_clock.o(.ARM.exidx.text.CLOCK_SetMcgConfig), (8 bytes).
    Removing fsl_common.o(.text), (0 bytes).
    Removing fsl_common.o(.text.SDK_Malloc), (70 bytes).
    Removing fsl_common.o(.ARM.exidx.text.SDK_Malloc), (8 bytes).
    Removing fsl_common.o(.text.SDK_Free), (24 bytes).
    Removing fsl_common.o(.ARM.exidx.text.SDK_Free), (8 bytes).
    Removing fsl_common_arm.o(.text), (0 bytes).
    Removing fsl_common_arm.o(.text.SDK_DelayAtLeastUs), (84 bytes).
    Removing fsl_common_arm.o(.ARM.exidx.text.SDK_DelayAtLeastUs), (8 bytes).
    Removing fsl_common_arm.o(.rodata.str1.1), (86 bytes).
    Removing fsl_ftfx_cache.o(.text), (0 bytes).
    Removing fsl_ftfx_cache.o(.text.FTFx_CACHE_Init), (44 bytes).
    Removing fsl_ftfx_cache.o(.ARM.exidx.text.FTFx_CACHE_Init), (8 bytes).
    Removing fsl_ftfx_cache.o(.text.FTFx_CACHE_ClearCachePrefetchSpeculation), (60 bytes).
    Removing fsl_ftfx_cache.o(.ARM.exidx.text.FTFx_CACHE_ClearCachePrefetchSpeculation), (8 bytes).
    Removing fsl_ftfx_cache.o(.text.fmc_flash_cache_clear), (40 bytes).
    Removing fsl_ftfx_cache.o(.ARM.exidx.text.fmc_flash_cache_clear), (8 bytes).
    Removing fsl_ftfx_cache.o(.text.fmc_flash_prefetch_speculation_clear), (40 bytes).
    Removing fsl_ftfx_cache.o(.ARM.exidx.text.fmc_flash_prefetch_speculation_clear), (8 bytes).
    Removing fsl_ftfx_cache.o(.text.FTFx_CACHE_PflashSetPrefetchSpeculation), (52 bytes).
    Removing fsl_ftfx_cache.o(.ARM.exidx.text.FTFx_CACHE_PflashSetPrefetchSpeculation), (8 bytes).
    Removing fsl_ftfx_cache.o(.text.FTFx_CACHE_PflashGetPrefetchSpeculation), (46 bytes).
    Removing fsl_ftfx_cache.o(.ARM.exidx.text.FTFx_CACHE_PflashGetPrefetchSpeculation), (8 bytes).
    Removing fsl_ftfx_cache.o(.bss.s_ftfxCommonBitOperation), (64 bytes).
    Removing fsl_ftfx_cache.o(.rodata.s_ftfxCommonBitOperationFunctionCode), (28 bytes).
    Removing fsl_ftfx_controller.o(.text), (0 bytes).
    Removing fsl_ftfx_controller.o(.text.FTFx_API_Init), (82 bytes).
    Removing fsl_ftfx_controller.o(.ARM.exidx.text.FTFx_API_Init), (8 bytes).
    Removing fsl_ftfx_controller.o(.text.FTFx_CMD_Erase), (206 bytes).
    Removing fsl_ftfx_controller.o(.ARM.exidx.text.FTFx_CMD_Erase), (8 bytes).
    Removing fsl_ftfx_controller.o(.text.FTFx_CMD_EraseSectorNonBlocking), (116 bytes).
    Removing fsl_ftfx_controller.o(.ARM.exidx.text.FTFx_CMD_EraseSectorNonBlocking), (8 bytes).
    Removing fsl_ftfx_controller.o(.text.FTFx_CMD_EraseAll), (94 bytes).
    Removing fsl_ftfx_controller.o(.ARM.exidx.text.FTFx_CMD_EraseAll), (8 bytes).
    Removing fsl_ftfx_controller.o(.text.FTFx_CMD_EraseAllExecuteOnlySegments), (94 bytes).
    Removing fsl_ftfx_controller.o(.ARM.exidx.text.FTFx_CMD_EraseAllExecuteOnlySegments), (8 bytes).
    Removing fsl_ftfx_controller.o(.text.FTFx_CMD_Program), (286 bytes).
    Removing fsl_ftfx_controller.o(.ARM.exidx.text.FTFx_CMD_Program), (8 bytes).
    Removing fsl_ftfx_controller.o(.text.FTFx_CMD_ProgramOnce), (248 bytes).
    Removing fsl_ftfx_controller.o(.ARM.exidx.text.FTFx_CMD_ProgramOnce), (8 bytes).
    Removing fsl_ftfx_controller.o(.text.FTFx_CMD_ProgramSection), (334 bytes).
    Removing fsl_ftfx_controller.o(.ARM.exidx.text.FTFx_CMD_ProgramSection), (8 bytes).
    Removing fsl_ftfx_controller.o(.text.FTFx_CMD_ReadOnce), (256 bytes).
    Removing fsl_ftfx_controller.o(.ARM.exidx.text.FTFx_CMD_ReadOnce), (8 bytes).
    Removing fsl_ftfx_controller.o(.text.FTFx_CMD_ReadResource), (348 bytes).
    Removing fsl_ftfx_controller.o(.ARM.exidx.text.FTFx_CMD_ReadResource), (8 bytes).
    Removing fsl_ftfx_controller.o(.text.FTFx_CMD_VerifyErase), (250 bytes).
    Removing fsl_ftfx_controller.o(.ARM.exidx.text.FTFx_CMD_VerifyErase), (8 bytes).
    Removing fsl_ftfx_controller.o(.text.FTFx_CMD_VerifyEraseAll), (84 bytes).
    Removing fsl_ftfx_controller.o(.ARM.exidx.text.FTFx_CMD_VerifyEraseAll), (8 bytes).
    Removing fsl_ftfx_controller.o(.text.FTFx_CMD_VerifyEraseAllExecuteOnlySegments), (84 bytes).
    Removing fsl_ftfx_controller.o(.ARM.exidx.text.FTFx_CMD_VerifyEraseAllExecuteOnlySegments), (8 bytes).
    Removing fsl_ftfx_controller.o(.text.FTFx_CMD_VerifyProgram), (256 bytes).
    Removing fsl_ftfx_controller.o(.ARM.exidx.text.FTFx_CMD_VerifyProgram), (8 bytes).
    Removing fsl_ftfx_controller.o(.text.FTFx_CMD_SecurityBypass), (106 bytes).
    Removing fsl_ftfx_controller.o(.ARM.exidx.text.FTFx_CMD_SecurityBypass), (8 bytes).
    Removing fsl_ftfx_controller.o(.text.FTFx_REG_GetSecurityState), (68 bytes).
    Removing fsl_ftfx_controller.o(.ARM.exidx.text.FTFx_REG_GetSecurityState), (8 bytes).
    Removing fsl_ftfx_controller.o(.text.FTFx_CMD_SwapControl), (168 bytes).
    Removing fsl_ftfx_controller.o(.ARM.exidx.text.FTFx_CMD_SwapControl), (8 bytes).
    Removing fsl_ftfx_controller.o(.bss.s_ftfxRunCommand), (64 bytes).
    Removing fsl_ftfx_controller.o(.rodata.s_ftfxRunCommandFunctionCode), (12 bytes).
    Removing fsl_ftfx_flash.o(.text), (0 bytes).
    Removing fsl_ftfx_flash.o(.text.FLASH_Init), (118 bytes).
    Removing fsl_ftfx_flash.o(.ARM.exidx.text.FLASH_Init), (8 bytes).
    Removing fsl_ftfx_flash.o(.text.FLASH_Erase), (76 bytes).
    Removing fsl_ftfx_flash.o(.ARM.exidx.text.FLASH_Erase), (8 bytes).
    Removing fsl_ftfx_flash.o(.text.FLASH_EraseSectorNonBlocking), (76 bytes).
    Removing fsl_ftfx_flash.o(.ARM.exidx.text.FLASH_EraseSectorNonBlocking), (8 bytes).
    Removing fsl_ftfx_flash.o(.text.FLASH_EraseAll), (4 bytes).
    Removing fsl_ftfx_flash.o(.ARM.exidx.text.FLASH_EraseAll), (8 bytes).
    Removing fsl_ftfx_flash.o(.text.FLASH_Program), (76 bytes).
    Removing fsl_ftfx_flash.o(.ARM.exidx.text.FLASH_Program), (8 bytes).
    Removing fsl_ftfx_flash.o(.text.FLASH_ProgramOnce), (4 bytes).
    Removing fsl_ftfx_flash.o(.ARM.exidx.text.FLASH_ProgramOnce), (8 bytes).
    Removing fsl_ftfx_flash.o(.text.FLASH_ProgramSection), (76 bytes).
    Removing fsl_ftfx_flash.o(.ARM.exidx.text.FLASH_ProgramSection), (8 bytes).
    Removing fsl_ftfx_flash.o(.text.FLASH_ReadResource), (20 bytes).
    Removing fsl_ftfx_flash.o(.ARM.exidx.text.FLASH_ReadResource), (8 bytes).
    Removing fsl_ftfx_flash.o(.text.FLASH_ReadOnce), (4 bytes).
    Removing fsl_ftfx_flash.o(.ARM.exidx.text.FLASH_ReadOnce), (8 bytes).
    Removing fsl_ftfx_flash.o(.text.FLASH_VerifyErase), (76 bytes).
    Removing fsl_ftfx_flash.o(.ARM.exidx.text.FLASH_VerifyErase), (8 bytes).
    Removing fsl_ftfx_flash.o(.text.FLASH_VerifyEraseAll), (4 bytes).
    Removing fsl_ftfx_flash.o(.ARM.exidx.text.FLASH_VerifyEraseAll), (8 bytes).
    Removing fsl_ftfx_flash.o(.text.FLASH_VerifyProgram), (96 bytes).
    Removing fsl_ftfx_flash.o(.ARM.exidx.text.FLASH_VerifyProgram), (8 bytes).
    Removing fsl_ftfx_flash.o(.text.FLASH_GetSecurityState), (4 bytes).
    Removing fsl_ftfx_flash.o(.ARM.exidx.text.FLASH_GetSecurityState), (8 bytes).
    Removing fsl_ftfx_flash.o(.text.FLASH_SecurityBypass), (4 bytes).
    Removing fsl_ftfx_flash.o(.ARM.exidx.text.FLASH_SecurityBypass), (8 bytes).
    Removing fsl_ftfx_flash.o(.text.FLASH_Swap), (386 bytes).
    Removing fsl_ftfx_flash.o(.ARM.exidx.text.FLASH_Swap), (8 bytes).
    Removing fsl_ftfx_flash.o(.text.FLASH_IsProtected), (276 bytes).
    Removing fsl_ftfx_flash.o(.ARM.exidx.text.FLASH_IsProtected), (8 bytes).
    Removing fsl_ftfx_flash.o(.text.FLASH_PflashSetProtection), (50 bytes).
    Removing fsl_ftfx_flash.o(.ARM.exidx.text.FLASH_PflashSetProtection), (8 bytes).
    Removing fsl_ftfx_flash.o(.text.FLASH_PflashGetProtection), (38 bytes).
    Removing fsl_ftfx_flash.o(.ARM.exidx.text.FLASH_PflashGetProtection), (8 bytes).
    Removing fsl_ftfx_flash.o(.text.FLASH_GetProperty), (122 bytes).
    Removing fsl_ftfx_flash.o(.ARM.exidx.text.FLASH_GetProperty), (8 bytes).
    Removing fsl_ftfx_flash.o(.text.FLASH_GetCommandState), (48 bytes).
    Removing fsl_ftfx_flash.o(.ARM.exidx.text.FLASH_GetCommandState), (8 bytes).
    Removing fsl_ftfx_flash.o(.rodata.kPFlashDensities), (30 bytes).
    Removing fsl_ftfx_flexnvm.o(.text), (0 bytes).
    Removing fsl_gpio.o(.text), (0 bytes).
    Removing fsl_gpio.o(.ARM.exidx.text.GPIO_PinInit), (8 bytes).
    Removing fsl_gpio.o(.text.GPIO_PortGetInterruptFlags), (66 bytes).
    Removing fsl_gpio.o(.ARM.exidx.text.GPIO_PortGetInterruptFlags), (8 bytes).
    Removing fsl_gpio.o(.ARM.exidx.text.GPIO_PortClearInterruptFlags), (8 bytes).
    Removing fsl_smc.o(.text), (0 bytes).
    Removing fsl_smc.o(.text.SMC_PreEnterStopModes), (22 bytes).
    Removing fsl_smc.o(.ARM.exidx.text.SMC_PreEnterStopModes), (8 bytes).
    Removing fsl_smc.o(.text.SMC_PostExitStopModes), (20 bytes).
    Removing fsl_smc.o(.ARM.exidx.text.SMC_PostExitStopModes), (8 bytes).
    Removing fsl_smc.o(.text.SMC_PreEnterWaitModes), (22 bytes).
    Removing fsl_smc.o(.ARM.exidx.text.SMC_PreEnterWaitModes), (8 bytes).
    Removing fsl_smc.o(.text.SMC_PostExitWaitModes), (20 bytes).
    Removing fsl_smc.o(.ARM.exidx.text.SMC_PostExitWaitModes), (8 bytes).
    Removing fsl_smc.o(.text.SMC_SetPowerModeRun), (14 bytes).
    Removing fsl_smc.o(.ARM.exidx.text.SMC_SetPowerModeRun), (8 bytes).
    Removing fsl_smc.o(.text.SMC_SetPowerModeWait), (30 bytes).
    Removing fsl_smc.o(.ARM.exidx.text.SMC_SetPowerModeWait), (8 bytes).
    Removing fsl_smc.o(.text.SMC_SetPowerModeStop), (56 bytes).
    Removing fsl_smc.o(.ARM.exidx.text.SMC_SetPowerModeStop), (8 bytes).
    Removing fsl_smc.o(.text.SMC_SetPowerModeVlpr), (26 bytes).
    Removing fsl_smc.o(.ARM.exidx.text.SMC_SetPowerModeVlpr), (8 bytes).
    Removing fsl_smc.o(.text.SMC_SetPowerModeVlpw), (30 bytes).
    Removing fsl_smc.o(.ARM.exidx.text.SMC_SetPowerModeVlpw), (8 bytes).
    Removing fsl_smc.o(.text.SMC_SetPowerModeVlps), (58 bytes).
    Removing fsl_smc.o(.ARM.exidx.text.SMC_SetPowerModeVlps), (8 bytes).
    Removing fsl_smc.o(.text.SMC_SetPowerModeLls), (58 bytes).
    Removing fsl_smc.o(.ARM.exidx.text.SMC_SetPowerModeLls), (8 bytes).
    Removing fsl_smc.o(.text.SMC_SetPowerModeVlls), (92 bytes).
    Removing fsl_smc.o(.ARM.exidx.text.SMC_SetPowerModeVlls), (8 bytes).
    Removing fsl_smc.o(.bss.g_savedPrimask), (4 bytes).
    Removing fsl_smc.o(.data.s_stopRamFuncArray), (24 bytes).
    Removing fsl_uart.o(.text), (0 bytes).
    Removing fsl_uart.o(.text.UART_GetInstance), (50 bytes).
    Removing fsl_uart.o(.ARM.exidx.text.UART_GetInstance), (8 bytes).
    Removing fsl_uart.o(.text.UART_TransferGetRxRingBufferLength), (40 bytes).
    Removing fsl_uart.o(.ARM.exidx.text.UART_TransferGetRxRingBufferLength), (8 bytes).
    Removing fsl_uart.o(.ARM.exidx.text.UART_Init), (8 bytes).
    Removing fsl_uart.o(.text.UART_Deinit), (106 bytes).
    Removing fsl_uart.o(.ARM.exidx.text.UART_Deinit), (8 bytes).
    Removing fsl_uart.o(.ARM.exidx.text.UART_GetDefaultConfig), (8 bytes).
    Removing fsl_uart.o(.text.UART_SetBaudRate), (148 bytes).
    Removing fsl_uart.o(.ARM.exidx.text.UART_SetBaudRate), (8 bytes).
    Removing fsl_uart.o(.text.UART_Enable9bitMode), (48 bytes).
    Removing fsl_uart.o(.ARM.exidx.text.UART_Enable9bitMode), (8 bytes).
    Removing fsl_uart.o(.text.UART_SendAddress), (46 bytes).
    Removing fsl_uart.o(.ARM.exidx.text.UART_SendAddress), (8 bytes).
    Removing fsl_uart.o(.text.UART_EnableInterrupts), (44 bytes).
    Removing fsl_uart.o(.ARM.exidx.text.UART_EnableInterrupts), (8 bytes).
    Removing fsl_uart.o(.text.UART_DisableInterrupts), (50 bytes).
    Removing fsl_uart.o(.ARM.exidx.text.UART_DisableInterrupts), (8 bytes).
    Removing fsl_uart.o(.text.UART_GetEnabledInterrupts), (32 bytes).
    Removing fsl_uart.o(.ARM.exidx.text.UART_GetEnabledInterrupts), (8 bytes).
    Removing fsl_uart.o(.text.UART_GetStatusFlags), (22 bytes).
    Removing fsl_uart.o(.ARM.exidx.text.UART_GetStatusFlags), (8 bytes).
    Removing fsl_uart.o(.text.UART_ClearStatusFlags), (68 bytes).
    Removing fsl_uart.o(.ARM.exidx.text.UART_ClearStatusFlags), (8 bytes).
    Removing fsl_uart.o(.ARM.exidx.text.UART_WriteBlocking), (8 bytes).
    Removing fsl_uart.o(.ARM.exidx.text.UART_ReadBlocking), (8 bytes).
    Removing fsl_uart.o(.text.UART_TransferCreateHandle), (180 bytes).
    Removing fsl_uart.o(.ARM.exidx.text.UART_TransferCreateHandle), (8 bytes).
    Removing fsl_uart.o(.text.UART_TransferHandleIRQ), (1108 bytes).
    Removing fsl_uart.o(.ARM.exidx.text.UART_TransferHandleIRQ), (8 bytes).
    Removing fsl_uart.o(.text.UART_TransferStartRingBuffer), (120 bytes).
    Removing fsl_uart.o(.ARM.exidx.text.UART_TransferStartRingBuffer), (8 bytes).
    Removing fsl_uart.o(.text.UART_TransferStopRingBuffer), (86 bytes).
    Removing fsl_uart.o(.ARM.exidx.text.UART_TransferStopRingBuffer), (8 bytes).
    Removing fsl_uart.o(.text.UART_TransferSendNonBlocking), (188 bytes).
    Removing fsl_uart.o(.ARM.exidx.text.UART_TransferSendNonBlocking), (8 bytes).
    Removing fsl_uart.o(.text.UART_TransferAbortSend), (54 bytes).
    Removing fsl_uart.o(.ARM.exidx.text.UART_TransferAbortSend), (8 bytes).
    Removing fsl_uart.o(.text.UART_TransferGetSendCount), (80 bytes).
    Removing fsl_uart.o(.ARM.exidx.text.UART_TransferGetSendCount), (8 bytes).
    Removing fsl_uart.o(.text.UART_TransferReceiveNonBlocking), (404 bytes).
    Removing fsl_uart.o(.ARM.exidx.text.UART_TransferReceiveNonBlocking), (8 bytes).
    Removing fsl_uart.o(.text.UART_TransferAbortReceive), (82 bytes).
    Removing fsl_uart.o(.ARM.exidx.text.UART_TransferAbortReceive), (8 bytes).
    Removing fsl_uart.o(.text.UART_TransferGetReceiveCount), (76 bytes).
    Removing fsl_uart.o(.ARM.exidx.text.UART_TransferGetReceiveCount), (8 bytes).
    Removing fsl_uart.o(.text.UART_EnableTxFIFO), (66 bytes).
    Removing fsl_uart.o(.ARM.exidx.text.UART_EnableTxFIFO), (8 bytes).
    Removing fsl_uart.o(.text.UART_EnableRxFIFO), (62 bytes).
    Removing fsl_uart.o(.ARM.exidx.text.UART_EnableRxFIFO), (8 bytes).
    Removing fsl_uart.o(.text.UART_TransferHandleErrorIRQ), (2 bytes).
    Removing fsl_uart.o(.ARM.exidx.text.UART_TransferHandleErrorIRQ), (8 bytes).
    Removing fsl_uart.o(.text.UART0_DriverIRQHandler), (38 bytes).
    Removing fsl_uart.o(.ARM.exidx.text.UART0_DriverIRQHandler), (8 bytes).
    Removing fsl_uart.o(.ARM.exidx.text.UART0_RX_TX_DriverIRQHandler), (8 bytes).
    Removing fsl_uart.o(.text.UART1_DriverIRQHandler), (38 bytes).
    Removing fsl_uart.o(.ARM.exidx.text.UART1_DriverIRQHandler), (8 bytes).
    Removing fsl_uart.o(.ARM.exidx.text.UART1_RX_TX_DriverIRQHandler), (8 bytes).
    Removing fsl_uart.o(.text.UART2_DriverIRQHandler), (38 bytes).
    Removing fsl_uart.o(.ARM.exidx.text.UART2_DriverIRQHandler), (8 bytes).
    Removing fsl_uart.o(.ARM.exidx.text.UART2_RX_TX_DriverIRQHandler), (8 bytes).
    Removing fsl_uart.o(.text.UART3_DriverIRQHandler), (38 bytes).
    Removing fsl_uart.o(.ARM.exidx.text.UART3_DriverIRQHandler), (8 bytes).
    Removing fsl_uart.o(.ARM.exidx.text.UART3_RX_TX_DriverIRQHandler), (8 bytes).
    Removing fsl_uart.o(.text.UART4_DriverIRQHandler), (38 bytes).
    Removing fsl_uart.o(.ARM.exidx.text.UART4_DriverIRQHandler), (8 bytes).
    Removing fsl_uart.o(.ARM.exidx.text.UART4_RX_TX_DriverIRQHandler), (8 bytes).
    Removing fsl_uart.o(.text.UART5_DriverIRQHandler), (38 bytes).
    Removing fsl_uart.o(.ARM.exidx.text.UART5_DriverIRQHandler), (8 bytes).
    Removing fsl_uart.o(.ARM.exidx.text.UART5_RX_TX_DriverIRQHandler), (8 bytes).
    Removing fsl_uart.o(.rodata.s_uartIRQ), (6 bytes).
    Removing system_mk64f12.o(.text), (0 bytes).
    Removing system_mk64f12.o(.ARM.exidx.text.SystemInit), (8 bytes).
    Removing system_mk64f12.o(.ARM.exidx.text.SystemInitHook), (8 bytes).
    Removing system_mk64f12.o(.text.SystemCoreClockUpdate), (360 bytes).
    Removing system_mk64f12.o(.ARM.exidx.text.SystemCoreClockUpdate), (8 bytes).
    Removing fsl_assert.o(.text), (0 bytes).
    Removing fsl_assert.o(.ARM.exidx.text.__aeabi_assert), (8 bytes).
    Removing fsl_debug_console.o(.text), (0 bytes).
    Removing fsl_debug_console.o(.ARM.exidx.text.DbgConsole_Init), (8 bytes).
    Removing fsl_debug_console.o(.text.DbgConsole_Deinit), (28 bytes).
    Removing fsl_debug_console.o(.ARM.exidx.text.DbgConsole_Deinit), (8 bytes).
    Removing fsl_debug_console.o(.ARM.exidx.text.DbgConsole_Printf), (8 bytes).
    Removing fsl_debug_console.o(.ARM.exidx.text.DbgConsole_Vprintf), (8 bytes).
    Removing fsl_debug_console.o(.text.DbgConsole_Putchar), (42 bytes).
    Removing fsl_debug_console.o(.ARM.exidx.text.DbgConsole_Putchar), (8 bytes).
    Removing fsl_debug_console.o(.text.DbgConsole_Scanf), (936 bytes).
    Removing fsl_debug_console.o(.ARM.exidx.text.DbgConsole_Scanf), (8 bytes).
    Removing fsl_debug_console.o(.text.DbgConsole_Getchar), (50 bytes).
    Removing fsl_debug_console.o(.ARM.exidx.text.DbgConsole_Getchar), (8 bytes).
    Removing dneg.o(.text), (6 bytes).

392 unused section(s) (total 18521 bytes) removed from the image.

==============================================================================

Image Symbol Table

    Local Symbols

    Symbol Name                              Value     Ov Type        Size  Object(Section)

    ../clib/microlib/division.c              0x00000000   Number         0  uldiv.o ABSOLUTE
    ../clib/microlib/errno.c                 0x00000000   Number         0  errno.o ABSOLUTE
    ../clib/microlib/init/entry.s            0x00000000   Number         0  entry.o ABSOLUTE
    ../clib/microlib/init/entry.s            0x00000000   Number         0  entry4.o ABSOLUTE
    ../clib/microlib/init/entry.s            0x00000000   Number         0  entry5.o ABSOLUTE
    ../clib/microlib/init/entry.s            0x00000000   Number         0  entry7a.o ABSOLUTE
    ../clib/microlib/init/entry.s            0x00000000   Number         0  entry7b.o ABSOLUTE
    ../clib/microlib/init/entry.s            0x00000000   Number         0  entry8a.o ABSOLUTE
    ../clib/microlib/init/entry.s            0x00000000   Number         0  entry8b.o ABSOLUTE
    ../clib/microlib/init/entry.s            0x00000000   Number         0  entry9a.o ABSOLUTE
    ../clib/microlib/init/entry.s            0x00000000   Number         0  entry9b.o ABSOLUTE
    ../clib/microlib/init/entry.s            0x00000000   Number         0  entry10a.o ABSOLUTE
    ../clib/microlib/init/entry.s            0x00000000   Number         0  entry10b.o ABSOLUTE
    ../clib/microlib/init/entry.s            0x00000000   Number         0  entry11a.o ABSOLUTE
    ../clib/microlib/init/entry.s            0x00000000   Number         0  entry11b.o ABSOLUTE
    ../clib/microlib/longlong.c              0x00000000   Number         0  llshl.o ABSOLUTE
    ../clib/microlib/longlong.c              0x00000000   Number         0  llushr.o ABSOLUTE
    ../clib/microlib/longlong.c              0x00000000   Number         0  llsshr.o ABSOLUTE
    ../clib/microlib/malloc/malloc.c         0x00000000   Number         0  malloc2.o ABSOLUTE
    ../clib/microlib/malloc/malloc.c         0x00000000   Number         0  mallocr2.o ABSOLUTE
    ../clib/microlib/malloc/malloc.c         0x00000000   Number         0  malloca2.o ABSOLUTE
    ../clib/microlib/malloc/malloc.c         0x00000000   Number         0  mallocra2.o ABSOLUTE
    ../clib/microlib/malloc/mvars.c          0x00000000   Number         0  mvars.o ABSOLUTE
    ../clib/microlib/string/memcpy.c         0x00000000   Number         0  memcpy.o ABSOLUTE
    ../clib/microlib/string/memcpy.c         0x00000000   Number         0  memcpyc.o ABSOLUTE
    ../clib/microlib/string/memcpy.c         0x00000000   Number         0  memcpya.o ABSOLUTE
    ../clib/microlib/string/memcpy.c         0x00000000   Number         0  memcpyb.o ABSOLUTE
    ../clib/microlib/string/memset.c         0x00000000   Number         0  memset.o ABSOLUTE
    ../clib/microlib/string/memset.c         0x00000000   Number         0  memseta.o ABSOLUTE
    ../clib/microlib/string/strlen.c         0x00000000   Number         0  strlen.o ABSOLUTE
    ../clib/microlib/stubs.s                 0x00000000   Number         0  iusefp.o ABSOLUTE
    ../fplib/microlib/fpadd.c                0x00000000   Number         0  dadd.o ABSOLUTE
    ../fplib/microlib/fpcmp.c                0x00000000   Number         0  dcmplt.o ABSOLUTE
    ../fplib/microlib/fpcmp.c                0x00000000   Number         0  dcmpgt.o ABSOLUTE
    ../fplib/microlib/fpcmp.c                0x00000000   Number         0  dcmpeq.o ABSOLUTE
    ../fplib/microlib/fpdiv.c                0x00000000   Number         0  ddiv.o ABSOLUTE
    ../fplib/microlib/fpepilogue.c           0x00000000   Number         0  depilogue.o ABSOLUTE
    ../fplib/microlib/fpfix.c                0x00000000   Number         0  dfixi.o ABSOLUTE
    ../fplib/microlib/fpfix.c                0x00000000   Number         0  dfixl.o ABSOLUTE
    ../fplib/microlib/fpflt.c                0x00000000   Number         0  dflti.o ABSOLUTE
    ../fplib/microlib/fpflt.c                0x00000000   Number         0  dfltui.o ABSOLUTE
    ../fplib/microlib/fpflt.c                0x00000000   Number         0  dfltl.o ABSOLUTE
    ../fplib/microlib/fpmul.c                0x00000000   Number         0  dmul.o ABSOLUTE
    ../fplib/microlib/fpneg.c                0x00000000   Number         0  dneg.o ABSOLUTE
    ../fplib/microlib/fpscalb.c              0x00000000   Number         0  dscalb.o ABSOLUTE
    ../fplib/microlib/fpsqrt.c               0x00000000   Number         0  dsqrt.o ABSOLUTE
    ../mathlib/dunder.c                      0x00000000   Number         0  dunder.o ABSOLUTE
    ../mathlib/fabs.c                        0x00000000   Number         0  fabs.o ABSOLUTE
    ../mathlib/fpclassify.c                  0x00000000   Number         0  fpclassify.o ABSOLUTE
    ../mathlib/modf.c                        0x00000000   Number         0  modf.o ABSOLUTE
    ../mathlib/poly.c                        0x00000000   Number         0  poly.o ABSOLUTE
    ../mathlib/pow.c                         0x00000000   Number         0  pow.o ABSOLUTE
    ../mathlib/qnan.c                        0x00000000   Number         0  qnan.o ABSOLUTE
    ../mathlib/sqrt.c                        0x00000000   Number         0  sqrt.o ABSOLUTE
    adc16_interrupt.c                        0x00000000   Number         0  adc16_interrupt.o ABSOLUTE
    board.c                                  0x00000000   Number         0  board.o ABSOLUTE
    cdrcmple.s                               0x00000000   Number         0  cdrcmple.o ABSOLUTE
    clock_config.c                           0x00000000   Number         0  clock_config.o ABSOLUTE
    dc.s                                     0x00000000   Number         0  dc.o ABSOLUTE
    fsl_adapter_uart.c                       0x00000000   Number         0  fsl_adapter_uart.o ABSOLUTE
    fsl_adc16.c                              0x00000000   Number         0  fsl_adc16.o ABSOLUTE
    fsl_assert.c                             0x00000000   Number         0  fsl_assert.o ABSOLUTE
    fsl_clock.c                              0x00000000   Number         0  fsl_clock.o ABSOLUTE
    fsl_common.c                             0x00000000   Number         0  fsl_common.o ABSOLUTE
    fsl_common_arm.c                         0x00000000   Number         0  fsl_common_arm.o ABSOLUTE
    fsl_component_generic_list.c             0x00000000   Number         0  fsl_component_generic_list.o ABSOLUTE
    fsl_debug_console.c                      0x00000000   Number         0  fsl_debug_console.o ABSOLUTE
    fsl_ftfx_cache.c                         0x00000000   Number         0  fsl_ftfx_cache.o ABSOLUTE
    fsl_ftfx_controller.c                    0x00000000   Number         0  fsl_ftfx_controller.o ABSOLUTE
    fsl_ftfx_flash.c                         0x00000000   Number         0  fsl_ftfx_flash.o ABSOLUTE
    fsl_ftfx_flexnvm.c                       0x00000000   Number         0  fsl_ftfx_flexnvm.o ABSOLUTE
    fsl_gpio.c                               0x00000000   Number         0  fsl_gpio.o ABSOLUTE
    fsl_smc.c                                0x00000000   Number         0  fsl_smc.o ABSOLUTE
    fsl_uart.c                               0x00000000   Number         0  fsl_uart.o ABSOLUTE
    handlers.s                               0x00000000   Number         0  handlers.o ABSOLUTE
    init.s                                   0x00000000   Number         0  init.o ABSOLUTE
    pin_mux.c                                0x00000000   Number         0  pin_mux.o ABSOLUTE
    system_MK64F12.c                         0x00000000   Number         0  system_mk64f12.o ABSOLUTE
    .ARM.Collect$$$$00000000                 0x00000410   Section        0  entry.o(.ARM.Collect$$$$00000000)
    .ARM.Collect$$$$00000003                 0x00000410   Section        4  entry4.o(.ARM.Collect$$$$00000003)
    .ARM.Collect$$$$00000004                 0x00000414   Section        4  entry5.o(.ARM.Collect$$$$00000004)
    .ARM.Collect$$$$00000008                 0x00000418   Section        0  entry7b.o(.ARM.Collect$$$$00000008)
    .ARM.Collect$$$$0000000A                 0x00000418   Section        0  entry8b.o(.ARM.Collect$$$$0000000A)
    .ARM.Collect$$$$0000000B                 0x00000418   Section        8  entry9a.o(.ARM.Collect$$$$0000000B)
    __lit__00000000                          0x00000420   Data           4  entry4.o(.ARM.Collect$$$$00002714)
    .ARM.Collect$$$$0000000D                 0x00000420   Section        0  entry10a.o(.ARM.Collect$$$$0000000D)
    .ARM.Collect$$$$0000000F                 0x00000420   Section        0  entry11a.o(.ARM.Collect$$$$0000000F)
    .ARM.Collect$$$$00002714                 0x00000420   Section        4  entry4.o(.ARM.Collect$$$$00002714)
    [Anonymous Symbol]                       0x00000424   Section        0  startup_mk64f12.o(.text)
    .text                                    0x000005ec   Section        0  memcpy.o(.text)
    .text                                    0x00000614   Section        0  memset.o(.text)
    .text                                    0x00000626   Section        0  strlen.o(.text)
    .text                                    0x00000634   Section        0  dadd.o(.text)
    .text                                    0x00000782   Section        0  dmul.o(.text)
    .text                                    0x00000866   Section        0  ddiv.o(.text)
    .text                                    0x00000944   Section        0  dcmplt.o(.text)
    .text                                    0x0000097a   Section        0  dcmpgt.o(.text)
    .text                                    0x000009b0   Section        0  dcmpeq.o(.text)
    .text                                    0x000009e8   Section        0  dflti.o(.text)
    .text                                    0x00000a0a   Section        0  dfltui.o(.text)
    .text                                    0x00000a24   Section        0  dfltl.o(.text)
    .text                                    0x00000a4c   Section        0  dfixi.o(.text)
    .text                                    0x00000a8a   Section        0  dfixl.o(.text)
    .text                                    0x00000ad4   Section        0  llshl.o(.text)
    .text                                    0x00000af2   Section        0  llushr.o(.text)
    .text                                    0x00000b12   Section        0  llsshr.o(.text)
    .text                                    0x00000b36   Section        0  iusefp.o(.text)
    .text                                    0x00000b36   Section        0  depilogue.o(.text)
    .text                                    0x00000bf0   Section        0  dscalb.o(.text)
    .text                                    0x00000c20   Section       48  cdrcmple.o(.text)
    .text                                    0x00000c50   Section       48  init.o(.text)
    .text                                    0x00000c80   Section        0  dsqrt.o(.text)
    [Anonymous Symbol]                       0x00000d24   Section        0  fsl_adc16.o(.text.ADC16_DoAutoCalibration)
    [Anonymous Symbol]                       0x00000db0   Section        0  fsl_adc16.o(.text.ADC16_GetChannelStatusFlags)
    [Anonymous Symbol]                       0x00000dd8   Section        0  fsl_adc16.o(.text.ADC16_GetDefaultConfig)
    [Anonymous Symbol]                       0x00000e14   Section        0  fsl_adc16.o(.text.ADC16_Init)
    [Anonymous Symbol]                       0x00000f08   Section        0  fsl_adc16.o(.text.ADC16_SetChannelConfig)
    [Anonymous Symbol]                       0x00000f64   Section        0  clock_config.o(.text.BOARD_InitBootClocks)
    [Anonymous Symbol]                       0x00000fe0   Section        0  pin_mux.o(.text.BOARD_InitBootPins)
    [Anonymous Symbol]                       0x00001038   Section        0  board.o(.text.BOARD_InitDebugConsole)
    [Anonymous Symbol]                       0x00001050   Section        0  fsl_clock.o(.text.CLOCK_BootToPeeMode)
    [Anonymous Symbol]                       0x00001130   Section        0  fsl_clock.o(.text.CLOCK_GetCoreSysClkFreq)
    CLOCK_GetFllRefClkFreq                   0x0000114d   Thumb Code   220  fsl_clock.o(.text.CLOCK_GetFllRefClkFreq)
    [Anonymous Symbol]                       0x0000114c   Section        0  fsl_clock.o(.text.CLOCK_GetFllRefClkFreq)
    [Anonymous Symbol]                       0x00001228   Section        0  fsl_clock.o(.text.CLOCK_GetOutClkFreq)
    [Anonymous Symbol]                       0x0000131c   Section        0  fsl_clock.o(.text.CLOCK_GetPll0Freq)
    [Anonymous Symbol]                       0x000013d0   Section        0  fsl_clock.o(.text.CLOCK_InitOsc0)
    [Anonymous Symbol]                       0x00001448   Section        0  fsl_clock.o(.text.CLOCK_SetInternalRefClkConfig)
    [Anonymous Symbol]                       0x000014dc   Section        0  fsl_clock.o(.text.CLOCK_SetSimConfig)
    [Anonymous Symbol]                       0x00001508   Section        0  fsl_debug_console.o(.text.DbgConsole_Init)
    [Anonymous Symbol]                       0x00001558   Section        0  fsl_debug_console.o(.text.DbgConsole_Printf)
    [Anonymous Symbol]                       0x00001578   Section        0  fsl_debug_console.o(.text.DbgConsole_Vprintf)
    [Anonymous Symbol]                       0x00001c50   Section        0  fsl_gpio.o(.text.GPIO_PinInit)
    [Anonymous Symbol]                       0x00001ca0   Section        0  fsl_gpio.o(.text.GPIO_PortClearInterruptFlags)
    [Anonymous Symbol]                       0x00001ce4   Section        0  fsl_adapter_uart.o(.text.HAL_UartInit)
    [Anonymous Symbol]                       0x00001dd0   Section        0  fsl_adapter_uart.o(.text.HAL_UartReceiveBlocking)
    [Anonymous Symbol]                       0x00001e3c   Section        0  fsl_adapter_uart.o(.text.HAL_UartSendBlocking)
    [Anonymous Symbol]                       0x00001ea8   Section        0  adc16_interrupt.o(.text.PORTB_IRQHandler)
    [Anonymous Symbol]                       0x00001f60   Section        0  system_mk64f12.o(.text.SystemInit)
    [Anonymous Symbol]                       0x00001f90   Section        0  system_mk64f12.o(.text.SystemInitHook)
    [Anonymous Symbol]                       0x00001f94   Section        0  fsl_uart.o(.text.UART0_RX_TX_DriverIRQHandler)
    [Anonymous Symbol]                       0x00001fc0   Section        0  fsl_uart.o(.text.UART1_RX_TX_DriverIRQHandler)
    [Anonymous Symbol]                       0x00001fec   Section        0  fsl_uart.o(.text.UART2_RX_TX_DriverIRQHandler)
    [Anonymous Symbol]                       0x00002018   Section        0  fsl_uart.o(.text.UART3_RX_TX_DriverIRQHandler)
    [Anonymous Symbol]                       0x00002044   Section        0  fsl_uart.o(.text.UART4_RX_TX_DriverIRQHandler)
    [Anonymous Symbol]                       0x00002070   Section        0  fsl_uart.o(.text.UART5_RX_TX_DriverIRQHandler)
    [Anonymous Symbol]                       0x0000209c   Section        0  fsl_uart.o(.text.UART_GetDefaultConfig)
    [Anonymous Symbol]                       0x000020d4   Section        0  fsl_uart.o(.text.UART_Init)
    [Anonymous Symbol]                       0x000022e4   Section        0  fsl_uart.o(.text.UART_ReadBlocking)
    [Anonymous Symbol]                       0x00002424   Section        0  fsl_uart.o(.text.UART_WriteBlocking)
    [Anonymous Symbol]                       0x00002448   Section        0  fsl_assert.o(.text.__aeabi_assert)
    [Anonymous Symbol]                       0x00002488   Section        0  adc16_interrupt.o(.text.main)
    i.__ARM_fpclassify                       0x00002630   Section        0  fpclassify.o(i.__ARM_fpclassify)
    i.__hardfp_modf                          0x00002660   Section        0  modf.o(i.__hardfp_modf)
    i.__hardfp_pow                           0x00002730   Section        0  pow.o(i.__hardfp_pow)
    i.__kernel_poly                          0x00003390   Section        0  poly.o(i.__kernel_poly)
    i.__mathlib_dbl_divzero                  0x00003488   Section        0  dunder.o(i.__mathlib_dbl_divzero)
    i.__mathlib_dbl_infnan2                  0x000034b8   Section        0  dunder.o(i.__mathlib_dbl_infnan2)
    i.__mathlib_dbl_invalid                  0x000034d0   Section        0  dunder.o(i.__mathlib_dbl_invalid)
    i.__mathlib_dbl_overflow                 0x000034f0   Section        0  dunder.o(i.__mathlib_dbl_overflow)
    i.__mathlib_dbl_underflow                0x00003510   Section        0  dunder.o(i.__mathlib_dbl_underflow)
    i.__scatterload_copy                     0x00003530   Section       14  handlers.o(i.__scatterload_copy)
    i.__scatterload_null                     0x0000353e   Section        2  handlers.o(i.__scatterload_null)
    i.__scatterload_zeroinit                 0x00003540   Section       14  handlers.o(i.__scatterload_zeroinit)
    i.__set_errno                            0x00003550   Section        0  errno.o(i.__set_errno)
    i.fabs                                   0x0000355c   Section        0  fabs.o(i.fabs)
    i.sqrt                                   0x00003574   Section        0  sqrt.o(i.sqrt)
    bp                                       0x000035e8   Data          16  pow.o(.constdata)
    .constdata                               0x000035e8   Section      136  pow.o(.constdata)
    dp_h                                     0x000035f8   Data          16  pow.o(.constdata)
    dp_l                                     0x00003608   Data          16  pow.o(.constdata)
    L                                        0x00003618   Data          48  pow.o(.constdata)
    P                                        0x00003648   Data          40  pow.o(.constdata)
    .constdata                               0x00003670   Section        8  qnan.o(.constdata)
    CLOCK_GetFllFreq.fllFactorTable          0x00003678   Data          16  fsl_clock.o(.rodata.cst16)
    [Anonymous Symbol]                       0x00003678   Section        0  fsl_clock.o(.rodata.cst16)
    CLOCK_TrimInternalRefClk.trimRange       0x00003688   Data          16  fsl_clock.o(.rodata.cst16)
    .Lswitch.table.UART_Init.19              0x00003698   Data          16  fsl_uart.o(.rodata.cst16)
    s_adc16Clocks                            0x000036a8   Data           8  fsl_adc16.o(.rodata.cst8)
    [Anonymous Symbol]                       0x000036a8   Section        0  fsl_adc16.o(.rodata.cst8)
    s_adc16Bases                             0x000036b0   Data           8  fsl_adc16.o(.rodata.cst8)
    s_UartAdapterBase                        0x000036cc   Data          24  fsl_adapter_uart.o(.rodata.s_UartAdapterBase)
    [Anonymous Symbol]                       0x000036cc   Section        0  fsl_adapter_uart.o(.rodata.s_UartAdapterBase)
    s_gpioBases                              0x000036e4   Data          20  fsl_gpio.o(.rodata.s_gpioBases)
    [Anonymous Symbol]                       0x000036e4   Section        0  fsl_gpio.o(.rodata.s_gpioBases)
    s_portBases                              0x000036f8   Data          20  fsl_gpio.o(.rodata.s_portBases)
    [Anonymous Symbol]                       0x000036f8   Section        0  fsl_gpio.o(.rodata.s_portBases)
    s_uartBases                              0x0000370c   Data          24  fsl_uart.o(.rodata.s_uartBases)
    [Anonymous Symbol]                       0x0000370c   Section        0  fsl_uart.o(.rodata.s_uartBases)
    s_uartClock                              0x00003724   Data          24  fsl_uart.o(.rodata.s_uartClock)
    [Anonymous Symbol]                       0x00003724   Section        0  fsl_uart.o(.rodata.s_uartClock)
    .L.str.7                                 0x00003744   Data          18  adc16_interrupt.o(.rodata.str1.1)
    [Anonymous Symbol]                       0x00003744   Section        0  adc16_interrupt.o(.rodata.str1.1)
    .L.str.3                                 0x00003756   Data          51  adc16_interrupt.o(.rodata.str1.1)
    .L.str.1                                 0x00003789   Data           6  adc16_interrupt.o(.rodata.str1.1)
    .L.str.3                                 0x0000378f   Data          69  fsl_adapter_uart.o(.rodata.str1.1)
    [Anonymous Symbol]                       0x0000378f   Section        0  fsl_adapter_uart.o(.rodata.str1.1)
    .L.str.5                                 0x000037d4   Data           5  fsl_adapter_uart.o(.rodata.str1.1)
    .L.str.1                                 0x000037d9   Data          96  fsl_adapter_uart.o(.rodata.str1.1)
    .L.str                                   0x00003839   Data           7  fsl_adapter_uart.o(.rodata.str1.1)
    .L.str.6                                 0x00003840   Data           7  fsl_adapter_uart.o(.rodata.str1.1)
    .L.str.4                                 0x00003847   Data          36  fsl_adc16.o(.rodata.str1.1)
    [Anonymous Symbol]                       0x00003847   Section        0  fsl_adc16.o(.rodata.str1.1)
    .L.str.3                                 0x0000386b   Data          29  fsl_adc16.o(.rodata.str1.1)
    .L.str.1                                 0x00003888   Data          81  fsl_adc16.o(.rodata.str1.1)
    .L.str                                   0x000038d9   Data          15  fsl_adc16.o(.rodata.str1.1)
    .L.str.4                                 0x000038e1   Data           7  fsl_adc16.o(.rodata.str1.1)
    .L.str                                   0x000038e8   Data          12  fsl_clock.o(.rodata.str1.1)
    .L.str.1                                 0x000038e8   Data          81  fsl_clock.o(.rodata.str1.1)
    [Anonymous Symbol]                       0x000038e8   Section        0  fsl_clock.o(.rodata.str1.1)
    .L.str.6                                 0x00003939   Data          18  fsl_clock.o(.rodata.str1.1)
    .L.str.2                                 0x00003945   Data          13  fsl_clock.o(.rodata.str1.1)
    .L.str.7                                 0x0000394b   Data          19  fsl_clock.o(.rodata.str1.1)
    .L.str.2                                 0x0000395e   Data          35  fsl_gpio.o(.rodata.str1.1)
    [Anonymous Symbol]                       0x0000395e   Section        0  fsl_gpio.o(.rodata.str1.1)
    .L.str.1                                 0x00003981   Data          80  fsl_gpio.o(.rodata.str1.1)
    .L.str.9                                 0x000039d1   Data          13  fsl_uart.o(.rodata.str1.1)
    [Anonymous Symbol]                       0x000039d1   Section        0  fsl_uart.o(.rodata.str1.1)
    .L.str.3                                 0x000039fa   Data          15  fsl_uart.o(.rodata.str1.1)
    .L.str.1                                 0x00003a39   Data          80  fsl_uart.o(.rodata.str1.1)
    .L.str.2                                 0x00003a3b   Data          15  fsl_uart.o(.rodata.str1.1)
    .L.str.6                                 0x00003a89   Data          70  fsl_uart.o(.rodata.str1.1)
    .L.str.5                                 0x00003acf   Data          70  fsl_uart.o(.rodata.str1.1)
    .L.str.8                                 0x00003ae5   Data          13  fsl_uart.o(.rodata.str1.1)
    .L.str.11                                0x00003aff   Data          13  fsl_uart.o(.rodata.str1.1)
    .L.str.12                                0x00003b0c   Data          21  fsl_uart.o(.rodata.str1.1)
    .L.str                                   0x00003b15   Data          26  fsl_uart.o(.rodata.str1.1)
    .L.str.14                                0x00003b21   Data          14  fsl_uart.o(.rodata.str1.1)
    _errno                                   0x20000000   Data           4  errno.o(.data)
    .data                                    0x20000000   Section        4  errno.o(.data)
    s_fastIrcFreq                            0x20000008   Data           4  fsl_clock.o(.data.s_fastIrcFreq)
    [Anonymous Symbol]                       0x20000008   Section        0  fsl_clock.o(.data.s_fastIrcFreq)
    s_slowIrcFreq                            0x2000000c   Data           4  fsl_clock.o(.data.s_slowIrcFreq)
    [Anonymous Symbol]                       0x2000000c   Section        0  fsl_clock.o(.data.s_slowIrcFreq)
    s_debugConsole                           0x2000001c   Data          20  fsl_debug_console.o(.bss.s_debugConsole)
    [Anonymous Symbol]                       0x2000001c   Section        0  fsl_debug_console.o(.bss.s_debugConsole)
    VTOR                                     0xe000ed08   Number         0  startup_mk64f12.o ABSOLUTE

    Global Symbols

    Symbol Name                              Value     Ov Type        Size  Object(Section)

    BuildAttributes$$THM_ISAv4$E$P$D$K$B$S$7EM$VFPi3$EXTD16$VFPS$VFMA$PE$A:L22UL41UL21$X:L11$S22US41US21$IEEE1$IW$USESV6$~STKCKD$USESV7$~SHL$OTIME$ROPI$IEEEX$EBA8$MICROLIB$REQ8$PRES8$EABIv2 0x00000000   Number         0  anon$$obj.o ABSOLUTE
    __Vectors                                0x00000000   Number      1024  startup_mk64f12.o(.isr_vector)
    __cpp_initialize__aeabi_                  - Undefined Weak Reference
    __cxa_finalize                            - Undefined Weak Reference
    __decompress                              - Undefined Weak Reference
    _clock_init                               - Undefined Weak Reference
    _microlib_exit                            - Undefined Weak Reference
    __main                                   0x00000411   Thumb Code     0  entry.o(.ARM.Collect$$$$00000000)
    _main_stk                                0x00000411   Thumb Code     0  entry4.o(.ARM.Collect$$$$00000003)
    _main_scatterload                        0x00000415   Thumb Code     0  entry5.o(.ARM.Collect$$$$00000004)
    __main_after_scatterload                 0x00000419   Thumb Code     0  entry5.o(.ARM.Collect$$$$00000004)
    _main_clock                              0x00000419   Thumb Code     0  entry7b.o(.ARM.Collect$$$$00000008)
    _main_cpp_init                           0x00000419   Thumb Code     0  entry8b.o(.ARM.Collect$$$$0000000A)
    _main_init                               0x00000419   Thumb Code     0  entry9a.o(.ARM.Collect$$$$0000000B)
    __rt_final_cpp                           0x00000421   Thumb Code     0  entry10a.o(.ARM.Collect$$$$0000000D)
    __rt_final_exit                          0x00000421   Thumb Code     0  entry11a.o(.ARM.Collect$$$$0000000F)
    Reset_Handler                            0x00000425   Thumb Code    40  startup_mk64f12.o(.text)
    ADC0_IRQHandler                          0x0000044d   Thumb Code     4  startup_mk64f12.o(.text)
    ADC1_IRQHandler                          0x0000044d   Thumb Code     4  startup_mk64f12.o(.text)
    BusFault_Handler                         0x0000044d   Thumb Code     4  startup_mk64f12.o(.text)
    CAN0_DriverIRQHandler                    0x0000044d   Thumb Code     4  startup_mk64f12.o(.text)
    CMP0_IRQHandler                          0x0000044d   Thumb Code     4  startup_mk64f12.o(.text)
    CMP1_IRQHandler                          0x0000044d   Thumb Code     4  startup_mk64f12.o(.text)
    CMP2_IRQHandler                          0x0000044d   Thumb Code     4  startup_mk64f12.o(.text)
    CMT_IRQHandler                           0x0000044d   Thumb Code     4  startup_mk64f12.o(.text)
    DAC0_IRQHandler                          0x0000044d   Thumb Code     4  startup_mk64f12.o(.text)
    DAC1_IRQHandler                          0x0000044d   Thumb Code     4  startup_mk64f12.o(.text)
    DMA0_DriverIRQHandler                    0x0000044d   Thumb Code     4  startup_mk64f12.o(.text)
    DMA10_DriverIRQHandler                   0x0000044d   Thumb Code     4  startup_mk64f12.o(.text)
    DMA11_DriverIRQHandler                   0x0000044d   Thumb Code     4  startup_mk64f12.o(.text)
    DMA12_DriverIRQHandler                   0x0000044d   Thumb Code     4  startup_mk64f12.o(.text)
    DMA13_DriverIRQHandler                   0x0000044d   Thumb Code     4  startup_mk64f12.o(.text)
    DMA14_DriverIRQHandler                   0x0000044d   Thumb Code     4  startup_mk64f12.o(.text)
    DMA15_DriverIRQHandler                   0x0000044d   Thumb Code     4  startup_mk64f12.o(.text)
    DMA1_DriverIRQHandler                    0x0000044d   Thumb Code     4  startup_mk64f12.o(.text)
    DMA2_DriverIRQHandler                    0x0000044d   Thumb Code     4  startup_mk64f12.o(.text)
    DMA3_DriverIRQHandler                    0x0000044d   Thumb Code     4  startup_mk64f12.o(.text)
    DMA4_DriverIRQHandler                    0x0000044d   Thumb Code     4  startup_mk64f12.o(.text)
    DMA5_DriverIRQHandler                    0x0000044d   Thumb Code     4  startup_mk64f12.o(.text)
    DMA6_DriverIRQHandler                    0x0000044d   Thumb Code     4  startup_mk64f12.o(.text)
    DMA7_DriverIRQHandler                    0x0000044d   Thumb Code     4  startup_mk64f12.o(.text)
    DMA8_DriverIRQHandler                    0x0000044d   Thumb Code     4  startup_mk64f12.o(.text)
    DMA9_DriverIRQHandler                    0x0000044d   Thumb Code     4  startup_mk64f12.o(.text)
    DMA_Error_DriverIRQHandler               0x0000044d   Thumb Code     4  startup_mk64f12.o(.text)
    DebugMon_Handler                         0x0000044d   Thumb Code     4  startup_mk64f12.o(.text)
    DefaultISR                               0x0000044d   Thumb Code     4  startup_mk64f12.o(.text)
    ENET_1588_Timer_DriverIRQHandler         0x0000044d   Thumb Code     4  startup_mk64f12.o(.text)
    ENET_Error_DriverIRQHandler              0x0000044d   Thumb Code     4  startup_mk64f12.o(.text)
    ENET_Receive_DriverIRQHandler            0x0000044d   Thumb Code     4  startup_mk64f12.o(.text)
    ENET_Transmit_DriverIRQHandler           0x0000044d   Thumb Code     4  startup_mk64f12.o(.text)
    FTFE_IRQHandler                          0x0000044d   Thumb Code     4  startup_mk64f12.o(.text)
    FTM0_IRQHandler                          0x0000044d   Thumb Code     4  startup_mk64f12.o(.text)
    FTM1_IRQHandler                          0x0000044d   Thumb Code     4  startup_mk64f12.o(.text)
    FTM2_IRQHandler                          0x0000044d   Thumb Code     4  startup_mk64f12.o(.text)
    FTM3_IRQHandler                          0x0000044d   Thumb Code     4  startup_mk64f12.o(.text)
    I2C0_DriverIRQHandler                    0x0000044d   Thumb Code     4  startup_mk64f12.o(.text)
    I2C1_DriverIRQHandler                    0x0000044d   Thumb Code     4  startup_mk64f12.o(.text)
    I2C2_DriverIRQHandler                    0x0000044d   Thumb Code     4  startup_mk64f12.o(.text)
    I2S0_Rx_DriverIRQHandler                 0x0000044d   Thumb Code     4  startup_mk64f12.o(.text)
    I2S0_Tx_DriverIRQHandler                 0x0000044d   Thumb Code     4  startup_mk64f12.o(.text)
    LLWU_IRQHandler                          0x0000044d   Thumb Code     4  startup_mk64f12.o(.text)
    LPTMR0_IRQHandler                        0x0000044d   Thumb Code     4  startup_mk64f12.o(.text)
    LVD_LVW_IRQHandler                       0x0000044d   Thumb Code     4  startup_mk64f12.o(.text)
    MCG_IRQHandler                           0x0000044d   Thumb Code     4  startup_mk64f12.o(.text)
    MCM_IRQHandler                           0x0000044d   Thumb Code     4  startup_mk64f12.o(.text)
    MemManage_Handler                        0x0000044d   Thumb Code     4  startup_mk64f12.o(.text)
    PDB0_IRQHandler                          0x0000044d   Thumb Code     4  startup_mk64f12.o(.text)
    PIT0_IRQHandler                          0x0000044d   Thumb Code     4  startup_mk64f12.o(.text)
    PIT1_IRQHandler                          0x0000044d   Thumb Code     4  startup_mk64f12.o(.text)
    PIT2_IRQHandler                          0x0000044d   Thumb Code     4  startup_mk64f12.o(.text)
    PIT3_IRQHandler                          0x0000044d   Thumb Code     4  startup_mk64f12.o(.text)
    PORTA_IRQHandler                         0x0000044d   Thumb Code     4  startup_mk64f12.o(.text)
    PORTC_IRQHandler                         0x0000044d   Thumb Code     4  startup_mk64f12.o(.text)
    PORTD_IRQHandler                         0x0000044d   Thumb Code     4  startup_mk64f12.o(.text)
    PORTE_IRQHandler                         0x0000044d   Thumb Code     4  startup_mk64f12.o(.text)
    RNG_IRQHandler                           0x0000044d   Thumb Code     4  startup_mk64f12.o(.text)
    RTC_IRQHandler                           0x0000044d   Thumb Code     4  startup_mk64f12.o(.text)
    RTC_Seconds_IRQHandler                   0x0000044d   Thumb Code     4  startup_mk64f12.o(.text)
    Read_Collision_IRQHandler                0x0000044d   Thumb Code     4  startup_mk64f12.o(.text)
    Reserved71_IRQHandler                    0x0000044d   Thumb Code     4  startup_mk64f12.o(.text)
    SDHC_DriverIRQHandler                    0x0000044d   Thumb Code     4  startup_mk64f12.o(.text)
    SPI0_DriverIRQHandler                    0x0000044d   Thumb Code     4  startup_mk64f12.o(.text)
    SPI1_DriverIRQHandler                    0x0000044d   Thumb Code     4  startup_mk64f12.o(.text)
    SPI2_DriverIRQHandler                    0x0000044d   Thumb Code     4  startup_mk64f12.o(.text)
    SWI_IRQHandler                           0x0000044d   Thumb Code     4  startup_mk64f12.o(.text)
    UART0_ERR_DriverIRQHandler               0x0000044d   Thumb Code     4  startup_mk64f12.o(.text)
    UART0_LON_DriverIRQHandler               0x0000044d   Thumb Code     4  startup_mk64f12.o(.text)
    UART1_ERR_DriverIRQHandler               0x0000044d   Thumb Code     4  startup_mk64f12.o(.text)
    UART2_ERR_DriverIRQHandler               0x0000044d   Thumb Code     4  startup_mk64f12.o(.text)
    UART3_ERR_DriverIRQHandler               0x0000044d   Thumb Code     4  startup_mk64f12.o(.text)
    UART4_ERR_DriverIRQHandler               0x0000044d   Thumb Code     4  startup_mk64f12.o(.text)
    UART5_ERR_DriverIRQHandler               0x0000044d   Thumb Code     4  startup_mk64f12.o(.text)
    USB0_IRQHandler                          0x0000044d   Thumb Code     4  startup_mk64f12.o(.text)
    USBDCD_IRQHandler                        0x0000044d   Thumb Code     4  startup_mk64f12.o(.text)
    UsageFault_Handler                       0x0000044d   Thumb Code     4  startup_mk64f12.o(.text)
    WDOG_EWM_IRQHandler                      0x0000044d   Thumb Code     4  startup_mk64f12.o(.text)
    NMI_Handler                              0x00000451   Thumb Code     4  startup_mk64f12.o(.text)
    HardFault_Handler                        0x00000455   Thumb Code     4  startup_mk64f12.o(.text)
    SVC_Handler                              0x00000459   Thumb Code     4  startup_mk64f12.o(.text)
    PendSV_Handler                           0x0000045d   Thumb Code     4  startup_mk64f12.o(.text)
    SysTick_Handler                          0x00000461   Thumb Code     4  startup_mk64f12.o(.text)
    DMA0_IRQHandler                          0x00000465   Thumb Code     4  startup_mk64f12.o(.text)
    DMA1_IRQHandler                          0x00000469   Thumb Code     4  startup_mk64f12.o(.text)
    DMA2_IRQHandler                          0x0000046d   Thumb Code     4  startup_mk64f12.o(.text)
    DMA3_IRQHandler                          0x00000471   Thumb Code     4  startup_mk64f12.o(.text)
    DMA4_IRQHandler                          0x00000475   Thumb Code     4  startup_mk64f12.o(.text)
    DMA5_IRQHandler                          0x00000479   Thumb Code     4  startup_mk64f12.o(.text)
    DMA6_IRQHandler                          0x0000047d   Thumb Code     4  startup_mk64f12.o(.text)
    DMA7_IRQHandler                          0x00000481   Thumb Code     4  startup_mk64f12.o(.text)
    DMA8_IRQHandler                          0x00000485   Thumb Code     4  startup_mk64f12.o(.text)
    DMA9_IRQHandler                          0x00000489   Thumb Code     4  startup_mk64f12.o(.text)
    DMA10_IRQHandler                         0x0000048d   Thumb Code     4  startup_mk64f12.o(.text)
    DMA11_IRQHandler                         0x00000491   Thumb Code     4  startup_mk64f12.o(.text)
    DMA12_IRQHandler                         0x00000495   Thumb Code     4  startup_mk64f12.o(.text)
    DMA13_IRQHandler                         0x00000499   Thumb Code     4  startup_mk64f12.o(.text)
    DMA14_IRQHandler                         0x0000049d   Thumb Code     4  startup_mk64f12.o(.text)
    DMA15_IRQHandler                         0x000004a1   Thumb Code     4  startup_mk64f12.o(.text)
    DMA_Error_IRQHandler                     0x000004a5   Thumb Code     4  startup_mk64f12.o(.text)
    I2C0_IRQHandler                          0x000004a9   Thumb Code     4  startup_mk64f12.o(.text)
    I2C1_IRQHandler                          0x000004ad   Thumb Code     4  startup_mk64f12.o(.text)
    SPI0_IRQHandler                          0x000004b1   Thumb Code     4  startup_mk64f12.o(.text)
    SPI1_IRQHandler                          0x000004b5   Thumb Code     4  startup_mk64f12.o(.text)
    I2S0_Tx_IRQHandler                       0x000004b9   Thumb Code     4  startup_mk64f12.o(.text)
    I2S0_Rx_IRQHandler                       0x000004bd   Thumb Code     4  startup_mk64f12.o(.text)
    UART0_LON_IRQHandler                     0x000004c1   Thumb Code     4  startup_mk64f12.o(.text)
    UART0_RX_TX_IRQHandler                   0x000004c5   Thumb Code     4  startup_mk64f12.o(.text)
    UART0_ERR_IRQHandler                     0x000004c9   Thumb Code     4  startup_mk64f12.o(.text)
    UART1_RX_TX_IRQHandler                   0x000004cd   Thumb Code     4  startup_mk64f12.o(.text)
    UART1_ERR_IRQHandler                     0x000004d1   Thumb Code     4  startup_mk64f12.o(.text)
    UART2_RX_TX_IRQHandler                   0x000004d5   Thumb Code     4  startup_mk64f12.o(.text)
    UART2_ERR_IRQHandler                     0x000004d9   Thumb Code     4  startup_mk64f12.o(.text)
    UART3_RX_TX_IRQHandler                   0x000004dd   Thumb Code     4  startup_mk64f12.o(.text)
    UART3_ERR_IRQHandler                     0x000004e1   Thumb Code     4  startup_mk64f12.o(.text)
    SPI2_IRQHandler                          0x000004e5   Thumb Code     4  startup_mk64f12.o(.text)
    UART4_RX_TX_IRQHandler                   0x000004e9   Thumb Code     4  startup_mk64f12.o(.text)
    UART4_ERR_IRQHandler                     0x000004ed   Thumb Code     4  startup_mk64f12.o(.text)
    UART5_RX_TX_IRQHandler                   0x000004f1   Thumb Code     4  startup_mk64f12.o(.text)
    UART5_ERR_IRQHandler                     0x000004f5   Thumb Code     4  startup_mk64f12.o(.text)
    I2C2_IRQHandler                          0x000004f9   Thumb Code     4  startup_mk64f12.o(.text)
    CAN0_ORed_Message_buffer_IRQHandler      0x000004fd   Thumb Code     4  startup_mk64f12.o(.text)
    CAN0_Bus_Off_IRQHandler                  0x00000501   Thumb Code     4  startup_mk64f12.o(.text)
    CAN0_Error_IRQHandler                    0x00000505   Thumb Code     4  startup_mk64f12.o(.text)
    CAN0_Tx_Warning_IRQHandler               0x00000509   Thumb Code     4  startup_mk64f12.o(.text)
    CAN0_Rx_Warning_IRQHandler               0x0000050d   Thumb Code     4  startup_mk64f12.o(.text)
    CAN0_Wake_Up_IRQHandler                  0x00000511   Thumb Code     4  startup_mk64f12.o(.text)
    SDHC_IRQHandler                          0x00000515   Thumb Code     4  startup_mk64f12.o(.text)
    ENET_1588_Timer_IRQHandler               0x00000519   Thumb Code     4  startup_mk64f12.o(.text)
    ENET_Transmit_IRQHandler                 0x0000051d   Thumb Code     4  startup_mk64f12.o(.text)
    ENET_Receive_IRQHandler                  0x00000521   Thumb Code     4  startup_mk64f12.o(.text)
    ENET_Error_IRQHandler                    0x00000525   Thumb Code     4  startup_mk64f12.o(.text)
    ___aeabi_memcpy4$ret                     0x000005ed   Thumb Code     0  memcpy.o(.text)
    ___aeabi_memcpy8$ret                     0x000005ed   Thumb Code     0  memcpy.o(.text)
    __aeabi_memcpy                           0x000005ed   Thumb Code    40  memcpy.o(.text)
    memcpy                                   0x000005ed   Thumb Code     0  memcpy.o(.text)
    memset                                   0x00000615   Thumb Code    18  memset.o(.text)
    strlen                                   0x00000627   Thumb Code    14  strlen.o(.text)
    __aeabi_dadd                             0x00000635   Thumb Code   322  dadd.o(.text)
    __aeabi_dsub                             0x00000777   Thumb Code     6  dadd.o(.text)
    __aeabi_drsub                            0x0000077d   Thumb Code     6  dadd.o(.text)
    __aeabi_dmul                             0x00000783   Thumb Code   228  dmul.o(.text)
    __aeabi_ddiv                             0x00000867   Thumb Code   222  ddiv.o(.text)
    __aeabi_dcmplt                           0x00000945   Thumb Code    54  dcmplt.o(.text)
    __aeabi_dcmpgt                           0x0000097b   Thumb Code    54  dcmpgt.o(.text)
    __aeabi_dcmpeq                           0x000009b1   Thumb Code    56  dcmpeq.o(.text)
    __aeabi_i2d                              0x000009e9   Thumb Code    34  dflti.o(.text)
    __aeabi_ui2d                             0x00000a0b   Thumb Code    26  dfltui.o(.text)
    __aeabi_l2d                              0x00000a25   Thumb Code    40  dfltl.o(.text)
    __aeabi_d2iz                             0x00000a4d   Thumb Code    62  dfixi.o(.text)
    __aeabi_d2lz                             0x00000a8b   Thumb Code    74  dfixl.o(.text)
    __aeabi_llsl                             0x00000ad5   Thumb Code    30  llshl.o(.text)
    _ll_shift_l                              0x00000ad5   Thumb Code     0  llshl.o(.text)
    __aeabi_llsr                             0x00000af3   Thumb Code    32  llushr.o(.text)
    _ll_ushift_r                             0x00000af3   Thumb Code     0  llushr.o(.text)
    __aeabi_lasr                             0x00000b13   Thumb Code    36  llsshr.o(.text)
    _ll_sshift_r                             0x00000b13   Thumb Code     0  llsshr.o(.text)
    __I$use$fp                               0x00000b37   Thumb Code     0  iusefp.o(.text)
    _double_round                            0x00000b37   Thumb Code    30  depilogue.o(.text)
    _double_epilogue                         0x00000b55   Thumb Code   156  depilogue.o(.text)
    __ARM_scalbn                             0x00000bf1   Thumb Code    46  dscalb.o(.text)
    scalbn                                   0x00000bf1   Thumb Code     0  dscalb.o(.text)
    __aeabi_cdrcmple                         0x00000c21   Thumb Code    48  cdrcmple.o(.text)
    __scatterload                            0x00000c51   Thumb Code    38  init.o(.text)
    __scatterload_rt2                        0x00000c51   Thumb Code     0  init.o(.text)
    _dsqrt                                   0x00000c81   Thumb Code   162  dsqrt.o(.text)
    ADC16_DoAutoCalibration                  0x00000d25   Thumb Code   138  fsl_adc16.o(.text.ADC16_DoAutoCalibration)
    ADC16_GetChannelStatusFlags              0x00000db1   Thumb Code    38  fsl_adc16.o(.text.ADC16_GetChannelStatusFlags)
    ADC16_GetDefaultConfig                   0x00000dd9   Thumb Code    60  fsl_adc16.o(.text.ADC16_GetDefaultConfig)
    ADC16_Init                               0x00000e15   Thumb Code   244  fsl_adc16.o(.text.ADC16_Init)
    ADC16_SetChannelConfig                   0x00000f09   Thumb Code    90  fsl_adc16.o(.text.ADC16_SetChannelConfig)
    BOARD_InitBootClocks                     0x00000f65   Thumb Code   124  clock_config.o(.text.BOARD_InitBootClocks)
    BOARD_InitBootPins                       0x00000fe1   Thumb Code    86  pin_mux.o(.text.BOARD_InitBootPins)
    BOARD_InitDebugConsole                   0x00001039   Thumb Code    24  board.o(.text.BOARD_InitDebugConsole)
    CLOCK_BootToPeeMode                      0x00001051   Thumb Code   222  fsl_clock.o(.text.CLOCK_BootToPeeMode)
    CLOCK_GetCoreSysClkFreq                  0x00001131   Thumb Code    28  fsl_clock.o(.text.CLOCK_GetCoreSysClkFreq)
    CLOCK_GetOutClkFreq                      0x00001229   Thumb Code   242  fsl_clock.o(.text.CLOCK_GetOutClkFreq)
    CLOCK_GetPll0Freq                        0x0000131d   Thumb Code   168  fsl_clock.o(.text.CLOCK_GetPll0Freq)
    CLOCK_InitOsc0                           0x000013d1   Thumb Code   120  fsl_clock.o(.text.CLOCK_InitOsc0)
    CLOCK_SetInternalRefClkConfig            0x00001449   Thumb Code   146  fsl_clock.o(.text.CLOCK_SetInternalRefClkConfig)
    CLOCK_SetSimConfig                       0x000014dd   Thumb Code    42  fsl_clock.o(.text.CLOCK_SetSimConfig)
    DbgConsole_Init                          0x00001509   Thumb Code    78  fsl_debug_console.o(.text.DbgConsole_Init)
    DbgConsole_Printf                        0x00001559   Thumb Code    32  fsl_debug_console.o(.text.DbgConsole_Printf)
    DbgConsole_Vprintf                       0x00001579   Thumb Code  1750  fsl_debug_console.o(.text.DbgConsole_Vprintf)
    GPIO_PinInit                             0x00001c51   Thumb Code    64  fsl_gpio.o(.text.GPIO_PinInit)
    GPIO_PortClearInterruptFlags             0x00001ca1   Thumb Code    66  fsl_gpio.o(.text.GPIO_PortClearInterruptFlags)
    HAL_UartInit                             0x00001ce5   Thumb Code   228  fsl_adapter_uart.o(.text.HAL_UartInit)
    HAL_UartReceiveBlocking                  0x00001dd1   Thumb Code   108  fsl_adapter_uart.o(.text.HAL_UartReceiveBlocking)
    HAL_UartSendBlocking                     0x00001e3d   Thumb Code   102  fsl_adapter_uart.o(.text.HAL_UartSendBlocking)
    PORTB_IRQHandler                         0x00001ea9   Thumb Code   136  adc16_interrupt.o(.text.PORTB_IRQHandler)
    SystemInit                               0x00001f61   Thumb Code    48  system_mk64f12.o(.text.SystemInit)
    SystemInitHook                           0x00001f91   Thumb Code     2  system_mk64f12.o(.text.SystemInitHook)
    UART0_RX_TX_DriverIRQHandler             0x00001f95   Thumb Code    42  fsl_uart.o(.text.UART0_RX_TX_DriverIRQHandler)
    UART1_RX_TX_DriverIRQHandler             0x00001fc1   Thumb Code    42  fsl_uart.o(.text.UART1_RX_TX_DriverIRQHandler)
    UART2_RX_TX_DriverIRQHandler             0x00001fed   Thumb Code    42  fsl_uart.o(.text.UART2_RX_TX_DriverIRQHandler)
    UART3_RX_TX_DriverIRQHandler             0x00002019   Thumb Code    42  fsl_uart.o(.text.UART3_RX_TX_DriverIRQHandler)
    UART4_RX_TX_DriverIRQHandler             0x00002045   Thumb Code    42  fsl_uart.o(.text.UART4_RX_TX_DriverIRQHandler)
    UART5_RX_TX_DriverIRQHandler             0x00002071   Thumb Code    42  fsl_uart.o(.text.UART5_RX_TX_DriverIRQHandler)
    UART_GetDefaultConfig                    0x0000209d   Thumb Code    56  fsl_uart.o(.text.UART_GetDefaultConfig)
    UART_Init                                0x000020d5   Thumb Code   500  fsl_uart.o(.text.UART_Init)
    UART_ReadBlocking                        0x000022e5   Thumb Code   320  fsl_uart.o(.text.UART_ReadBlocking)
    UART_WriteBlocking                       0x00002425   Thumb Code    34  fsl_uart.o(.text.UART_WriteBlocking)
    __aeabi_assert                           0x00002449   Thumb Code    16  fsl_assert.o(.text.__aeabi_assert)
    main                                     0x00002489   Thumb Code   288  adc16_interrupt.o(.text.main)
    __ARM_fpclassify                         0x00002631   Thumb Code    48  fpclassify.o(i.__ARM_fpclassify)
    __hardfp_modf                            0x00002661   Thumb Code   202  modf.o(i.__hardfp_modf)
    __hardfp_pow                             0x00002731   Thumb Code  3088  pow.o(i.__hardfp_pow)
    __kernel_poly                            0x00003391   Thumb Code   248  poly.o(i.__kernel_poly)
    __mathlib_dbl_divzero                    0x00003489   Thumb Code    28  dunder.o(i.__mathlib_dbl_divzero)
    __mathlib_dbl_infnan2                    0x000034b9   Thumb Code    20  dunder.o(i.__mathlib_dbl_infnan2)
    __mathlib_dbl_invalid                    0x000034d1   Thumb Code    24  dunder.o(i.__mathlib_dbl_invalid)
    __mathlib_dbl_overflow                   0x000034f1   Thumb Code    24  dunder.o(i.__mathlib_dbl_overflow)
    __mathlib_dbl_underflow                  0x00003511   Thumb Code    24  dunder.o(i.__mathlib_dbl_underflow)
    __scatterload_copy                       0x00003531   Thumb Code    14  handlers.o(i.__scatterload_copy)
    __scatterload_null                       0x0000353f   Thumb Code     2  handlers.o(i.__scatterload_null)
    __scatterload_zeroinit                   0x00003541   Thumb Code    14  handlers.o(i.__scatterload_zeroinit)
    __set_errno                              0x00003551   Thumb Code     6  errno.o(i.__set_errno)
    fabs                                     0x0000355d   Thumb Code    24  fabs.o(i.fabs)
    sqrt                                     0x00003575   Thumb Code   110  sqrt.o(i.sqrt)
    __mathlib_zero                           0x00003670   Data           8  qnan.o(.constdata)
    mcgConfig_BOARD_BootClockRUN             0x000036b8   Data          11  clock_config.o(.rodata.mcgConfig_BOARD_BootClockRUN)
    oscConfig_BOARD_BootClockRUN             0x000036c4   Data           8  clock_config.o(.rodata.oscConfig_BOARD_BootClockRUN)
    simConfig_BOARD_BootClockRUN             0x0000373c   Data           8  clock_config.o(.rodata.simConfig_BOARD_BootClockRUN)
    Region$$Table$$Base                      0x00003b30   Number         0  anon$$obj.o(Region$$Table)
    Region$$Table$$Limit                     0x00003b50   Number         0  anon$$obj.o(Region$$Table)
    SystemCoreClock                          0x20000004   Data           4  system_mk64f12.o(.data.SystemCoreClock)
    s_uartIsr                                0x20000010   Data           4  fsl_uart.o(.data.s_uartIsr)
    g_xtal0Freq                              0x20000014   Data           4  fsl_clock.o(.bss.g_xtal0Freq)
    g_xtal32Freq                             0x20000018   Data           4  fsl_clock.o(.bss.g_xtal32Freq)
    s_uartHandle                             0x20000030   Data          24  fsl_uart.o(.bss.s_uartHandle)
    Image$$ARM_LIB_HEAP$$ZI$$Base            0x20000048   Number         0  anon$$obj.o ABSOLUTE
    Image$$ARM_LIB_HEAP$$ZI$$Limit           0x20000448   Number         0  anon$$obj.o ABSOLUTE
    Image$$ARM_LIB_STACK$$ZI$$Limit          0x20030000   Number         0  anon$$obj.o ABSOLUTE



==============================================================================

Memory Map of the image

  Image Entry point : 0x00000425

  Load Region LR_m_text (Base: 0x00000000, Size: 0x00003b64, Max: 0x00100000, ABSOLUTE)

    Execution Region VECTOR_ROM (Exec base: 0x00000000, Load base: 0x00000000, Size: 0x00000400, Max: 0x00000400, ABSOLUTE)

    Exec Addr    Load Addr    Size         Type   Attr      Idx    E Section Name        Object

    0x00000000   0x00000000   0x00000400   Data   RO          587    .isr_vector         startup_mk64f12.o


    Execution Region ER_m_flash_config (Exec base: 0x00000400, Load base: 0x00000400, Size: 0x00000010, Max: 0x00000010, ABSOLUTE, FIXED)

    Exec Addr    Load Addr    Size         Type   Attr      Idx    E Section Name        Object

    0x00000400   0x00000400   0x00000010   Data   RO          588    .FlashConfig        startup_mk64f12.o


    Execution Region ER_m_text (Exec base: 0x00000410, Load base: 0x00000410, Size: 0x00003740, Max: 0x000ffbf0, ABSOLUTE)

    Exec Addr    Load Addr    Size         Type   Attr      Idx    E Section Name        Object

    0x00000410   0x00000410   0x00000000   Code   RO          606  * .ARM.Collect$$$$00000000  mc_w.l(entry.o)
    0x00000410   0x00000410   0x00000004   Code   RO          702    .ARM.Collect$$$$00000003  mc_w.l(entry4.o)
    0x00000414   0x00000414   0x00000004   Code   RO          705    .ARM.Collect$$$$00000004  mc_w.l(entry5.o)
    0x00000418   0x00000418   0x00000000   Code   RO          707    .ARM.Collect$$$$00000008  mc_w.l(entry7b.o)
    0x00000418   0x00000418   0x00000000   Code   RO          709    .ARM.Collect$$$$0000000A  mc_w.l(entry8b.o)
    0x00000418   0x00000418   0x00000008   Code   RO          710    .ARM.Collect$$$$0000000B  mc_w.l(entry9a.o)
    0x00000420   0x00000420   0x00000000   Code   RO          712    .ARM.Collect$$$$0000000D  mc_w.l(entry10a.o)
    0x00000420   0x00000420   0x00000000   Code   RO          714    .ARM.Collect$$$$0000000F  mc_w.l(entry11a.o)
    0x00000420   0x00000420   0x00000004   Code   RO          703    .ARM.Collect$$$$00002714  mc_w.l(entry4.o)
    0x00000424   0x00000424   0x000001c8   Code   RO          586  * .text               startup_mk64f12.o
    0x000005ec   0x000005ec   0x00000028   Code   RO          611    .text               mc_w.l(memcpy.o)
    0x00000614   0x00000614   0x00000012   Code   RO          613    .text               mc_w.l(memset.o)
    0x00000626   0x00000626   0x0000000e   Code   RO          617    .text               mc_w.l(strlen.o)
    0x00000634   0x00000634   0x0000014e   Code   RO          649    .text               mf_w.l(dadd.o)
    0x00000782   0x00000782   0x000000e4   Code   RO          651    .text               mf_w.l(dmul.o)
    0x00000866   0x00000866   0x000000de   Code   RO          653    .text               mf_w.l(ddiv.o)
    0x00000944   0x00000944   0x00000036   Code   RO          655    .text               mf_w.l(dcmplt.o)
    0x0000097a   0x0000097a   0x00000036   Code   RO          657    .text               mf_w.l(dcmpgt.o)
    0x000009b0   0x000009b0   0x00000038   Code   RO          659    .text               mf_w.l(dcmpeq.o)
    0x000009e8   0x000009e8   0x00000022   Code   RO          661    .text               mf_w.l(dflti.o)
    0x00000a0a   0x00000a0a   0x0000001a   Code   RO          663    .text               mf_w.l(dfltui.o)
    0x00000a24   0x00000a24   0x00000028   Code   RO          665    .text               mf_w.l(dfltl.o)
    0x00000a4c   0x00000a4c   0x0000003e   Code   RO          667    .text               mf_w.l(dfixi.o)
    0x00000a8a   0x00000a8a   0x0000004a   Code   RO          669    .text               mf_w.l(dfixl.o)
    0x00000ad4   0x00000ad4   0x0000001e   Code   RO          716    .text               mc_w.l(llshl.o)
    0x00000af2   0x00000af2   0x00000020   Code   RO          718    .text               mc_w.l(llushr.o)
    0x00000b12   0x00000b12   0x00000024   Code   RO          720    .text               mc_w.l(llsshr.o)
    0x00000b36   0x00000b36   0x00000000   Code   RO          735    .text               mc_w.l(iusefp.o)
    0x00000b36   0x00000b36   0x000000ba   Code   RO          736    .text               mf_w.l(depilogue.o)
    0x00000bf0   0x00000bf0   0x0000002e   Code   RO          740    .text               mf_w.l(dscalb.o)
    0x00000c1e   0x00000c1e   0x00000002   PAD
    0x00000c20   0x00000c20   0x00000030   Code   RO          742    .text               mf_w.l(cdrcmple.o)
    0x00000c50   0x00000c50   0x00000030   Code   RO          744    .text               mc_w.l(init.o)
    0x00000c80   0x00000c80   0x000000a2   Code   RO          746    .text               mf_w.l(dsqrt.o)
    0x00000d22   0x00000d22   0x00000002   PAD
    0x00000d24   0x00000d24   0x0000008a   Code   RO          122    .text.ADC16_DoAutoCalibration  fsl_adc16.o
    0x00000dae   0x00000dae   0x00000002   PAD
    0x00000db0   0x00000db0   0x00000026   Code   RO          124    .text.ADC16_GetChannelStatusFlags  fsl_adc16.o
    0x00000dd6   0x00000dd6   0x00000002   PAD
    0x00000dd8   0x00000dd8   0x0000003c   Code   RO          120    .text.ADC16_GetDefaultConfig  fsl_adc16.o
    0x00000e14   0x00000e14   0x000000f4   Code   RO          114    .text.ADC16_Init    fsl_adc16.o
    0x00000f08   0x00000f08   0x0000005a   Code   RO          134    .text.ADC16_SetChannelConfig  fsl_adc16.o
    0x00000f62   0x00000f62   0x00000002   PAD
    0x00000f64   0x00000f64   0x0000007c   Code   RO           41    .text.BOARD_InitBootClocks  clock_config.o
    0x00000fe0   0x00000fe0   0x00000056   Code   RO           21    .text.BOARD_InitBootPins  pin_mux.o
    0x00001036   0x00001036   0x00000002   PAD
    0x00001038   0x00001038   0x00000018   Code   RO           32    .text.BOARD_InitDebugConsole  board.o
    0x00001050   0x00001050   0x000000de   Code   RO          238    .text.CLOCK_BootToPeeMode  fsl_clock.o
    0x0000112e   0x0000112e   0x00000002   PAD
    0x00001130   0x00001130   0x0000001c   Code   RO          166    .text.CLOCK_GetCoreSysClkFreq  fsl_clock.o
    0x0000114c   0x0000114c   0x000000dc   Code   RO          178    .text.CLOCK_GetFllRefClkFreq  fsl_clock.o
    0x00001228   0x00001228   0x000000f2   Code   RO          158    .text.CLOCK_GetOutClkFreq  fsl_clock.o
    0x0000131a   0x0000131a   0x00000002   PAD
    0x0000131c   0x0000131c   0x000000b4   Code   RO          154    .text.CLOCK_GetPll0Freq  fsl_clock.o
    0x000013d0   0x000013d0   0x00000078   Code   RO          198    .text.CLOCK_InitOsc0  fsl_clock.o
    0x00001448   0x00001448   0x00000092   Code   RO          182    .text.CLOCK_SetInternalRefClkConfig  fsl_clock.o
    0x000014da   0x000014da   0x00000002   PAD
    0x000014dc   0x000014dc   0x0000002a   Code   RO          174    .text.CLOCK_SetSimConfig  fsl_clock.o
    0x00001506   0x00001506   0x00000002   PAD
    0x00001508   0x00001508   0x0000004e   Code   RO          564    .text.DbgConsole_Init  fsl_debug_console.o
    0x00001556   0x00001556   0x00000002   PAD
    0x00001558   0x00001558   0x00000020   Code   RO          568    .text.DbgConsole_Printf  fsl_debug_console.o
    0x00001578   0x00001578   0x000006d6   Code   RO          570    .text.DbgConsole_Vprintf  fsl_debug_console.o
    0x00001c4e   0x00001c4e   0x00000002   PAD
    0x00001c50   0x00001c50   0x00000050   Code   RO          394    .text.GPIO_PinInit  fsl_gpio.o
    0x00001ca0   0x00001ca0   0x00000042   Code   RO          398    .text.GPIO_PortClearInterruptFlags  fsl_gpio.o
    0x00001ce2   0x00001ce2   0x00000002   PAD
    0x00001ce4   0x00001ce4   0x000000ec   Code   RO           92    .text.HAL_UartInit  fsl_adapter_uart.o
    0x00001dd0   0x00001dd0   0x0000006c   Code   RO           96    .text.HAL_UartReceiveBlocking  fsl_adapter_uart.o
    0x00001e3c   0x00001e3c   0x00000066   Code   RO           98    .text.HAL_UartSendBlocking  fsl_adapter_uart.o
    0x00001ea2   0x00001ea2   0x00000006   PAD
    0x00001ea8   0x00001ea8   0x000000b8   Code   RO            6    .text.PORTB_IRQHandler  adc16_interrupt.o
    0x00001f60   0x00001f60   0x00000030   Code   RO          540    .text.SystemInit    system_mk64f12.o
    0x00001f90   0x00001f90   0x00000002   Code   RO          542    .text.SystemInitHook  system_mk64f12.o
    0x00001f92   0x00001f92   0x00000002   PAD
    0x00001f94   0x00001f94   0x0000002a   Code   RO          503    .text.UART0_RX_TX_DriverIRQHandler  fsl_uart.o
    0x00001fbe   0x00001fbe   0x00000002   PAD
    0x00001fc0   0x00001fc0   0x0000002a   Code   RO          507    .text.UART1_RX_TX_DriverIRQHandler  fsl_uart.o
    0x00001fea   0x00001fea   0x00000002   PAD
    0x00001fec   0x00001fec   0x0000002a   Code   RO          511    .text.UART2_RX_TX_DriverIRQHandler  fsl_uart.o
    0x00002016   0x00002016   0x00000002   PAD
    0x00002018   0x00002018   0x0000002a   Code   RO          515    .text.UART3_RX_TX_DriverIRQHandler  fsl_uart.o
    0x00002042   0x00002042   0x00000002   PAD
    0x00002044   0x00002044   0x0000002a   Code   RO          519    .text.UART4_RX_TX_DriverIRQHandler  fsl_uart.o
    0x0000206e   0x0000206e   0x00000002   PAD
    0x00002070   0x00002070   0x0000002a   Code   RO          523    .text.UART5_RX_TX_DriverIRQHandler  fsl_uart.o
    0x0000209a   0x0000209a   0x00000002   PAD
    0x0000209c   0x0000209c   0x00000038   Code   RO          453    .text.UART_GetDefaultConfig  fsl_uart.o
    0x000020d4   0x000020d4   0x00000210   Code   RO          449    .text.UART_Init     fsl_uart.o
    0x000022e4   0x000022e4   0x00000140   Code   RO          473    .text.UART_ReadBlocking  fsl_uart.o
    0x00002424   0x00002424   0x00000022   Code   RO          471    .text.UART_WriteBlocking  fsl_uart.o
    0x00002446   0x00002446   0x00000002   PAD
    0x00002448   0x00002448   0x0000003c   Code   RO          555    .text.__aeabi_assert  fsl_assert.o
    0x00002484   0x00002484   0x00000004   PAD
    0x00002488   0x00002488   0x000001a8   Code   RO            8    .text.main          adc16_interrupt.o
    0x00002630   0x00002630   0x00000030   Code   RO          691    i.__ARM_fpclassify  m_wm.l(fpclassify.o)
    0x00002660   0x00002660   0x000000d0   Code   RO          593    i.__hardfp_modf     m_wm.l(modf.o)
    0x00002730   0x00002730   0x00000c60   Code   RO          599    i.__hardfp_pow      m_wm.l(pow.o)
    0x00003390   0x00003390   0x000000f8   Code   RO          693    i.__kernel_poly     m_wm.l(poly.o)
    0x00003488   0x00003488   0x00000030   Code   RO          671    i.__mathlib_dbl_divzero  m_wm.l(dunder.o)
    0x000034b8   0x000034b8   0x00000014   Code   RO          673    i.__mathlib_dbl_infnan2  m_wm.l(dunder.o)
    0x000034cc   0x000034cc   0x00000004   PAD
    0x000034d0   0x000034d0   0x00000020   Code   RO          674    i.__mathlib_dbl_invalid  m_wm.l(dunder.o)
    0x000034f0   0x000034f0   0x00000020   Code   RO          675    i.__mathlib_dbl_overflow  m_wm.l(dunder.o)
    0x00003510   0x00003510   0x00000020   Code   RO          677    i.__mathlib_dbl_underflow  m_wm.l(dunder.o)
    0x00003530   0x00003530   0x0000000e   Code   RO          750    i.__scatterload_copy  mc_w.l(handlers.o)
    0x0000353e   0x0000353e   0x00000002   Code   RO          751    i.__scatterload_null  mc_w.l(handlers.o)
    0x00003540   0x00003540   0x0000000e   Code   RO          752    i.__scatterload_zeroinit  mc_w.l(handlers.o)
    0x0000354e   0x0000354e   0x00000002   PAD
    0x00003550   0x00003550   0x0000000c   Code   RO          730    i.__set_errno       mc_w.l(errno.o)
    0x0000355c   0x0000355c   0x00000018   Code   RO          687    i.fabs              m_wm.l(fabs.o)
    0x00003574   0x00003574   0x0000006e   Code   RO          698    i.sqrt              m_wm.l(sqrt.o)
    0x000035e2   0x000035e2   0x00000006   PAD
    0x000035e8   0x000035e8   0x00000088   Data   RO          602    .constdata          m_wm.l(pow.o)
    0x00003670   0x00003670   0x00000008   Data   RO          695    .constdata          m_wm.l(qnan.o)
    0x00003678   0x00003678   0x00000020   Data   RO          245    .rodata.cst16       fsl_clock.o
    0x00003698   0x00003698   0x00000010   Data   RO          531    .rodata.cst16       fsl_uart.o
    0x000036a8   0x000036a8   0x00000010   Data   RO          137    .rodata.cst8        fsl_adc16.o
    0x000036b8   0x000036b8   0x0000000b   Data   RO           47    .rodata.mcgConfig_BOARD_BootClockRUN  clock_config.o
    0x000036c3   0x000036c3   0x00000001   PAD
    0x000036c4   0x000036c4   0x00000008   Data   RO           49    .rodata.oscConfig_BOARD_BootClockRUN  clock_config.o
    0x000036cc   0x000036cc   0x00000018   Data   RO          105    .rodata.s_UartAdapterBase  fsl_adapter_uart.o
    0x000036e4   0x000036e4   0x00000014   Data   RO          402    .rodata.s_gpioBases  fsl_gpio.o
    0x000036f8   0x000036f8   0x00000014   Data   RO          401    .rodata.s_portBases  fsl_gpio.o
    0x0000370c   0x0000370c   0x00000018   Data   RO          527    .rodata.s_uartBases  fsl_uart.o
    0x00003724   0x00003724   0x00000018   Data   RO          529    .rodata.s_uartClock  fsl_uart.o
    0x0000373c   0x0000373c   0x00000008   Data   RO           48    .rodata.simConfig_BOARD_BootClockRUN  clock_config.o
    0x00003744   0x00003744   0x0000004b   Data   RO           11    .rodata.str1.1      adc16_interrupt.o
    0x0000378f   0x0000378f   0x000000b8   Data   RO          104    .rodata.str1.1      fsl_adapter_uart.o
    0x00003847   0x00003847   0x000000a1   Data   RO          136    .rodata.str1.1      fsl_adc16.o
    0x000038e8   0x000038e8   0x00000076   Data   RO          243    .rodata.str1.1      fsl_clock.o
    0x0000395e   0x0000395e   0x00000073   Data   RO          400    .rodata.str1.1      fsl_gpio.o
    0x000039d1   0x000039d1   0x0000015e   Data   RO          528    .rodata.str1.1      fsl_uart.o
    0x00003b2f   0x00003b2f   0x00000001   PAD
    0x00003b30   0x00003b30   0x00000020   Data   RO          749    Region$$Table       anon$$obj.o


    Execution Region RW_m_data (Exec base: 0x1fff0000, Load base: 0x00003b50, Size: 0x00000000, Max: 0x00010000, ABSOLUTE)

    **** No section assigned to this execution region ****


    Execution Region RW_m_data_2 (Exec base: 0x20000000, Load base: 0x00003b50, Size: 0x00000048, Max: 0x0002f800, ABSOLUTE)

    Exec Addr    Load Addr    Size         Type   Attr      Idx    E Section Name        Object

    0x20000000   0x00003b50   0x00000004   Data   RW          731    .data               mc_w.l(errno.o)
    0x20000004   0x00003b54   0x00000004   Data   RW          546    .data.SystemCoreClock  system_mk64f12.o
    0x20000008   0x00003b58   0x00000004   Data   RW          247    .data.s_fastIrcFreq  fsl_clock.o
    0x2000000c   0x00003b5c   0x00000004   Data   RW          246    .data.s_slowIrcFreq  fsl_clock.o
    0x20000010   0x00003b60   0x00000004   Data   RW          526    .data.s_uartIsr     fsl_uart.o
    0x20000014        -       0x00000004   Zero   RW          242    .bss.g_xtal0Freq    fsl_clock.o
    0x20000018        -       0x00000004   Zero   RW          244    .bss.g_xtal32Freq   fsl_clock.o
    0x2000001c        -       0x00000014   Zero   RW          578    .bss.s_debugConsole  fsl_debug_console.o
    0x20000030        -       0x00000018   Zero   RW          530    .bss.s_uartHandle   fsl_uart.o


    Execution Region ARM_LIB_HEAP (Exec base: 0x20000048, Load base: 0x00003b64, Size: 0x00000400, Max: 0x00000400, ABSOLUTE)

    Exec Addr    Load Addr    Size         Type   Attr      Idx    E Section Name        Object

    0x20000048        -       0x00000400   Zero   RW            1    ARM_LIB_HEAP.bss    anon$$obj.o


    Execution Region ARM_LIB_STACK (Exec base: 0x2002fc00, Load base: 0x00003b64, Size: 0x00000400, Max: 0x00000400, ABSOLUTE)

    Exec Addr    Load Addr    Size         Type   Attr      Idx    E Section Name        Object

    0x2002fc00        -       0x00000400   Zero   RW            2    ARM_LIB_STACK.bss   anon$$obj.o


==============================================================================

Image component sizes


      Code (inc. data)   RO Data    RW Data    ZI Data      Debug   Object Name

       608        184         75          0          0       9560   adc16_interrupt.o
        24          0          0          0          0       1033   board.o
       124          0         27          0          0       5225   clock_config.o
       446          8        208          0          0       6259   fsl_adapter_uart.o
       570          0        177          0          0      10502   fsl_adc16.o
        60         44          0          0          0        836   fsl_assert.o
      1200         16        150          8          8      30538   fsl_clock.o
      1860        190          0          0         20      16829   fsl_debug_console.o
       146         16        155          0          0       3271   fsl_gpio.o
      1190         28        414          4         24      31129   fsl_uart.o
        86          0          0          0          0       4325   pin_mux.o
       456        212       1040          0          0       2248   startup_mk64f12.o
        50          0          0          4          0       3512   system_mk64f12.o

    ----------------------------------------------------------------------
      6868        702       2280         16       2100     125267   Object Totals
         0          0         32          0       2048          0   (incl. Generated)
        48          4          2          0          0          0   (incl. Padding)

    ----------------------------------------------------------------------

      Code (inc. data)   RO Data    RW Data    ZI Data      Debug   Library Member Name

       164         44          0          0          0        620   dunder.o
        24          0          0          0          0        124   fabs.o
        48          0          0          0          0        124   fpclassify.o
       208          6          0          0          0        152   modf.o
       248          0          0          0          0        152   poly.o
      3168        296        136          0          0        352   pow.o
         0          0          8          0          0          0   qnan.o
       110          0          0          0          0        148   sqrt.o
         0          0          0          0          0          0   entry.o
         0          0          0          0          0          0   entry10a.o
         0          0          0          0          0          0   entry11a.o
         8          4          0          0          0          0   entry4.o
         4          0          0          0          0          0   entry5.o
         0          0          0          0          0          0   entry7b.o
         0          0          0          0          0          0   entry8b.o
         8          4          0          0          0          0   entry9a.o
        12          6          0          4          0         68   errno.o
        30          0          0          0          0          0   handlers.o
        48         10          0          0          0         68   init.o
         0          0          0          0          0          0   iusefp.o
        30          0          0          0          0         68   llshl.o
        36          0          0          0          0         68   llsshr.o
        32          0          0          0          0         68   llushr.o
        40          0          0          0          0         76   memcpy.o
        18          0          0          0          0         76   memset.o
        14          0          0          0          0         68   strlen.o
        48          0          0          0          0         68   cdrcmple.o
       334          0          0          0          0        148   dadd.o
        56          0          0          0          0         80   dcmpeq.o
        54          0          0          0          0         80   dcmpgt.o
        54          0          0          0          0         80   dcmplt.o
       222          0          0          0          0        100   ddiv.o
       186          0          0          0          0        176   depilogue.o
        62          0          0          0          0         80   dfixi.o
        74          0          0          0          0         80   dfixl.o
        34          0          0          0          0         76   dflti.o
        40          0          0          0          0         80   dfltl.o
        26          0          0          0          0         76   dfltui.o
       228          0          0          0          0         96   dmul.o
        46          0          0          0          0         80   dscalb.o
       162          0          0          0          0        100   dsqrt.o

    ----------------------------------------------------------------------
      5892        370        144          4          0       3632   Library Totals
        16          0          0          0          0          0   (incl. Padding)

    ----------------------------------------------------------------------

      Code (inc. data)   RO Data    RW Data    ZI Data      Debug   Library Name

      3970        346        144          0          0       1672   m_wm.l
       280         24          0          4          0        560   mc_w.l
      1626          0          0          0          0       1400   mf_w.l

    ----------------------------------------------------------------------
      5892        370        144          4          0       3632   Library Totals

    ----------------------------------------------------------------------

==============================================================================


      Code (inc. data)   RO Data    RW Data    ZI Data      Debug   

     12760       1072       2424         20       2100     126895   Grand Totals
     12760       1072       2424         20       2100     126895   ELF Image Totals
     12760       1072       2424         20          0          0   ROM Totals

==============================================================================

    Total RO  Size (Code + RO Data)                15184 (  14.83kB)
    Total RW  Size (RW Data + ZI Data)              2120 (   2.07kB)
    Total ROM Size (Code + RO Data + RW Data)      15204 (  14.85kB)

==============================================================================

