<html>
<body>
<pre>
<h1>µVision Build Log</h1>
<h2>Tool Versions:</h2>
IDE-Version: µVision V5.39.0.0
Copyright (C) 2023 ARM Ltd and ARM Germany GmbH. All rights reserved.
License Information: Khanthapak Thaipakdee University of Liverpool Flex license: MDK Professional 5.38 (Flex) (mdk_pro) Operation stops: 17 Aug 2024
 
Tool Versions:
Toolchain:       MDK Professional 5.38 (Flex)  Version: 5.39.0.0
Toolchain Path:  C:\Keil_v5\ARM\ARMCLANG\Bin
C Compiler:      ArmClang.exe V6.21
Assembler:       Armasm.exe V6.21
Linker/Locator:  ArmLink.exe V6.21
Library Manager: ArmAr.exe V6.21
Hex Converter:   FromElf.exe V6.21
CPU DLL:         SARMCM3.DLL V5.39.0.0
Dialog DLL:      DCM.DLL V1.17.5.0
Target DLL:      CMSIS_AGDI.dll V1.33.16.0
Dialog DLL:      TCM.DLL V1.56.4.0
 
<h2>Project:</h2>
F:\New folder (2)\ELEC422_Assignment_3\gpio_input_interrupt_test_with_ELEC422\driver_examples\gpio\input_interrupt\mdk\gpio_input_interrupt.uvprojx
Project File Date:  05/11/2024

<h2>Output:</h2>
*** Using Compiler 'V6.21', folder: 'C:\Keil_v5\ARM\ARMCLANG\Bin'
Build target 'gpio_input_interrupt debug'
compiling main.c...
linking...
Program Size: Code=25280 RO-data=3596 RW-data=184 ZI-data=36296  
"debug\gpio_input_interrupt.out" - 0 Error(s), 0 Warning(s).

<h2>Software Packages used:</h2>

Package Vendor: ARM
                https://www.keil.com/pack/ARM.CMSIS.6.0.0.pack
                ARM::CMSIS@6.0.0
                CMSIS (Common Microcontroller Software Interface Standard)
   * Component: OS Tick Version: 1.0.1
   * Component: RTOS2 Version: 2.3.0
   * Component: CORE Version: 6.0.0
   * Component: SysTick Version: 1.0.5

Package Vendor: ARM
                https://www.keil.com/pack/ARM.CMSIS-RTX.5.8.0.pack
                ARM::CMSIS-RTX@5.8.0
                RTX RTOS implementation of CMSIS-RTOS2 API
   * Component: Keil RTX5 Variant: Library Version: 5.8.0

Package Vendor: NXP
                https://mcuxpresso.nxp.com/cmsis_pack/repo/NXP.MK64F12_DFP.14.0.0.pack
                NXP::MK64F12_DFP@14.0.0
                Device Family Pack for MK64F12
   * Component: MK64F12_header Version: 1.0.0
   * Component: MK64F12_system Version: 1.0.0
   * Component: adc Version: 2.2.0
   * Component: clock Version: 2.5.1
   * Component: common Version: 2.3.1
   * Component: flash Version: 3.0.0
   * Component: gpio Version: 2.5.3
   * Component: lists Version: 1.0.0
   * Component: port Version: 2.2.0
   * Component: smc Version: 2.0.7
   * Component: uart Version: 2.5.1
   * Component: uart_adapter Version: 1.0.0
   * Component: assert_lite Version: 1.0.0
   * Component: debug_console_lite Version: 1.0.0
   * Component: Startup Version: 1.1.0

<h2>Collection of Component include folders:</h2>
  ./RTE/CMSIS
  ./RTE/_gpio_input_interrupt_debug
  C:/Users/User/AppData/Local/Arm/Packs/ARM/CMSIS-RTX/5.8.0/Include
  C:/Users/User/AppData/Local/Arm/Packs/ARM/CMSIS/6.0.0/CMSIS/Core/Include
  C:/Users/User/AppData/Local/Arm/Packs/ARM/CMSIS/6.0.0/CMSIS/RTOS2/Include
  C:/Users/User/AppData/Local/Arm/Packs/NXP/MK64F12_DFP/14.0.0
  C:/Users/User/AppData/Local/Arm/Packs/NXP/MK64F12_DFP/14.0.0/components/lists
  C:/Users/User/AppData/Local/Arm/Packs/NXP/MK64F12_DFP/14.0.0/components/uart
  C:/Users/User/AppData/Local/Arm/Packs/NXP/MK64F12_DFP/14.0.0/drivers
  C:/Users/User/AppData/Local/Arm/Packs/NXP/MK64F12_DFP/14.0.0/utilities/debug_console_lite

<h2>Collection of Component Files used:</h2>

   * Component: ::CMSIS:OS Tick(API)@1.0.1
      Include file:  CMSIS/RTOS2/Include/os_tick.h

   * Component: ::CMSIS:RTOS2(API)@2.3.0
      Include file:  CMSIS/RTOS2/Include/cmsis_os2.h

   * Component: ARM::CMSIS:CORE@6.0.0

   * Component: ARM::CMSIS:OS Tick:SysTick@1.0.5
      Source file:   CMSIS/RTOS2/Source/os_systick.c

   * Component: ARM::CMSIS:RTOS2:Keil RTX5&Library@5.8.0
      Source file:   Template/main.c
      Include file:  Include/rtx_os.h
      Source file:   Template/Semaphore.c
      Include file:  Config/RTX_Config.h
      Source file:   Template/Mutex.c
      Source file:   Template/Timer.c
      Source file:   Source/rtx_lib.c
      Source file:   Config/RTX_Config.c
      Source file:   Template/Events.c
      Source file:   Template/MsgQueue.c
      Library file:  Library/ARM/RTX_V7MF.lib
      Source file:   Template/MemPool.c
      Source file:   Template/svc_user.c
      Source file:   Template/Thread.c

   * Component: NXP::Device:CMSIS:MK64F12_header@1.0.0
      Include file:  fsl_device_registers.h
      Include file:  MK64F12.h
      Include file:  MK64F12_features.h

   * Component: NXP::Device:CMSIS:MK64F12_system@1.0.0
      Include file:  system_MK64F12.h
      Source file:   system_MK64F12.c

   * Component: NXP::Device:SDK Drivers:adc@2.2.0
      Include file:  drivers/fsl_adc16.h
      Source file:   drivers/fsl_adc16.c

   * Component: NXP::Device:SDK Drivers:clock@2.5.1
      Source file:   drivers/fsl_clock.c
      Include file:  drivers/fsl_clock.h

   * Component: NXP::Device:SDK Drivers:common@2.3.1
      Source file:   drivers/fsl_common.c
      Source file:   drivers/fsl_common_arm.c
      Include file:  drivers/fsl_common.h
      Include file:  drivers/fsl_common_arm.h

   * Component: NXP::Device:SDK Drivers:flash@3.0.0
      Source file:   drivers/fsl_ftfx_flexnvm.c
      Include file:  drivers/fsl_ftfx_flexnvm.h
      Include file:  drivers/fsl_flash.h
      Include file:  drivers/fsl_ftfx_utilities.h
      Include file:  drivers/fsl_ftfx_controller.h
      Source file:   drivers/fsl_ftfx_cache.c
      Include file:  drivers/fsl_ftfx_features.h
      Source file:   drivers/fsl_ftfx_flash.c
      Include file:  drivers/fsl_ftfx_adapter.h
      Source file:   drivers/fsl_ftfx_controller.c
      Include file:  drivers/fsl_ftfx_cache.h
      Include file:  drivers/fsl_ftfx_flash.h

   * Component: NXP::Device:SDK Drivers:gpio@2.5.3
      Source file:   drivers/fsl_gpio.c
      Include file:  drivers/fsl_gpio.h

   * Component: NXP::Device:SDK Drivers:lists@1.0.0
      Include file:  components/lists/fsl_component_generic_list.h
      Source file:   components/lists/fsl_component_generic_list.c

   * Component: NXP::Device:SDK Drivers:port@2.2.0
      Include file:  drivers/fsl_port.h

   * Component: NXP::Device:SDK Drivers:smc@2.0.7
      Include file:  drivers/fsl_smc.h
      Source file:   drivers/fsl_smc.c

   * Component: NXP::Device:SDK Drivers:uart@2.5.1
      Source file:   drivers/fsl_uart.c
      Include file:  drivers/fsl_uart.h

   * Component: NXP::Device:SDK Drivers:uart_adapter@1.0.0
      Include file:  components/uart/fsl_adapter_uart.h
      Source file:   components/uart/fsl_adapter_uart.c

   * Component: NXP::Device:SDK Utilities:assert_lite@1.0.0
      Source file:   utilities/debug_console_lite/fsl_assert.c

   * Component: NXP::Device:SDK Utilities:debug_console_lite@1.0.0
      Include file:  utilities/debug_console_lite/fsl_debug_console.h
      Source file:   utilities/debug_console_lite/fsl_debug_console.c

   * Component: NXP::Device:Startup@1.1.0
      Source file:   arm/startup_MK64F12.S
Build Time Elapsed:  00:00:06
</pre>
</body>
</html>
