<!doctype html public "-//w3c//dtd html 4.0 transitional//en">
<html><head>
<title>Static Call Graph - [.\debug\outputt.out]</title></head>
<body><HR>
<H1>Static Call Graph for image .\debug\outputt.out</H1><HR>
<BR><P>#&#060CALLGRAPH&#062# ARM Linker, 6210000: Last Updated: Sun Mar 10 21:45:42 2024
<BR><P>
<H3>Maximum Stack Usage =        632 bytes + Unknown(Functions without stacksize, Untraceable Function Pointers)</H3><H3>
Call chain for Maximum Stack Depth:</H3>
main &rArr; BOARD_InitDebugConsole &rArr; DbgConsole_Init &rArr; HAL_UartInit &rArr; UART_Init &rArr; __aeabi_assert &rArr; DbgConsole_Printf &rArr; DbgConsole_Vprintf &rArr; __hardfp_pow &rArr; __kernel_poly &rArr; __aeabi_dadd &rArr; _double_epilogue &rArr; _double_round
<P>
<H3>
Functions with no stack information
</H3><UL>
 <LI><a href="#[0]">Reset_Handler</a>
 <LI><a href="#[31]">ADC0_IRQHandler</a>
 <LI><a href="#[53]">ADC1_IRQHandler</a>
 <LI><a href="#[4]">BusFault_Handler</a>
 <LI><a href="#[8a]">CAN0_DriverIRQHandler</a>
 <LI><a href="#[32]">CMP0_IRQHandler</a>
 <LI><a href="#[33]">CMP1_IRQHandler</a>
 <LI><a href="#[50]">CMP2_IRQHandler</a>
 <LI><a href="#[37]">CMT_IRQHandler</a>
 <LI><a href="#[42]">DAC0_IRQHandler</a>
 <LI><a href="#[52]">DAC1_IRQHandler</a>
 <LI><a href="#[64]">DMA0_DriverIRQHandler</a>
 <LI><a href="#[6e]">DMA10_DriverIRQHandler</a>
 <LI><a href="#[6f]">DMA11_DriverIRQHandler</a>
 <LI><a href="#[70]">DMA12_DriverIRQHandler</a>
 <LI><a href="#[71]">DMA13_DriverIRQHandler</a>
 <LI><a href="#[72]">DMA14_DriverIRQHandler</a>
 <LI><a href="#[73]">DMA15_DriverIRQHandler</a>
 <LI><a href="#[65]">DMA1_DriverIRQHandler</a>
 <LI><a href="#[66]">DMA2_DriverIRQHandler</a>
 <LI><a href="#[67]">DMA3_DriverIRQHandler</a>
 <LI><a href="#[68]">DMA4_DriverIRQHandler</a>
 <LI><a href="#[69]">DMA5_DriverIRQHandler</a>
 <LI><a href="#[6a]">DMA6_DriverIRQHandler</a>
 <LI><a href="#[6b]">DMA7_DriverIRQHandler</a>
 <LI><a href="#[6c]">DMA8_DriverIRQHandler</a>
 <LI><a href="#[6d]">DMA9_DriverIRQHandler</a>
 <LI><a href="#[74]">DMA_Error_DriverIRQHandler</a>
 <LI><a href="#[7]">DebugMon_Handler</a>
 <LI><a href="#[60]">DefaultISR</a>
 <LI><a href="#[8c]">ENET_1588_Timer_DriverIRQHandler</a>
 <LI><a href="#[8f]">ENET_Error_DriverIRQHandler</a>
 <LI><a href="#[8e]">ENET_Receive_DriverIRQHandler</a>
 <LI><a href="#[8d]">ENET_Transmit_DriverIRQHandler</a>
 <LI><a href="#[1c]">FTFE_IRQHandler</a>
 <LI><a href="#[34]">FTM0_IRQHandler</a>
 <LI><a href="#[35]">FTM1_IRQHandler</a>
 <LI><a href="#[36]">FTM2_IRQHandler</a>
 <LI><a href="#[51]">FTM3_IRQHandler</a>
 <LI><a href="#[75]">I2C0_DriverIRQHandler</a>
 <LI><a href="#[76]">I2C1_DriverIRQHandler</a>
 <LI><a href="#[89]">I2C2_DriverIRQHandler</a>
 <LI><a href="#[7a]">I2S0_Rx_DriverIRQHandler</a>
 <LI><a href="#[79]">I2S0_Tx_DriverIRQHandler</a>
 <LI><a href="#[1f]">LLWU_IRQHandler</a>
 <LI><a href="#[44]">LPTMR0_IRQHandler</a>
 <LI><a href="#[1e]">LVD_LVW_IRQHandler</a>
 <LI><a href="#[43]">MCG_IRQHandler</a>
 <LI><a href="#[1b]">MCM_IRQHandler</a>
 <LI><a href="#[3]">MemManage_Handler</a>
 <LI><a href="#[3e]">PDB0_IRQHandler</a>
 <LI><a href="#[3a]">PIT0_IRQHandler</a>
 <LI><a href="#[3b]">PIT1_IRQHandler</a>
 <LI><a href="#[3c]">PIT2_IRQHandler</a>
 <LI><a href="#[3d]">PIT3_IRQHandler</a>
 <LI><a href="#[45]">PORTA_IRQHandler</a>
 <LI><a href="#[47]">PORTC_IRQHandler</a>
 <LI><a href="#[48]">PORTD_IRQHandler</a>
 <LI><a href="#[49]">PORTE_IRQHandler</a>
 <LI><a href="#[21]">RNG_IRQHandler</a>
 <LI><a href="#[38]">RTC_IRQHandler</a>
 <LI><a href="#[39]">RTC_Seconds_IRQHandler</a>
 <LI><a href="#[1d]">Read_Collision_IRQHandler</a>
 <LI><a href="#[41]">Reserved71_IRQHandler</a>
 <LI><a href="#[8b]">SDHC_DriverIRQHandler</a>
 <LI><a href="#[77]">SPI0_DriverIRQHandler</a>
 <LI><a href="#[78]">SPI1_DriverIRQHandler</a>
 <LI><a href="#[84]">SPI2_DriverIRQHandler</a>
 <LI><a href="#[4a]">SWI_IRQHandler</a>
 <LI><a href="#[7d]">UART0_ERR_DriverIRQHandler</a>
 <LI><a href="#[7b]">UART0_LON_DriverIRQHandler</a>
 <LI><a href="#[7f]">UART1_ERR_DriverIRQHandler</a>
 <LI><a href="#[81]">UART2_ERR_DriverIRQHandler</a>
 <LI><a href="#[83]">UART3_ERR_DriverIRQHandler</a>
 <LI><a href="#[86]">UART4_ERR_DriverIRQHandler</a>
 <LI><a href="#[88]">UART5_ERR_DriverIRQHandler</a>
 <LI><a href="#[3f]">USB0_IRQHandler</a>
 <LI><a href="#[40]">USBDCD_IRQHandler</a>
 <LI><a href="#[5]">UsageFault_Handler</a>
 <LI><a href="#[20]">WDOG_EWM_IRQHandler</a>
 <LI><a href="#[1]">NMI_Handler</a>
 <LI><a href="#[2]">HardFault_Handler</a>
 <LI><a href="#[6]">SVC_Handler</a>
 <LI><a href="#[8]">PendSV_Handler</a>
 <LI><a href="#[9]">SysTick_Handler</a>
 <LI><a href="#[a]">DMA0_IRQHandler</a>
 <LI><a href="#[b]">DMA1_IRQHandler</a>
 <LI><a href="#[c]">DMA2_IRQHandler</a>
 <LI><a href="#[d]">DMA3_IRQHandler</a>
 <LI><a href="#[e]">DMA4_IRQHandler</a>
 <LI><a href="#[f]">DMA5_IRQHandler</a>
 <LI><a href="#[10]">DMA6_IRQHandler</a>
 <LI><a href="#[11]">DMA7_IRQHandler</a>
 <LI><a href="#[12]">DMA8_IRQHandler</a>
 <LI><a href="#[13]">DMA9_IRQHandler</a>
 <LI><a href="#[14]">DMA10_IRQHandler</a>
 <LI><a href="#[15]">DMA11_IRQHandler</a>
 <LI><a href="#[16]">DMA12_IRQHandler</a>
 <LI><a href="#[17]">DMA13_IRQHandler</a>
 <LI><a href="#[18]">DMA14_IRQHandler</a>
 <LI><a href="#[19]">DMA15_IRQHandler</a>
 <LI><a href="#[1a]">DMA_Error_IRQHandler</a>
 <LI><a href="#[22]">I2C0_IRQHandler</a>
 <LI><a href="#[23]">I2C1_IRQHandler</a>
 <LI><a href="#[24]">SPI0_IRQHandler</a>
 <LI><a href="#[25]">SPI1_IRQHandler</a>
 <LI><a href="#[26]">I2S0_Tx_IRQHandler</a>
 <LI><a href="#[27]">I2S0_Rx_IRQHandler</a>
 <LI><a href="#[28]">UART0_LON_IRQHandler</a>
 <LI><a href="#[29]">UART0_RX_TX_IRQHandler</a>
 <LI><a href="#[2a]">UART0_ERR_IRQHandler</a>
 <LI><a href="#[2b]">UART1_RX_TX_IRQHandler</a>
 <LI><a href="#[2c]">UART1_ERR_IRQHandler</a>
 <LI><a href="#[2d]">UART2_RX_TX_IRQHandler</a>
 <LI><a href="#[2e]">UART2_ERR_IRQHandler</a>
 <LI><a href="#[2f]">UART3_RX_TX_IRQHandler</a>
 <LI><a href="#[30]">UART3_ERR_IRQHandler</a>
 <LI><a href="#[4b]">SPI2_IRQHandler</a>
 <LI><a href="#[4c]">UART4_RX_TX_IRQHandler</a>
 <LI><a href="#[4d]">UART4_ERR_IRQHandler</a>
 <LI><a href="#[4e]">UART5_RX_TX_IRQHandler</a>
 <LI><a href="#[4f]">UART5_ERR_IRQHandler</a>
 <LI><a href="#[54]">I2C2_IRQHandler</a>
 <LI><a href="#[55]">CAN0_ORed_Message_buffer_IRQHandler</a>
 <LI><a href="#[56]">CAN0_Bus_Off_IRQHandler</a>
 <LI><a href="#[57]">CAN0_Error_IRQHandler</a>
 <LI><a href="#[58]">CAN0_Tx_Warning_IRQHandler</a>
 <LI><a href="#[59]">CAN0_Rx_Warning_IRQHandler</a>
 <LI><a href="#[5a]">CAN0_Wake_Up_IRQHandler</a>
 <LI><a href="#[5b]">SDHC_IRQHandler</a>
 <LI><a href="#[5c]">ENET_1588_Timer_IRQHandler</a>
 <LI><a href="#[5d]">ENET_Transmit_IRQHandler</a>
 <LI><a href="#[5e]">ENET_Receive_IRQHandler</a>
 <LI><a href="#[5f]">ENET_Error_IRQHandler</a>
</UL>
</UL>
<P>
<H3>
Function Pointers
</H3><UL>
 <LI><a href="#[31]">ADC0_IRQHandler</a> from startup_mk64f12.o(.text) referenced from startup_mk64f12.o(.isr_vector)
 <LI><a href="#[53]">ADC1_IRQHandler</a> from startup_mk64f12.o(.text) referenced from startup_mk64f12.o(.isr_vector)
 <LI><a href="#[4]">BusFault_Handler</a> from startup_mk64f12.o(.text) referenced from startup_mk64f12.o(.isr_vector)
 <LI><a href="#[56]">CAN0_Bus_Off_IRQHandler</a> from startup_mk64f12.o(.text) referenced from startup_mk64f12.o(.isr_vector)
 <LI><a href="#[8a]">CAN0_DriverIRQHandler</a> from startup_mk64f12.o(.text) referenced from startup_mk64f12.o(.text)
 <LI><a href="#[57]">CAN0_Error_IRQHandler</a> from startup_mk64f12.o(.text) referenced from startup_mk64f12.o(.isr_vector)
 <LI><a href="#[55]">CAN0_ORed_Message_buffer_IRQHandler</a> from startup_mk64f12.o(.text) referenced from startup_mk64f12.o(.isr_vector)
 <LI><a href="#[59]">CAN0_Rx_Warning_IRQHandler</a> from startup_mk64f12.o(.text) referenced from startup_mk64f12.o(.isr_vector)
 <LI><a href="#[58]">CAN0_Tx_Warning_IRQHandler</a> from startup_mk64f12.o(.text) referenced from startup_mk64f12.o(.isr_vector)
 <LI><a href="#[5a]">CAN0_Wake_Up_IRQHandler</a> from startup_mk64f12.o(.text) referenced from startup_mk64f12.o(.isr_vector)
 <LI><a href="#[32]">CMP0_IRQHandler</a> from startup_mk64f12.o(.text) referenced from startup_mk64f12.o(.isr_vector)
 <LI><a href="#[33]">CMP1_IRQHandler</a> from startup_mk64f12.o(.text) referenced from startup_mk64f12.o(.isr_vector)
 <LI><a href="#[50]">CMP2_IRQHandler</a> from startup_mk64f12.o(.text) referenced from startup_mk64f12.o(.isr_vector)
 <LI><a href="#[37]">CMT_IRQHandler</a> from startup_mk64f12.o(.text) referenced from startup_mk64f12.o(.isr_vector)
 <LI><a href="#[42]">DAC0_IRQHandler</a> from startup_mk64f12.o(.text) referenced from startup_mk64f12.o(.isr_vector)
 <LI><a href="#[52]">DAC1_IRQHandler</a> from startup_mk64f12.o(.text) referenced from startup_mk64f12.o(.isr_vector)
 <LI><a href="#[64]">DMA0_DriverIRQHandler</a> from startup_mk64f12.o(.text) referenced from startup_mk64f12.o(.text)
 <LI><a href="#[a]">DMA0_IRQHandler</a> from startup_mk64f12.o(.text) referenced from startup_mk64f12.o(.isr_vector)
 <LI><a href="#[6e]">DMA10_DriverIRQHandler</a> from startup_mk64f12.o(.text) referenced from startup_mk64f12.o(.text)
 <LI><a href="#[14]">DMA10_IRQHandler</a> from startup_mk64f12.o(.text) referenced from startup_mk64f12.o(.isr_vector)
 <LI><a href="#[6f]">DMA11_DriverIRQHandler</a> from startup_mk64f12.o(.text) referenced from startup_mk64f12.o(.text)
 <LI><a href="#[15]">DMA11_IRQHandler</a> from startup_mk64f12.o(.text) referenced from startup_mk64f12.o(.isr_vector)
 <LI><a href="#[70]">DMA12_DriverIRQHandler</a> from startup_mk64f12.o(.text) referenced from startup_mk64f12.o(.text)
 <LI><a href="#[16]">DMA12_IRQHandler</a> from startup_mk64f12.o(.text) referenced from startup_mk64f12.o(.isr_vector)
 <LI><a href="#[71]">DMA13_DriverIRQHandler</a> from startup_mk64f12.o(.text) referenced from startup_mk64f12.o(.text)
 <LI><a href="#[17]">DMA13_IRQHandler</a> from startup_mk64f12.o(.text) referenced from startup_mk64f12.o(.isr_vector)
 <LI><a href="#[72]">DMA14_DriverIRQHandler</a> from startup_mk64f12.o(.text) referenced from startup_mk64f12.o(.text)
 <LI><a href="#[18]">DMA14_IRQHandler</a> from startup_mk64f12.o(.text) referenced from startup_mk64f12.o(.isr_vector)
 <LI><a href="#[73]">DMA15_DriverIRQHandler</a> from startup_mk64f12.o(.text) referenced from startup_mk64f12.o(.text)
 <LI><a href="#[19]">DMA15_IRQHandler</a> from startup_mk64f12.o(.text) referenced from startup_mk64f12.o(.isr_vector)
 <LI><a href="#[65]">DMA1_DriverIRQHandler</a> from startup_mk64f12.o(.text) referenced from startup_mk64f12.o(.text)
 <LI><a href="#[b]">DMA1_IRQHandler</a> from startup_mk64f12.o(.text) referenced from startup_mk64f12.o(.isr_vector)
 <LI><a href="#[66]">DMA2_DriverIRQHandler</a> from startup_mk64f12.o(.text) referenced from startup_mk64f12.o(.text)
 <LI><a href="#[c]">DMA2_IRQHandler</a> from startup_mk64f12.o(.text) referenced from startup_mk64f12.o(.isr_vector)
 <LI><a href="#[67]">DMA3_DriverIRQHandler</a> from startup_mk64f12.o(.text) referenced from startup_mk64f12.o(.text)
 <LI><a href="#[d]">DMA3_IRQHandler</a> from startup_mk64f12.o(.text) referenced from startup_mk64f12.o(.isr_vector)
 <LI><a href="#[68]">DMA4_DriverIRQHandler</a> from startup_mk64f12.o(.text) referenced from startup_mk64f12.o(.text)
 <LI><a href="#[e]">DMA4_IRQHandler</a> from startup_mk64f12.o(.text) referenced from startup_mk64f12.o(.isr_vector)
 <LI><a href="#[69]">DMA5_DriverIRQHandler</a> from startup_mk64f12.o(.text) referenced from startup_mk64f12.o(.text)
 <LI><a href="#[f]">DMA5_IRQHandler</a> from startup_mk64f12.o(.text) referenced from startup_mk64f12.o(.isr_vector)
 <LI><a href="#[6a]">DMA6_DriverIRQHandler</a> from startup_mk64f12.o(.text) referenced from startup_mk64f12.o(.text)
 <LI><a href="#[10]">DMA6_IRQHandler</a> from startup_mk64f12.o(.text) referenced from startup_mk64f12.o(.isr_vector)
 <LI><a href="#[6b]">DMA7_DriverIRQHandler</a> from startup_mk64f12.o(.text) referenced from startup_mk64f12.o(.text)
 <LI><a href="#[11]">DMA7_IRQHandler</a> from startup_mk64f12.o(.text) referenced from startup_mk64f12.o(.isr_vector)
 <LI><a href="#[6c]">DMA8_DriverIRQHandler</a> from startup_mk64f12.o(.text) referenced from startup_mk64f12.o(.text)
 <LI><a href="#[12]">DMA8_IRQHandler</a> from startup_mk64f12.o(.text) referenced from startup_mk64f12.o(.isr_vector)
 <LI><a href="#[6d]">DMA9_DriverIRQHandler</a> from startup_mk64f12.o(.text) referenced from startup_mk64f12.o(.text)
 <LI><a href="#[13]">DMA9_IRQHandler</a> from startup_mk64f12.o(.text) referenced from startup_mk64f12.o(.isr_vector)
 <LI><a href="#[74]">DMA_Error_DriverIRQHandler</a> from startup_mk64f12.o(.text) referenced from startup_mk64f12.o(.text)
 <LI><a href="#[1a]">DMA_Error_IRQHandler</a> from startup_mk64f12.o(.text) referenced from startup_mk64f12.o(.isr_vector)
 <LI><a href="#[7]">DebugMon_Handler</a> from startup_mk64f12.o(.text) referenced from startup_mk64f12.o(.isr_vector)
 <LI><a href="#[60]">DefaultISR</a> from startup_mk64f12.o(.text) referenced from fsl_uart.o(.data.s_uartIsr)
 <LI><a href="#[60]">DefaultISR</a> from startup_mk64f12.o(.text) referenced 153 times from startup_mk64f12.o(.isr_vector)
 <LI><a href="#[8c]">ENET_1588_Timer_DriverIRQHandler</a> from startup_mk64f12.o(.text) referenced from startup_mk64f12.o(.text)
 <LI><a href="#[5c]">ENET_1588_Timer_IRQHandler</a> from startup_mk64f12.o(.text) referenced from startup_mk64f12.o(.isr_vector)
 <LI><a href="#[8f]">ENET_Error_DriverIRQHandler</a> from startup_mk64f12.o(.text) referenced from startup_mk64f12.o(.text)
 <LI><a href="#[5f]">ENET_Error_IRQHandler</a> from startup_mk64f12.o(.text) referenced from startup_mk64f12.o(.isr_vector)
 <LI><a href="#[8e]">ENET_Receive_DriverIRQHandler</a> from startup_mk64f12.o(.text) referenced from startup_mk64f12.o(.text)
 <LI><a href="#[5e]">ENET_Receive_IRQHandler</a> from startup_mk64f12.o(.text) referenced from startup_mk64f12.o(.isr_vector)
 <LI><a href="#[8d]">ENET_Transmit_DriverIRQHandler</a> from startup_mk64f12.o(.text) referenced from startup_mk64f12.o(.text)
 <LI><a href="#[5d]">ENET_Transmit_IRQHandler</a> from startup_mk64f12.o(.text) referenced from startup_mk64f12.o(.isr_vector)
 <LI><a href="#[1c]">FTFE_IRQHandler</a> from startup_mk64f12.o(.text) referenced from startup_mk64f12.o(.isr_vector)
 <LI><a href="#[34]">FTM0_IRQHandler</a> from startup_mk64f12.o(.text) referenced from startup_mk64f12.o(.isr_vector)
 <LI><a href="#[35]">FTM1_IRQHandler</a> from startup_mk64f12.o(.text) referenced from startup_mk64f12.o(.isr_vector)
 <LI><a href="#[36]">FTM2_IRQHandler</a> from startup_mk64f12.o(.text) referenced from startup_mk64f12.o(.isr_vector)
 <LI><a href="#[51]">FTM3_IRQHandler</a> from startup_mk64f12.o(.text) referenced from startup_mk64f12.o(.isr_vector)
 <LI><a href="#[91]">HAL_UartReceiveBlocking</a> from fsl_adapter_uart.o(.text.HAL_UartReceiveBlocking) referenced 2 times from fsl_debug_console.o(.text.DbgConsole_Init)
 <LI><a href="#[90]">HAL_UartSendBlocking</a> from fsl_adapter_uart.o(.text.HAL_UartSendBlocking) referenced 2 times from fsl_debug_console.o(.text.DbgConsole_Init)
 <LI><a href="#[2]">HardFault_Handler</a> from startup_mk64f12.o(.text) referenced from startup_mk64f12.o(.isr_vector)
 <LI><a href="#[2]">HardFault_Handler</a> from startup_mk64f12.o(.text) referenced from startup_mk64f12.o(.text)
 <LI><a href="#[75]">I2C0_DriverIRQHandler</a> from startup_mk64f12.o(.text) referenced from startup_mk64f12.o(.text)
 <LI><a href="#[22]">I2C0_IRQHandler</a> from startup_mk64f12.o(.text) referenced from startup_mk64f12.o(.isr_vector)
 <LI><a href="#[76]">I2C1_DriverIRQHandler</a> from startup_mk64f12.o(.text) referenced from startup_mk64f12.o(.text)
 <LI><a href="#[23]">I2C1_IRQHandler</a> from startup_mk64f12.o(.text) referenced from startup_mk64f12.o(.isr_vector)
 <LI><a href="#[89]">I2C2_DriverIRQHandler</a> from startup_mk64f12.o(.text) referenced from startup_mk64f12.o(.text)
 <LI><a href="#[54]">I2C2_IRQHandler</a> from startup_mk64f12.o(.text) referenced from startup_mk64f12.o(.isr_vector)
 <LI><a href="#[7a]">I2S0_Rx_DriverIRQHandler</a> from startup_mk64f12.o(.text) referenced from startup_mk64f12.o(.text)
 <LI><a href="#[27]">I2S0_Rx_IRQHandler</a> from startup_mk64f12.o(.text) referenced from startup_mk64f12.o(.isr_vector)
 <LI><a href="#[79]">I2S0_Tx_DriverIRQHandler</a> from startup_mk64f12.o(.text) referenced from startup_mk64f12.o(.text)
 <LI><a href="#[26]">I2S0_Tx_IRQHandler</a> from startup_mk64f12.o(.text) referenced from startup_mk64f12.o(.isr_vector)
 <LI><a href="#[1f]">LLWU_IRQHandler</a> from startup_mk64f12.o(.text) referenced from startup_mk64f12.o(.isr_vector)
 <LI><a href="#[44]">LPTMR0_IRQHandler</a> from startup_mk64f12.o(.text) referenced from startup_mk64f12.o(.isr_vector)
 <LI><a href="#[1e]">LVD_LVW_IRQHandler</a> from startup_mk64f12.o(.text) referenced from startup_mk64f12.o(.isr_vector)
 <LI><a href="#[43]">MCG_IRQHandler</a> from startup_mk64f12.o(.text) referenced from startup_mk64f12.o(.isr_vector)
 <LI><a href="#[1b]">MCM_IRQHandler</a> from startup_mk64f12.o(.text) referenced from startup_mk64f12.o(.isr_vector)
 <LI><a href="#[3]">MemManage_Handler</a> from startup_mk64f12.o(.text) referenced from startup_mk64f12.o(.isr_vector)
 <LI><a href="#[1]">NMI_Handler</a> from startup_mk64f12.o(.text) referenced from startup_mk64f12.o(.isr_vector)
 <LI><a href="#[1]">NMI_Handler</a> from startup_mk64f12.o(.text) referenced from startup_mk64f12.o(.text)
 <LI><a href="#[3e]">PDB0_IRQHandler</a> from startup_mk64f12.o(.text) referenced from startup_mk64f12.o(.isr_vector)
 <LI><a href="#[3a]">PIT0_IRQHandler</a> from startup_mk64f12.o(.text) referenced from startup_mk64f12.o(.isr_vector)
 <LI><a href="#[3b]">PIT1_IRQHandler</a> from startup_mk64f12.o(.text) referenced from startup_mk64f12.o(.isr_vector)
 <LI><a href="#[3c]">PIT2_IRQHandler</a> from startup_mk64f12.o(.text) referenced from startup_mk64f12.o(.isr_vector)
 <LI><a href="#[3d]">PIT3_IRQHandler</a> from startup_mk64f12.o(.text) referenced from startup_mk64f12.o(.isr_vector)
 <LI><a href="#[45]">PORTA_IRQHandler</a> from startup_mk64f12.o(.text) referenced from startup_mk64f12.o(.isr_vector)
 <LI><a href="#[46]">PORTB_IRQHandler</a> from adc16_interrupt.o(.text.PORTB_IRQHandler) referenced from startup_mk64f12.o(.isr_vector)
 <LI><a href="#[47]">PORTC_IRQHandler</a> from startup_mk64f12.o(.text) referenced from startup_mk64f12.o(.isr_vector)
 <LI><a href="#[48]">PORTD_IRQHandler</a> from startup_mk64f12.o(.text) referenced from startup_mk64f12.o(.isr_vector)
 <LI><a href="#[49]">PORTE_IRQHandler</a> from startup_mk64f12.o(.text) referenced from startup_mk64f12.o(.isr_vector)
 <LI><a href="#[8]">PendSV_Handler</a> from startup_mk64f12.o(.text) referenced from startup_mk64f12.o(.isr_vector)
 <LI><a href="#[8]">PendSV_Handler</a> from startup_mk64f12.o(.text) referenced from startup_mk64f12.o(.text)
 <LI><a href="#[21]">RNG_IRQHandler</a> from startup_mk64f12.o(.text) referenced from startup_mk64f12.o(.isr_vector)
 <LI><a href="#[38]">RTC_IRQHandler</a> from startup_mk64f12.o(.text) referenced from startup_mk64f12.o(.isr_vector)
 <LI><a href="#[39]">RTC_Seconds_IRQHandler</a> from startup_mk64f12.o(.text) referenced from startup_mk64f12.o(.isr_vector)
 <LI><a href="#[1d]">Read_Collision_IRQHandler</a> from startup_mk64f12.o(.text) referenced from startup_mk64f12.o(.isr_vector)
 <LI><a href="#[41]">Reserved71_IRQHandler</a> from startup_mk64f12.o(.text) referenced from startup_mk64f12.o(.isr_vector)
 <LI><a href="#[0]">Reset_Handler</a> from startup_mk64f12.o(.text) referenced from startup_mk64f12.o(.isr_vector)
 <LI><a href="#[8b]">SDHC_DriverIRQHandler</a> from startup_mk64f12.o(.text) referenced from startup_mk64f12.o(.text)
 <LI><a href="#[5b]">SDHC_IRQHandler</a> from startup_mk64f12.o(.text) referenced from startup_mk64f12.o(.isr_vector)
 <LI><a href="#[77]">SPI0_DriverIRQHandler</a> from startup_mk64f12.o(.text) referenced from startup_mk64f12.o(.text)
 <LI><a href="#[24]">SPI0_IRQHandler</a> from startup_mk64f12.o(.text) referenced from startup_mk64f12.o(.isr_vector)
 <LI><a href="#[78]">SPI1_DriverIRQHandler</a> from startup_mk64f12.o(.text) referenced from startup_mk64f12.o(.text)
 <LI><a href="#[25]">SPI1_IRQHandler</a> from startup_mk64f12.o(.text) referenced from startup_mk64f12.o(.isr_vector)
 <LI><a href="#[84]">SPI2_DriverIRQHandler</a> from startup_mk64f12.o(.text) referenced from startup_mk64f12.o(.text)
 <LI><a href="#[4b]">SPI2_IRQHandler</a> from startup_mk64f12.o(.text) referenced from startup_mk64f12.o(.isr_vector)
 <LI><a href="#[6]">SVC_Handler</a> from startup_mk64f12.o(.text) referenced from startup_mk64f12.o(.isr_vector)
 <LI><a href="#[6]">SVC_Handler</a> from startup_mk64f12.o(.text) referenced from startup_mk64f12.o(.text)
 <LI><a href="#[4a]">SWI_IRQHandler</a> from startup_mk64f12.o(.text) referenced from startup_mk64f12.o(.isr_vector)
 <LI><a href="#[9]">SysTick_Handler</a> from startup_mk64f12.o(.text) referenced from startup_mk64f12.o(.isr_vector)
 <LI><a href="#[9]">SysTick_Handler</a> from startup_mk64f12.o(.text) referenced from startup_mk64f12.o(.text)
 <LI><a href="#[62]">SystemInit</a> from system_mk64f12.o(.text.SystemInit) referenced from startup_mk64f12.o(.text)
 <LI><a href="#[7d]">UART0_ERR_DriverIRQHandler</a> from startup_mk64f12.o(.text) referenced from startup_mk64f12.o(.text)
 <LI><a href="#[2a]">UART0_ERR_IRQHandler</a> from startup_mk64f12.o(.text) referenced from startup_mk64f12.o(.isr_vector)
 <LI><a href="#[7b]">UART0_LON_DriverIRQHandler</a> from startup_mk64f12.o(.text) referenced from startup_mk64f12.o(.text)
 <LI><a href="#[28]">UART0_LON_IRQHandler</a> from startup_mk64f12.o(.text) referenced from startup_mk64f12.o(.isr_vector)
 <LI><a href="#[7c]">UART0_RX_TX_DriverIRQHandler</a> from fsl_uart.o(.text.UART0_RX_TX_DriverIRQHandler) referenced from startup_mk64f12.o(.text)
 <LI><a href="#[29]">UART0_RX_TX_IRQHandler</a> from startup_mk64f12.o(.text) referenced from startup_mk64f12.o(.isr_vector)
 <LI><a href="#[7f]">UART1_ERR_DriverIRQHandler</a> from startup_mk64f12.o(.text) referenced from startup_mk64f12.o(.text)
 <LI><a href="#[2c]">UART1_ERR_IRQHandler</a> from startup_mk64f12.o(.text) referenced from startup_mk64f12.o(.isr_vector)
 <LI><a href="#[7e]">UART1_RX_TX_DriverIRQHandler</a> from fsl_uart.o(.text.UART1_RX_TX_DriverIRQHandler) referenced from startup_mk64f12.o(.text)
 <LI><a href="#[2b]">UART1_RX_TX_IRQHandler</a> from startup_mk64f12.o(.text) referenced from startup_mk64f12.o(.isr_vector)
 <LI><a href="#[81]">UART2_ERR_DriverIRQHandler</a> from startup_mk64f12.o(.text) referenced from startup_mk64f12.o(.text)
 <LI><a href="#[2e]">UART2_ERR_IRQHandler</a> from startup_mk64f12.o(.text) referenced from startup_mk64f12.o(.isr_vector)
 <LI><a href="#[80]">UART2_RX_TX_DriverIRQHandler</a> from fsl_uart.o(.text.UART2_RX_TX_DriverIRQHandler) referenced from startup_mk64f12.o(.text)
 <LI><a href="#[2d]">UART2_RX_TX_IRQHandler</a> from startup_mk64f12.o(.text) referenced from startup_mk64f12.o(.isr_vector)
 <LI><a href="#[83]">UART3_ERR_DriverIRQHandler</a> from startup_mk64f12.o(.text) referenced from startup_mk64f12.o(.text)
 <LI><a href="#[30]">UART3_ERR_IRQHandler</a> from startup_mk64f12.o(.text) referenced from startup_mk64f12.o(.isr_vector)
 <LI><a href="#[82]">UART3_RX_TX_DriverIRQHandler</a> from fsl_uart.o(.text.UART3_RX_TX_DriverIRQHandler) referenced from startup_mk64f12.o(.text)
 <LI><a href="#[2f]">UART3_RX_TX_IRQHandler</a> from startup_mk64f12.o(.text) referenced from startup_mk64f12.o(.isr_vector)
 <LI><a href="#[86]">UART4_ERR_DriverIRQHandler</a> from startup_mk64f12.o(.text) referenced from startup_mk64f12.o(.text)
 <LI><a href="#[4d]">UART4_ERR_IRQHandler</a> from startup_mk64f12.o(.text) referenced from startup_mk64f12.o(.isr_vector)
 <LI><a href="#[85]">UART4_RX_TX_DriverIRQHandler</a> from fsl_uart.o(.text.UART4_RX_TX_DriverIRQHandler) referenced from startup_mk64f12.o(.text)
 <LI><a href="#[4c]">UART4_RX_TX_IRQHandler</a> from startup_mk64f12.o(.text) referenced from startup_mk64f12.o(.isr_vector)
 <LI><a href="#[88]">UART5_ERR_DriverIRQHandler</a> from startup_mk64f12.o(.text) referenced from startup_mk64f12.o(.text)
 <LI><a href="#[4f]">UART5_ERR_IRQHandler</a> from startup_mk64f12.o(.text) referenced from startup_mk64f12.o(.isr_vector)
 <LI><a href="#[87]">UART5_RX_TX_DriverIRQHandler</a> from fsl_uart.o(.text.UART5_RX_TX_DriverIRQHandler) referenced from startup_mk64f12.o(.text)
 <LI><a href="#[4e]">UART5_RX_TX_IRQHandler</a> from startup_mk64f12.o(.text) referenced from startup_mk64f12.o(.isr_vector)
 <LI><a href="#[3f]">USB0_IRQHandler</a> from startup_mk64f12.o(.text) referenced from startup_mk64f12.o(.isr_vector)
 <LI><a href="#[40]">USBDCD_IRQHandler</a> from startup_mk64f12.o(.text) referenced from startup_mk64f12.o(.isr_vector)
 <LI><a href="#[5]">UsageFault_Handler</a> from startup_mk64f12.o(.text) referenced from startup_mk64f12.o(.isr_vector)
 <LI><a href="#[20]">WDOG_EWM_IRQHandler</a> from startup_mk64f12.o(.text) referenced from startup_mk64f12.o(.isr_vector)
 <LI><a href="#[63]">__main</a> from entry.o(.ARM.Collect$$$$00000000) referenced from startup_mk64f12.o(.text)
 <LI><a href="#[61]">main</a> from adc16_interrupt.o(.text.main) referenced from entry9a.o(.ARM.Collect$$$$0000000B)
</UL>
<P>
<H3>
Global Symbols
</H3>
<P><STRONG><a name="[63]"></a>__main</STRONG> (Thumb, 0 bytes, Stack size unknown bytes, entry.o(.ARM.Collect$$$$00000000))
<BR>[Address Reference Count : 1]<UL><LI> startup_mk64f12.o(.text)
</UL>
<P><STRONG><a name="[d4]"></a>_main_stk</STRONG> (Thumb, 0 bytes, Stack size unknown bytes, entry4.o(.ARM.Collect$$$$00000003))

<P><STRONG><a name="[92]"></a>_main_scatterload</STRONG> (Thumb, 0 bytes, Stack size unknown bytes, entry5.o(.ARM.Collect$$$$00000004))
<BR><BR>[Calls]<UL><LI><a href="#[93]">&gt;&gt;</a>&nbsp;&nbsp;&nbsp;__scatterload
</UL>

<P><STRONG><a name="[a3]"></a>__main_after_scatterload</STRONG> (Thumb, 0 bytes, Stack size unknown bytes, entry5.o(.ARM.Collect$$$$00000004))
<BR><BR>[Called By]<UL><LI><a href="#[93]">&gt;&gt;</a>&nbsp;&nbsp;&nbsp;__scatterload
</UL>

<P><STRONG><a name="[d5]"></a>_main_clock</STRONG> (Thumb, 0 bytes, Stack size unknown bytes, entry7b.o(.ARM.Collect$$$$00000008))

<P><STRONG><a name="[d6]"></a>_main_cpp_init</STRONG> (Thumb, 0 bytes, Stack size unknown bytes, entry8b.o(.ARM.Collect$$$$0000000A))

<P><STRONG><a name="[d7]"></a>_main_init</STRONG> (Thumb, 0 bytes, Stack size unknown bytes, entry9a.o(.ARM.Collect$$$$0000000B))

<P><STRONG><a name="[d8]"></a>__rt_final_cpp</STRONG> (Thumb, 0 bytes, Stack size unknown bytes, entry10a.o(.ARM.Collect$$$$0000000D))

<P><STRONG><a name="[d9]"></a>__rt_final_exit</STRONG> (Thumb, 0 bytes, Stack size unknown bytes, entry11a.o(.ARM.Collect$$$$0000000F))

<P><STRONG><a name="[0]"></a>Reset_Handler</STRONG> (Thumb, 40 bytes, Stack size unknown bytes, startup_mk64f12.o(.text))
<BR>[Address Reference Count : 1]<UL><LI> startup_mk64f12.o(.isr_vector)
</UL>
<P><STRONG><a name="[31]"></a>ADC0_IRQHandler</STRONG> (Thumb, 4 bytes, Stack size unknown bytes, startup_mk64f12.o(.text))
<BR><BR>[Calls]<UL><LI><a href="#[60]">&gt;&gt;</a>&nbsp;&nbsp;&nbsp;DefaultISR
</UL>
<BR>[Address Reference Count : 1]<UL><LI> startup_mk64f12.o(.isr_vector)
</UL>
<P><STRONG><a name="[53]"></a>ADC1_IRQHandler</STRONG> (Thumb, 4 bytes, Stack size unknown bytes, startup_mk64f12.o(.text))
<BR>[Address Reference Count : 1]<UL><LI> startup_mk64f12.o(.isr_vector)
</UL>
<P><STRONG><a name="[4]"></a>BusFault_Handler</STRONG> (Thumb, 4 bytes, Stack size unknown bytes, startup_mk64f12.o(.text))
<BR>[Address Reference Count : 1]<UL><LI> startup_mk64f12.o(.isr_vector)
</UL>
<P><STRONG><a name="[8a]"></a>CAN0_DriverIRQHandler</STRONG> (Thumb, 4 bytes, Stack size unknown bytes, startup_mk64f12.o(.text))
<BR>[Address Reference Count : 1]<UL><LI> startup_mk64f12.o(.text)
</UL>
<P><STRONG><a name="[32]"></a>CMP0_IRQHandler</STRONG> (Thumb, 4 bytes, Stack size unknown bytes, startup_mk64f12.o(.text))
<BR>[Address Reference Count : 1]<UL><LI> startup_mk64f12.o(.isr_vector)
</UL>
<P><STRONG><a name="[33]"></a>CMP1_IRQHandler</STRONG> (Thumb, 4 bytes, Stack size unknown bytes, startup_mk64f12.o(.text))
<BR>[Address Reference Count : 1]<UL><LI> startup_mk64f12.o(.isr_vector)
</UL>
<P><STRONG><a name="[50]"></a>CMP2_IRQHandler</STRONG> (Thumb, 4 bytes, Stack size unknown bytes, startup_mk64f12.o(.text))
<BR>[Address Reference Count : 1]<UL><LI> startup_mk64f12.o(.isr_vector)
</UL>
<P><STRONG><a name="[37]"></a>CMT_IRQHandler</STRONG> (Thumb, 4 bytes, Stack size unknown bytes, startup_mk64f12.o(.text))
<BR>[Address Reference Count : 1]<UL><LI> startup_mk64f12.o(.isr_vector)
</UL>
<P><STRONG><a name="[42]"></a>DAC0_IRQHandler</STRONG> (Thumb, 4 bytes, Stack size unknown bytes, startup_mk64f12.o(.text))
<BR>[Address Reference Count : 1]<UL><LI> startup_mk64f12.o(.isr_vector)
</UL>
<P><STRONG><a name="[52]"></a>DAC1_IRQHandler</STRONG> (Thumb, 4 bytes, Stack size unknown bytes, startup_mk64f12.o(.text))
<BR>[Address Reference Count : 1]<UL><LI> startup_mk64f12.o(.isr_vector)
</UL>
<P><STRONG><a name="[64]"></a>DMA0_DriverIRQHandler</STRONG> (Thumb, 4 bytes, Stack size unknown bytes, startup_mk64f12.o(.text))
<BR>[Address Reference Count : 1]<UL><LI> startup_mk64f12.o(.text)
</UL>
<P><STRONG><a name="[6e]"></a>DMA10_DriverIRQHandler</STRONG> (Thumb, 4 bytes, Stack size unknown bytes, startup_mk64f12.o(.text))
<BR>[Address Reference Count : 1]<UL><LI> startup_mk64f12.o(.text)
</UL>
<P><STRONG><a name="[6f]"></a>DMA11_DriverIRQHandler</STRONG> (Thumb, 4 bytes, Stack size unknown bytes, startup_mk64f12.o(.text))
<BR>[Address Reference Count : 1]<UL><LI> startup_mk64f12.o(.text)
</UL>
<P><STRONG><a name="[70]"></a>DMA12_DriverIRQHandler</STRONG> (Thumb, 4 bytes, Stack size unknown bytes, startup_mk64f12.o(.text))
<BR>[Address Reference Count : 1]<UL><LI> startup_mk64f12.o(.text)
</UL>
<P><STRONG><a name="[71]"></a>DMA13_DriverIRQHandler</STRONG> (Thumb, 4 bytes, Stack size unknown bytes, startup_mk64f12.o(.text))
<BR>[Address Reference Count : 1]<UL><LI> startup_mk64f12.o(.text)
</UL>
<P><STRONG><a name="[72]"></a>DMA14_DriverIRQHandler</STRONG> (Thumb, 4 bytes, Stack size unknown bytes, startup_mk64f12.o(.text))
<BR>[Address Reference Count : 1]<UL><LI> startup_mk64f12.o(.text)
</UL>
<P><STRONG><a name="[73]"></a>DMA15_DriverIRQHandler</STRONG> (Thumb, 4 bytes, Stack size unknown bytes, startup_mk64f12.o(.text))
<BR>[Address Reference Count : 1]<UL><LI> startup_mk64f12.o(.text)
</UL>
<P><STRONG><a name="[65]"></a>DMA1_DriverIRQHandler</STRONG> (Thumb, 4 bytes, Stack size unknown bytes, startup_mk64f12.o(.text))
<BR>[Address Reference Count : 1]<UL><LI> startup_mk64f12.o(.text)
</UL>
<P><STRONG><a name="[66]"></a>DMA2_DriverIRQHandler</STRONG> (Thumb, 4 bytes, Stack size unknown bytes, startup_mk64f12.o(.text))
<BR>[Address Reference Count : 1]<UL><LI> startup_mk64f12.o(.text)
</UL>
<P><STRONG><a name="[67]"></a>DMA3_DriverIRQHandler</STRONG> (Thumb, 4 bytes, Stack size unknown bytes, startup_mk64f12.o(.text))
<BR>[Address Reference Count : 1]<UL><LI> startup_mk64f12.o(.text)
</UL>
<P><STRONG><a name="[68]"></a>DMA4_DriverIRQHandler</STRONG> (Thumb, 4 bytes, Stack size unknown bytes, startup_mk64f12.o(.text))
<BR>[Address Reference Count : 1]<UL><LI> startup_mk64f12.o(.text)
</UL>
<P><STRONG><a name="[69]"></a>DMA5_DriverIRQHandler</STRONG> (Thumb, 4 bytes, Stack size unknown bytes, startup_mk64f12.o(.text))
<BR>[Address Reference Count : 1]<UL><LI> startup_mk64f12.o(.text)
</UL>
<P><STRONG><a name="[6a]"></a>DMA6_DriverIRQHandler</STRONG> (Thumb, 4 bytes, Stack size unknown bytes, startup_mk64f12.o(.text))
<BR>[Address Reference Count : 1]<UL><LI> startup_mk64f12.o(.text)
</UL>
<P><STRONG><a name="[6b]"></a>DMA7_DriverIRQHandler</STRONG> (Thumb, 4 bytes, Stack size unknown bytes, startup_mk64f12.o(.text))
<BR>[Address Reference Count : 1]<UL><LI> startup_mk64f12.o(.text)
</UL>
<P><STRONG><a name="[6c]"></a>DMA8_DriverIRQHandler</STRONG> (Thumb, 4 bytes, Stack size unknown bytes, startup_mk64f12.o(.text))
<BR>[Address Reference Count : 1]<UL><LI> startup_mk64f12.o(.text)
</UL>
<P><STRONG><a name="[6d]"></a>DMA9_DriverIRQHandler</STRONG> (Thumb, 4 bytes, Stack size unknown bytes, startup_mk64f12.o(.text))
<BR>[Address Reference Count : 1]<UL><LI> startup_mk64f12.o(.text)
</UL>
<P><STRONG><a name="[74]"></a>DMA_Error_DriverIRQHandler</STRONG> (Thumb, 4 bytes, Stack size unknown bytes, startup_mk64f12.o(.text))
<BR>[Address Reference Count : 1]<UL><LI> startup_mk64f12.o(.text)
</UL>
<P><STRONG><a name="[7]"></a>DebugMon_Handler</STRONG> (Thumb, 4 bytes, Stack size unknown bytes, startup_mk64f12.o(.text))
<BR>[Address Reference Count : 1]<UL><LI> startup_mk64f12.o(.isr_vector)
</UL>
<P><STRONG><a name="[60]"></a>DefaultISR</STRONG> (Thumb, 4 bytes, Stack size unknown bytes, startup_mk64f12.o(.text))
<BR><BR>[Called By]<UL><LI><a href="#[31]">&gt;&gt;</a>&nbsp;&nbsp;&nbsp;ADC0_IRQHandler
</UL>
<BR>[Address Reference Count : 2]<UL><LI> startup_mk64f12.o(.isr_vector)
<LI> fsl_uart.o(.data.s_uartIsr)
</UL>
<P><STRONG><a name="[8c]"></a>ENET_1588_Timer_DriverIRQHandler</STRONG> (Thumb, 4 bytes, Stack size unknown bytes, startup_mk64f12.o(.text))
<BR>[Address Reference Count : 1]<UL><LI> startup_mk64f12.o(.text)
</UL>
<P><STRONG><a name="[8f]"></a>ENET_Error_DriverIRQHandler</STRONG> (Thumb, 4 bytes, Stack size unknown bytes, startup_mk64f12.o(.text))
<BR>[Address Reference Count : 1]<UL><LI> startup_mk64f12.o(.text)
</UL>
<P><STRONG><a name="[8e]"></a>ENET_Receive_DriverIRQHandler</STRONG> (Thumb, 4 bytes, Stack size unknown bytes, startup_mk64f12.o(.text))
<BR>[Address Reference Count : 1]<UL><LI> startup_mk64f12.o(.text)
</UL>
<P><STRONG><a name="[8d]"></a>ENET_Transmit_DriverIRQHandler</STRONG> (Thumb, 4 bytes, Stack size unknown bytes, startup_mk64f12.o(.text))
<BR>[Address Reference Count : 1]<UL><LI> startup_mk64f12.o(.text)
</UL>
<P><STRONG><a name="[1c]"></a>FTFE_IRQHandler</STRONG> (Thumb, 4 bytes, Stack size unknown bytes, startup_mk64f12.o(.text))
<BR>[Address Reference Count : 1]<UL><LI> startup_mk64f12.o(.isr_vector)
</UL>
<P><STRONG><a name="[34]"></a>FTM0_IRQHandler</STRONG> (Thumb, 4 bytes, Stack size unknown bytes, startup_mk64f12.o(.text))
<BR>[Address Reference Count : 1]<UL><LI> startup_mk64f12.o(.isr_vector)
</UL>
<P><STRONG><a name="[35]"></a>FTM1_IRQHandler</STRONG> (Thumb, 4 bytes, Stack size unknown bytes, startup_mk64f12.o(.text))
<BR>[Address Reference Count : 1]<UL><LI> startup_mk64f12.o(.isr_vector)
</UL>
<P><STRONG><a name="[36]"></a>FTM2_IRQHandler</STRONG> (Thumb, 4 bytes, Stack size unknown bytes, startup_mk64f12.o(.text))
<BR>[Address Reference Count : 1]<UL><LI> startup_mk64f12.o(.isr_vector)
</UL>
<P><STRONG><a name="[51]"></a>FTM3_IRQHandler</STRONG> (Thumb, 4 bytes, Stack size unknown bytes, startup_mk64f12.o(.text))
<BR>[Address Reference Count : 1]<UL><LI> startup_mk64f12.o(.isr_vector)
</UL>
<P><STRONG><a name="[75]"></a>I2C0_DriverIRQHandler</STRONG> (Thumb, 4 bytes, Stack size unknown bytes, startup_mk64f12.o(.text))
<BR>[Address Reference Count : 1]<UL><LI> startup_mk64f12.o(.text)
</UL>
<P><STRONG><a name="[76]"></a>I2C1_DriverIRQHandler</STRONG> (Thumb, 4 bytes, Stack size unknown bytes, startup_mk64f12.o(.text))
<BR>[Address Reference Count : 1]<UL><LI> startup_mk64f12.o(.text)
</UL>
<P><STRONG><a name="[89]"></a>I2C2_DriverIRQHandler</STRONG> (Thumb, 4 bytes, Stack size unknown bytes, startup_mk64f12.o(.text))
<BR>[Address Reference Count : 1]<UL><LI> startup_mk64f12.o(.text)
</UL>
<P><STRONG><a name="[7a]"></a>I2S0_Rx_DriverIRQHandler</STRONG> (Thumb, 4 bytes, Stack size unknown bytes, startup_mk64f12.o(.text))
<BR>[Address Reference Count : 1]<UL><LI> startup_mk64f12.o(.text)
</UL>
<P><STRONG><a name="[79]"></a>I2S0_Tx_DriverIRQHandler</STRONG> (Thumb, 4 bytes, Stack size unknown bytes, startup_mk64f12.o(.text))
<BR>[Address Reference Count : 1]<UL><LI> startup_mk64f12.o(.text)
</UL>
<P><STRONG><a name="[1f]"></a>LLWU_IRQHandler</STRONG> (Thumb, 4 bytes, Stack size unknown bytes, startup_mk64f12.o(.text))
<BR>[Address Reference Count : 1]<UL><LI> startup_mk64f12.o(.isr_vector)
</UL>
<P><STRONG><a name="[44]"></a>LPTMR0_IRQHandler</STRONG> (Thumb, 4 bytes, Stack size unknown bytes, startup_mk64f12.o(.text))
<BR>[Address Reference Count : 1]<UL><LI> startup_mk64f12.o(.isr_vector)
</UL>
<P><STRONG><a name="[1e]"></a>LVD_LVW_IRQHandler</STRONG> (Thumb, 4 bytes, Stack size unknown bytes, startup_mk64f12.o(.text))
<BR>[Address Reference Count : 1]<UL><LI> startup_mk64f12.o(.isr_vector)
</UL>
<P><STRONG><a name="[43]"></a>MCG_IRQHandler</STRONG> (Thumb, 4 bytes, Stack size unknown bytes, startup_mk64f12.o(.text))
<BR>[Address Reference Count : 1]<UL><LI> startup_mk64f12.o(.isr_vector)
</UL>
<P><STRONG><a name="[1b]"></a>MCM_IRQHandler</STRONG> (Thumb, 4 bytes, Stack size unknown bytes, startup_mk64f12.o(.text))
<BR>[Address Reference Count : 1]<UL><LI> startup_mk64f12.o(.isr_vector)
</UL>
<P><STRONG><a name="[3]"></a>MemManage_Handler</STRONG> (Thumb, 4 bytes, Stack size unknown bytes, startup_mk64f12.o(.text))
<BR>[Address Reference Count : 1]<UL><LI> startup_mk64f12.o(.isr_vector)
</UL>
<P><STRONG><a name="[3e]"></a>PDB0_IRQHandler</STRONG> (Thumb, 4 bytes, Stack size unknown bytes, startup_mk64f12.o(.text))
<BR>[Address Reference Count : 1]<UL><LI> startup_mk64f12.o(.isr_vector)
</UL>
<P><STRONG><a name="[3a]"></a>PIT0_IRQHandler</STRONG> (Thumb, 4 bytes, Stack size unknown bytes, startup_mk64f12.o(.text))
<BR>[Address Reference Count : 1]<UL><LI> startup_mk64f12.o(.isr_vector)
</UL>
<P><STRONG><a name="[3b]"></a>PIT1_IRQHandler</STRONG> (Thumb, 4 bytes, Stack size unknown bytes, startup_mk64f12.o(.text))
<BR>[Address Reference Count : 1]<UL><LI> startup_mk64f12.o(.isr_vector)
</UL>
<P><STRONG><a name="[3c]"></a>PIT2_IRQHandler</STRONG> (Thumb, 4 bytes, Stack size unknown bytes, startup_mk64f12.o(.text))
<BR>[Address Reference Count : 1]<UL><LI> startup_mk64f12.o(.isr_vector)
</UL>
<P><STRONG><a name="[3d]"></a>PIT3_IRQHandler</STRONG> (Thumb, 4 bytes, Stack size unknown bytes, startup_mk64f12.o(.text))
<BR>[Address Reference Count : 1]<UL><LI> startup_mk64f12.o(.isr_vector)
</UL>
<P><STRONG><a name="[45]"></a>PORTA_IRQHandler</STRONG> (Thumb, 4 bytes, Stack size unknown bytes, startup_mk64f12.o(.text))
<BR>[Address Reference Count : 1]<UL><LI> startup_mk64f12.o(.isr_vector)
</UL>
<P><STRONG><a name="[47]"></a>PORTC_IRQHandler</STRONG> (Thumb, 4 bytes, Stack size unknown bytes, startup_mk64f12.o(.text))
<BR>[Address Reference Count : 1]<UL><LI> startup_mk64f12.o(.isr_vector)
</UL>
<P><STRONG><a name="[48]"></a>PORTD_IRQHandler</STRONG> (Thumb, 4 bytes, Stack size unknown bytes, startup_mk64f12.o(.text))
<BR>[Address Reference Count : 1]<UL><LI> startup_mk64f12.o(.isr_vector)
</UL>
<P><STRONG><a name="[49]"></a>PORTE_IRQHandler</STRONG> (Thumb, 4 bytes, Stack size unknown bytes, startup_mk64f12.o(.text))
<BR>[Address Reference Count : 1]<UL><LI> startup_mk64f12.o(.isr_vector)
</UL>
<P><STRONG><a name="[21]"></a>RNG_IRQHandler</STRONG> (Thumb, 4 bytes, Stack size unknown bytes, startup_mk64f12.o(.text))
<BR>[Address Reference Count : 1]<UL><LI> startup_mk64f12.o(.isr_vector)
</UL>
<P><STRONG><a name="[38]"></a>RTC_IRQHandler</STRONG> (Thumb, 4 bytes, Stack size unknown bytes, startup_mk64f12.o(.text))
<BR>[Address Reference Count : 1]<UL><LI> startup_mk64f12.o(.isr_vector)
</UL>
<P><STRONG><a name="[39]"></a>RTC_Seconds_IRQHandler</STRONG> (Thumb, 4 bytes, Stack size unknown bytes, startup_mk64f12.o(.text))
<BR>[Address Reference Count : 1]<UL><LI> startup_mk64f12.o(.isr_vector)
</UL>
<P><STRONG><a name="[1d]"></a>Read_Collision_IRQHandler</STRONG> (Thumb, 4 bytes, Stack size unknown bytes, startup_mk64f12.o(.text))
<BR>[Address Reference Count : 1]<UL><LI> startup_mk64f12.o(.isr_vector)
</UL>
<P><STRONG><a name="[41]"></a>Reserved71_IRQHandler</STRONG> (Thumb, 4 bytes, Stack size unknown bytes, startup_mk64f12.o(.text))
<BR>[Address Reference Count : 1]<UL><LI> startup_mk64f12.o(.isr_vector)
</UL>
<P><STRONG><a name="[8b]"></a>SDHC_DriverIRQHandler</STRONG> (Thumb, 4 bytes, Stack size unknown bytes, startup_mk64f12.o(.text))
<BR>[Address Reference Count : 1]<UL><LI> startup_mk64f12.o(.text)
</UL>
<P><STRONG><a name="[77]"></a>SPI0_DriverIRQHandler</STRONG> (Thumb, 4 bytes, Stack size unknown bytes, startup_mk64f12.o(.text))
<BR>[Address Reference Count : 1]<UL><LI> startup_mk64f12.o(.text)
</UL>
<P><STRONG><a name="[78]"></a>SPI1_DriverIRQHandler</STRONG> (Thumb, 4 bytes, Stack size unknown bytes, startup_mk64f12.o(.text))
<BR>[Address Reference Count : 1]<UL><LI> startup_mk64f12.o(.text)
</UL>
<P><STRONG><a name="[84]"></a>SPI2_DriverIRQHandler</STRONG> (Thumb, 4 bytes, Stack size unknown bytes, startup_mk64f12.o(.text))
<BR>[Address Reference Count : 1]<UL><LI> startup_mk64f12.o(.text)
</UL>
<P><STRONG><a name="[4a]"></a>SWI_IRQHandler</STRONG> (Thumb, 4 bytes, Stack size unknown bytes, startup_mk64f12.o(.text))
<BR>[Address Reference Count : 1]<UL><LI> startup_mk64f12.o(.isr_vector)
</UL>
<P><STRONG><a name="[7d]"></a>UART0_ERR_DriverIRQHandler</STRONG> (Thumb, 4 bytes, Stack size unknown bytes, startup_mk64f12.o(.text))
<BR>[Address Reference Count : 1]<UL><LI> startup_mk64f12.o(.text)
</UL>
<P><STRONG><a name="[7b]"></a>UART0_LON_DriverIRQHandler</STRONG> (Thumb, 4 bytes, Stack size unknown bytes, startup_mk64f12.o(.text))
<BR>[Address Reference Count : 1]<UL><LI> startup_mk64f12.o(.text)
</UL>
<P><STRONG><a name="[7f]"></a>UART1_ERR_DriverIRQHandler</STRONG> (Thumb, 4 bytes, Stack size unknown bytes, startup_mk64f12.o(.text))
<BR>[Address Reference Count : 1]<UL><LI> startup_mk64f12.o(.text)
</UL>
<P><STRONG><a name="[81]"></a>UART2_ERR_DriverIRQHandler</STRONG> (Thumb, 4 bytes, Stack size unknown bytes, startup_mk64f12.o(.text))
<BR>[Address Reference Count : 1]<UL><LI> startup_mk64f12.o(.text)
</UL>
<P><STRONG><a name="[83]"></a>UART3_ERR_DriverIRQHandler</STRONG> (Thumb, 4 bytes, Stack size unknown bytes, startup_mk64f12.o(.text))
<BR>[Address Reference Count : 1]<UL><LI> startup_mk64f12.o(.text)
</UL>
<P><STRONG><a name="[86]"></a>UART4_ERR_DriverIRQHandler</STRONG> (Thumb, 4 bytes, Stack size unknown bytes, startup_mk64f12.o(.text))
<BR>[Address Reference Count : 1]<UL><LI> startup_mk64f12.o(.text)
</UL>
<P><STRONG><a name="[88]"></a>UART5_ERR_DriverIRQHandler</STRONG> (Thumb, 4 bytes, Stack size unknown bytes, startup_mk64f12.o(.text))
<BR>[Address Reference Count : 1]<UL><LI> startup_mk64f12.o(.text)
</UL>
<P><STRONG><a name="[3f]"></a>USB0_IRQHandler</STRONG> (Thumb, 4 bytes, Stack size unknown bytes, startup_mk64f12.o(.text))
<BR>[Address Reference Count : 1]<UL><LI> startup_mk64f12.o(.isr_vector)
</UL>
<P><STRONG><a name="[40]"></a>USBDCD_IRQHandler</STRONG> (Thumb, 4 bytes, Stack size unknown bytes, startup_mk64f12.o(.text))
<BR>[Address Reference Count : 1]<UL><LI> startup_mk64f12.o(.isr_vector)
</UL>
<P><STRONG><a name="[5]"></a>UsageFault_Handler</STRONG> (Thumb, 4 bytes, Stack size unknown bytes, startup_mk64f12.o(.text))
<BR>[Address Reference Count : 1]<UL><LI> startup_mk64f12.o(.isr_vector)
</UL>
<P><STRONG><a name="[20]"></a>WDOG_EWM_IRQHandler</STRONG> (Thumb, 4 bytes, Stack size unknown bytes, startup_mk64f12.o(.text))
<BR>[Address Reference Count : 1]<UL><LI> startup_mk64f12.o(.isr_vector)
</UL>
<P><STRONG><a name="[1]"></a>NMI_Handler</STRONG> (Thumb, 4 bytes, Stack size unknown bytes, startup_mk64f12.o(.text))
<BR>[Address Reference Count : 2]<UL><LI> startup_mk64f12.o(.text)
<LI> startup_mk64f12.o(.isr_vector)
</UL>
<P><STRONG><a name="[2]"></a>HardFault_Handler</STRONG> (Thumb, 4 bytes, Stack size unknown bytes, startup_mk64f12.o(.text))
<BR>[Address Reference Count : 2]<UL><LI> startup_mk64f12.o(.text)
<LI> startup_mk64f12.o(.isr_vector)
</UL>
<P><STRONG><a name="[6]"></a>SVC_Handler</STRONG> (Thumb, 4 bytes, Stack size unknown bytes, startup_mk64f12.o(.text))
<BR>[Address Reference Count : 2]<UL><LI> startup_mk64f12.o(.text)
<LI> startup_mk64f12.o(.isr_vector)
</UL>
<P><STRONG><a name="[8]"></a>PendSV_Handler</STRONG> (Thumb, 4 bytes, Stack size unknown bytes, startup_mk64f12.o(.text))
<BR>[Address Reference Count : 2]<UL><LI> startup_mk64f12.o(.text)
<LI> startup_mk64f12.o(.isr_vector)
</UL>
<P><STRONG><a name="[9]"></a>SysTick_Handler</STRONG> (Thumb, 4 bytes, Stack size unknown bytes, startup_mk64f12.o(.text))
<BR>[Address Reference Count : 2]<UL><LI> startup_mk64f12.o(.text)
<LI> startup_mk64f12.o(.isr_vector)
</UL>
<P><STRONG><a name="[a]"></a>DMA0_IRQHandler</STRONG> (Thumb, 4 bytes, Stack size unknown bytes, startup_mk64f12.o(.text))
<BR>[Address Reference Count : 1]<UL><LI> startup_mk64f12.o(.isr_vector)
</UL>
<P><STRONG><a name="[b]"></a>DMA1_IRQHandler</STRONG> (Thumb, 4 bytes, Stack size unknown bytes, startup_mk64f12.o(.text))
<BR>[Address Reference Count : 1]<UL><LI> startup_mk64f12.o(.isr_vector)
</UL>
<P><STRONG><a name="[c]"></a>DMA2_IRQHandler</STRONG> (Thumb, 4 bytes, Stack size unknown bytes, startup_mk64f12.o(.text))
<BR>[Address Reference Count : 1]<UL><LI> startup_mk64f12.o(.isr_vector)
</UL>
<P><STRONG><a name="[d]"></a>DMA3_IRQHandler</STRONG> (Thumb, 4 bytes, Stack size unknown bytes, startup_mk64f12.o(.text))
<BR>[Address Reference Count : 1]<UL><LI> startup_mk64f12.o(.isr_vector)
</UL>
<P><STRONG><a name="[e]"></a>DMA4_IRQHandler</STRONG> (Thumb, 4 bytes, Stack size unknown bytes, startup_mk64f12.o(.text))
<BR>[Address Reference Count : 1]<UL><LI> startup_mk64f12.o(.isr_vector)
</UL>
<P><STRONG><a name="[f]"></a>DMA5_IRQHandler</STRONG> (Thumb, 4 bytes, Stack size unknown bytes, startup_mk64f12.o(.text))
<BR>[Address Reference Count : 1]<UL><LI> startup_mk64f12.o(.isr_vector)
</UL>
<P><STRONG><a name="[10]"></a>DMA6_IRQHandler</STRONG> (Thumb, 4 bytes, Stack size unknown bytes, startup_mk64f12.o(.text))
<BR>[Address Reference Count : 1]<UL><LI> startup_mk64f12.o(.isr_vector)
</UL>
<P><STRONG><a name="[11]"></a>DMA7_IRQHandler</STRONG> (Thumb, 4 bytes, Stack size unknown bytes, startup_mk64f12.o(.text))
<BR>[Address Reference Count : 1]<UL><LI> startup_mk64f12.o(.isr_vector)
</UL>
<P><STRONG><a name="[12]"></a>DMA8_IRQHandler</STRONG> (Thumb, 4 bytes, Stack size unknown bytes, startup_mk64f12.o(.text))
<BR>[Address Reference Count : 1]<UL><LI> startup_mk64f12.o(.isr_vector)
</UL>
<P><STRONG><a name="[13]"></a>DMA9_IRQHandler</STRONG> (Thumb, 4 bytes, Stack size unknown bytes, startup_mk64f12.o(.text))
<BR>[Address Reference Count : 1]<UL><LI> startup_mk64f12.o(.isr_vector)
</UL>
<P><STRONG><a name="[14]"></a>DMA10_IRQHandler</STRONG> (Thumb, 4 bytes, Stack size unknown bytes, startup_mk64f12.o(.text))
<BR>[Address Reference Count : 1]<UL><LI> startup_mk64f12.o(.isr_vector)
</UL>
<P><STRONG><a name="[15]"></a>DMA11_IRQHandler</STRONG> (Thumb, 4 bytes, Stack size unknown bytes, startup_mk64f12.o(.text))
<BR>[Address Reference Count : 1]<UL><LI> startup_mk64f12.o(.isr_vector)
</UL>
<P><STRONG><a name="[16]"></a>DMA12_IRQHandler</STRONG> (Thumb, 4 bytes, Stack size unknown bytes, startup_mk64f12.o(.text))
<BR>[Address Reference Count : 1]<UL><LI> startup_mk64f12.o(.isr_vector)
</UL>
<P><STRONG><a name="[17]"></a>DMA13_IRQHandler</STRONG> (Thumb, 4 bytes, Stack size unknown bytes, startup_mk64f12.o(.text))
<BR>[Address Reference Count : 1]<UL><LI> startup_mk64f12.o(.isr_vector)
</UL>
<P><STRONG><a name="[18]"></a>DMA14_IRQHandler</STRONG> (Thumb, 4 bytes, Stack size unknown bytes, startup_mk64f12.o(.text))
<BR>[Address Reference Count : 1]<UL><LI> startup_mk64f12.o(.isr_vector)
</UL>
<P><STRONG><a name="[19]"></a>DMA15_IRQHandler</STRONG> (Thumb, 4 bytes, Stack size unknown bytes, startup_mk64f12.o(.text))
<BR>[Address Reference Count : 1]<UL><LI> startup_mk64f12.o(.isr_vector)
</UL>
<P><STRONG><a name="[1a]"></a>DMA_Error_IRQHandler</STRONG> (Thumb, 4 bytes, Stack size unknown bytes, startup_mk64f12.o(.text))
<BR>[Address Reference Count : 1]<UL><LI> startup_mk64f12.o(.isr_vector)
</UL>
<P><STRONG><a name="[22]"></a>I2C0_IRQHandler</STRONG> (Thumb, 4 bytes, Stack size unknown bytes, startup_mk64f12.o(.text))
<BR>[Address Reference Count : 1]<UL><LI> startup_mk64f12.o(.isr_vector)
</UL>
<P><STRONG><a name="[23]"></a>I2C1_IRQHandler</STRONG> (Thumb, 4 bytes, Stack size unknown bytes, startup_mk64f12.o(.text))
<BR>[Address Reference Count : 1]<UL><LI> startup_mk64f12.o(.isr_vector)
</UL>
<P><STRONG><a name="[24]"></a>SPI0_IRQHandler</STRONG> (Thumb, 4 bytes, Stack size unknown bytes, startup_mk64f12.o(.text))
<BR>[Address Reference Count : 1]<UL><LI> startup_mk64f12.o(.isr_vector)
</UL>
<P><STRONG><a name="[25]"></a>SPI1_IRQHandler</STRONG> (Thumb, 4 bytes, Stack size unknown bytes, startup_mk64f12.o(.text))
<BR>[Address Reference Count : 1]<UL><LI> startup_mk64f12.o(.isr_vector)
</UL>
<P><STRONG><a name="[26]"></a>I2S0_Tx_IRQHandler</STRONG> (Thumb, 4 bytes, Stack size unknown bytes, startup_mk64f12.o(.text))
<BR>[Address Reference Count : 1]<UL><LI> startup_mk64f12.o(.isr_vector)
</UL>
<P><STRONG><a name="[27]"></a>I2S0_Rx_IRQHandler</STRONG> (Thumb, 4 bytes, Stack size unknown bytes, startup_mk64f12.o(.text))
<BR>[Address Reference Count : 1]<UL><LI> startup_mk64f12.o(.isr_vector)
</UL>
<P><STRONG><a name="[28]"></a>UART0_LON_IRQHandler</STRONG> (Thumb, 4 bytes, Stack size unknown bytes, startup_mk64f12.o(.text))
<BR>[Address Reference Count : 1]<UL><LI> startup_mk64f12.o(.isr_vector)
</UL>
<P><STRONG><a name="[29]"></a>UART0_RX_TX_IRQHandler</STRONG> (Thumb, 4 bytes, Stack size unknown bytes, startup_mk64f12.o(.text))
<BR>[Address Reference Count : 1]<UL><LI> startup_mk64f12.o(.isr_vector)
</UL>
<P><STRONG><a name="[2a]"></a>UART0_ERR_IRQHandler</STRONG> (Thumb, 4 bytes, Stack size unknown bytes, startup_mk64f12.o(.text))
<BR>[Address Reference Count : 1]<UL><LI> startup_mk64f12.o(.isr_vector)
</UL>
<P><STRONG><a name="[2b]"></a>UART1_RX_TX_IRQHandler</STRONG> (Thumb, 4 bytes, Stack size unknown bytes, startup_mk64f12.o(.text))
<BR>[Address Reference Count : 1]<UL><LI> startup_mk64f12.o(.isr_vector)
</UL>
<P><STRONG><a name="[2c]"></a>UART1_ERR_IRQHandler</STRONG> (Thumb, 4 bytes, Stack size unknown bytes, startup_mk64f12.o(.text))
<BR>[Address Reference Count : 1]<UL><LI> startup_mk64f12.o(.isr_vector)
</UL>
<P><STRONG><a name="[2d]"></a>UART2_RX_TX_IRQHandler</STRONG> (Thumb, 4 bytes, Stack size unknown bytes, startup_mk64f12.o(.text))
<BR>[Address Reference Count : 1]<UL><LI> startup_mk64f12.o(.isr_vector)
</UL>
<P><STRONG><a name="[2e]"></a>UART2_ERR_IRQHandler</STRONG> (Thumb, 4 bytes, Stack size unknown bytes, startup_mk64f12.o(.text))
<BR>[Address Reference Count : 1]<UL><LI> startup_mk64f12.o(.isr_vector)
</UL>
<P><STRONG><a name="[2f]"></a>UART3_RX_TX_IRQHandler</STRONG> (Thumb, 4 bytes, Stack size unknown bytes, startup_mk64f12.o(.text))
<BR>[Address Reference Count : 1]<UL><LI> startup_mk64f12.o(.isr_vector)
</UL>
<P><STRONG><a name="[30]"></a>UART3_ERR_IRQHandler</STRONG> (Thumb, 4 bytes, Stack size unknown bytes, startup_mk64f12.o(.text))
<BR>[Address Reference Count : 1]<UL><LI> startup_mk64f12.o(.isr_vector)
</UL>
<P><STRONG><a name="[4b]"></a>SPI2_IRQHandler</STRONG> (Thumb, 4 bytes, Stack size unknown bytes, startup_mk64f12.o(.text))
<BR>[Address Reference Count : 1]<UL><LI> startup_mk64f12.o(.isr_vector)
</UL>
<P><STRONG><a name="[4c]"></a>UART4_RX_TX_IRQHandler</STRONG> (Thumb, 4 bytes, Stack size unknown bytes, startup_mk64f12.o(.text))
<BR>[Address Reference Count : 1]<UL><LI> startup_mk64f12.o(.isr_vector)
</UL>
<P><STRONG><a name="[4d]"></a>UART4_ERR_IRQHandler</STRONG> (Thumb, 4 bytes, Stack size unknown bytes, startup_mk64f12.o(.text))
<BR>[Address Reference Count : 1]<UL><LI> startup_mk64f12.o(.isr_vector)
</UL>
<P><STRONG><a name="[4e]"></a>UART5_RX_TX_IRQHandler</STRONG> (Thumb, 4 bytes, Stack size unknown bytes, startup_mk64f12.o(.text))
<BR>[Address Reference Count : 1]<UL><LI> startup_mk64f12.o(.isr_vector)
</UL>
<P><STRONG><a name="[4f]"></a>UART5_ERR_IRQHandler</STRONG> (Thumb, 4 bytes, Stack size unknown bytes, startup_mk64f12.o(.text))
<BR>[Address Reference Count : 1]<UL><LI> startup_mk64f12.o(.isr_vector)
</UL>
<P><STRONG><a name="[54]"></a>I2C2_IRQHandler</STRONG> (Thumb, 4 bytes, Stack size unknown bytes, startup_mk64f12.o(.text))
<BR>[Address Reference Count : 1]<UL><LI> startup_mk64f12.o(.isr_vector)
</UL>
<P><STRONG><a name="[55]"></a>CAN0_ORed_Message_buffer_IRQHandler</STRONG> (Thumb, 4 bytes, Stack size unknown bytes, startup_mk64f12.o(.text))
<BR>[Address Reference Count : 1]<UL><LI> startup_mk64f12.o(.isr_vector)
</UL>
<P><STRONG><a name="[56]"></a>CAN0_Bus_Off_IRQHandler</STRONG> (Thumb, 4 bytes, Stack size unknown bytes, startup_mk64f12.o(.text))
<BR>[Address Reference Count : 1]<UL><LI> startup_mk64f12.o(.isr_vector)
</UL>
<P><STRONG><a name="[57]"></a>CAN0_Error_IRQHandler</STRONG> (Thumb, 4 bytes, Stack size unknown bytes, startup_mk64f12.o(.text))
<BR>[Address Reference Count : 1]<UL><LI> startup_mk64f12.o(.isr_vector)
</UL>
<P><STRONG><a name="[58]"></a>CAN0_Tx_Warning_IRQHandler</STRONG> (Thumb, 4 bytes, Stack size unknown bytes, startup_mk64f12.o(.text))
<BR>[Address Reference Count : 1]<UL><LI> startup_mk64f12.o(.isr_vector)
</UL>
<P><STRONG><a name="[59]"></a>CAN0_Rx_Warning_IRQHandler</STRONG> (Thumb, 4 bytes, Stack size unknown bytes, startup_mk64f12.o(.text))
<BR>[Address Reference Count : 1]<UL><LI> startup_mk64f12.o(.isr_vector)
</UL>
<P><STRONG><a name="[5a]"></a>CAN0_Wake_Up_IRQHandler</STRONG> (Thumb, 4 bytes, Stack size unknown bytes, startup_mk64f12.o(.text))
<BR>[Address Reference Count : 1]<UL><LI> startup_mk64f12.o(.isr_vector)
</UL>
<P><STRONG><a name="[5b]"></a>SDHC_IRQHandler</STRONG> (Thumb, 4 bytes, Stack size unknown bytes, startup_mk64f12.o(.text))
<BR>[Address Reference Count : 1]<UL><LI> startup_mk64f12.o(.isr_vector)
</UL>
<P><STRONG><a name="[5c]"></a>ENET_1588_Timer_IRQHandler</STRONG> (Thumb, 4 bytes, Stack size unknown bytes, startup_mk64f12.o(.text))
<BR>[Address Reference Count : 1]<UL><LI> startup_mk64f12.o(.isr_vector)
</UL>
<P><STRONG><a name="[5d]"></a>ENET_Transmit_IRQHandler</STRONG> (Thumb, 4 bytes, Stack size unknown bytes, startup_mk64f12.o(.text))
<BR>[Address Reference Count : 1]<UL><LI> startup_mk64f12.o(.isr_vector)
</UL>
<P><STRONG><a name="[5e]"></a>ENET_Receive_IRQHandler</STRONG> (Thumb, 4 bytes, Stack size unknown bytes, startup_mk64f12.o(.text))
<BR>[Address Reference Count : 1]<UL><LI> startup_mk64f12.o(.isr_vector)
</UL>
<P><STRONG><a name="[5f]"></a>ENET_Error_IRQHandler</STRONG> (Thumb, 4 bytes, Stack size unknown bytes, startup_mk64f12.o(.text))
<BR>[Address Reference Count : 1]<UL><LI> startup_mk64f12.o(.isr_vector)
</UL>
<P><STRONG><a name="[da]"></a>___aeabi_memcpy4$ret</STRONG> (Thumb, 0 bytes, Stack size 8 bytes, memcpy.o(.text), UNUSED)

<P><STRONG><a name="[db]"></a>___aeabi_memcpy8$ret</STRONG> (Thumb, 0 bytes, Stack size 8 bytes, memcpy.o(.text), UNUSED)

<P><STRONG><a name="[dc]"></a>__aeabi_memcpy</STRONG> (Thumb, 40 bytes, Stack size 8 bytes, memcpy.o(.text), UNUSED)

<P><STRONG><a name="[bf]"></a>memcpy</STRONG> (Thumb, 0 bytes, Stack size 8 bytes, memcpy.o(.text))
<BR><BR>[Stack]<UL><LI>Max Depth = 8<LI>Call Chain = memcpy
</UL>
<BR>[Called By]<UL><LI><a href="#[b8]">&gt;&gt;</a>&nbsp;&nbsp;&nbsp;DbgConsole_Vprintf
</UL>

<P><STRONG><a name="[a8]"></a>memset</STRONG> (Thumb, 18 bytes, Stack size 8 bytes, memset.o(.text))
<BR><BR>[Stack]<UL><LI>Max Depth = 8<LI>Call Chain = memset
</UL>
<BR>[Called By]<UL><LI><a href="#[c2]">&gt;&gt;</a>&nbsp;&nbsp;&nbsp;UART_GetDefaultConfig
<LI><a href="#[a7]">&gt;&gt;</a>&nbsp;&nbsp;&nbsp;ADC16_GetDefaultConfig
</UL>

<P><STRONG><a name="[b9]"></a>strlen</STRONG> (Thumb, 14 bytes, Stack size 0 bytes, strlen.o(.text))
<BR><BR>[Called By]<UL><LI><a href="#[b8]">&gt;&gt;</a>&nbsp;&nbsp;&nbsp;DbgConsole_Vprintf
</UL>

<P><STRONG><a name="[94]"></a>__aeabi_dadd</STRONG> (Thumb, 322 bytes, Stack size 48 bytes, dadd.o(.text))
<BR><BR>[Stack]<UL><LI>Max Depth = 88<LI>Call Chain = __aeabi_dadd &rArr; _double_epilogue &rArr; _double_round
</UL>
<BR>[Calls]<UL><LI><a href="#[98]">&gt;&gt;</a>&nbsp;&nbsp;&nbsp;_double_round
<LI><a href="#[97]">&gt;&gt;</a>&nbsp;&nbsp;&nbsp;_double_epilogue
<LI><a href="#[96]">&gt;&gt;</a>&nbsp;&nbsp;&nbsp;__aeabi_lasr
<LI><a href="#[95]">&gt;&gt;</a>&nbsp;&nbsp;&nbsp;__aeabi_llsl
</UL>
<BR>[Called By]<UL><LI><a href="#[c8]">&gt;&gt;</a>&nbsp;&nbsp;&nbsp;__mathlib_dbl_infnan2
<LI><a href="#[9a]">&gt;&gt;</a>&nbsp;&nbsp;&nbsp;__aeabi_drsub
<LI><a href="#[bc]">&gt;&gt;</a>&nbsp;&nbsp;&nbsp;__hardfp_pow
<LI><a href="#[99]">&gt;&gt;</a>&nbsp;&nbsp;&nbsp;__aeabi_dsub
<LI><a href="#[b8]">&gt;&gt;</a>&nbsp;&nbsp;&nbsp;DbgConsole_Vprintf
<LI><a href="#[d0]">&gt;&gt;</a>&nbsp;&nbsp;&nbsp;__kernel_poly
</UL>

<P><STRONG><a name="[99]"></a>__aeabi_dsub</STRONG> (Thumb, 6 bytes, Stack size 0 bytes, dadd.o(.text))
<BR><BR>[Stack]<UL><LI>Max Depth = 88<LI>Call Chain = __aeabi_dsub &rArr; __aeabi_dadd &rArr; _double_epilogue &rArr; _double_round
</UL>
<BR>[Calls]<UL><LI><a href="#[94]">&gt;&gt;</a>&nbsp;&nbsp;&nbsp;__aeabi_dadd
</UL>
<BR>[Called By]<UL><LI><a href="#[bc]">&gt;&gt;</a>&nbsp;&nbsp;&nbsp;__hardfp_pow
<LI><a href="#[bb]">&gt;&gt;</a>&nbsp;&nbsp;&nbsp;__hardfp_modf
<LI><a href="#[b8]">&gt;&gt;</a>&nbsp;&nbsp;&nbsp;DbgConsole_Vprintf
</UL>

<P><STRONG><a name="[9a]"></a>__aeabi_drsub</STRONG> (Thumb, 6 bytes, Stack size 0 bytes, dadd.o(.text))
<BR><BR>[Stack]<UL><LI>Max Depth = 88<LI>Call Chain = __aeabi_drsub &rArr; __aeabi_dadd &rArr; _double_epilogue &rArr; _double_round
</UL>
<BR>[Calls]<UL><LI><a href="#[94]">&gt;&gt;</a>&nbsp;&nbsp;&nbsp;__aeabi_dadd
</UL>
<BR>[Called By]<UL><LI><a href="#[bc]">&gt;&gt;</a>&nbsp;&nbsp;&nbsp;__hardfp_pow
</UL>

<P><STRONG><a name="[9b]"></a>__aeabi_dmul</STRONG> (Thumb, 228 bytes, Stack size 48 bytes, dmul.o(.text))
<BR><BR>[Stack]<UL><LI>Max Depth = 88<LI>Call Chain = __aeabi_dmul &rArr; _double_epilogue &rArr; _double_round
</UL>
<BR>[Calls]<UL><LI><a href="#[97]">&gt;&gt;</a>&nbsp;&nbsp;&nbsp;_double_epilogue
</UL>
<BR>[Called By]<UL><LI><a href="#[cf]">&gt;&gt;</a>&nbsp;&nbsp;&nbsp;__mathlib_dbl_underflow
<LI><a href="#[cb]">&gt;&gt;</a>&nbsp;&nbsp;&nbsp;__mathlib_dbl_overflow
<LI><a href="#[bc]">&gt;&gt;</a>&nbsp;&nbsp;&nbsp;__hardfp_pow
<LI><a href="#[b8]">&gt;&gt;</a>&nbsp;&nbsp;&nbsp;DbgConsole_Vprintf
<LI><a href="#[61]">&gt;&gt;</a>&nbsp;&nbsp;&nbsp;main
<LI><a href="#[46]">&gt;&gt;</a>&nbsp;&nbsp;&nbsp;PORTB_IRQHandler
<LI><a href="#[d0]">&gt;&gt;</a>&nbsp;&nbsp;&nbsp;__kernel_poly
</UL>

<P><STRONG><a name="[9c]"></a>__aeabi_ddiv</STRONG> (Thumb, 222 bytes, Stack size 32 bytes, ddiv.o(.text))
<BR><BR>[Stack]<UL><LI>Max Depth = 40<LI>Call Chain = __aeabi_ddiv &rArr; _double_round
</UL>
<BR>[Calls]<UL><LI><a href="#[98]">&gt;&gt;</a>&nbsp;&nbsp;&nbsp;_double_round
</UL>
<BR>[Called By]<UL><LI><a href="#[ce]">&gt;&gt;</a>&nbsp;&nbsp;&nbsp;__mathlib_dbl_invalid
<LI><a href="#[ca]">&gt;&gt;</a>&nbsp;&nbsp;&nbsp;__mathlib_dbl_divzero
<LI><a href="#[bc]">&gt;&gt;</a>&nbsp;&nbsp;&nbsp;__hardfp_pow
<LI><a href="#[b8]">&gt;&gt;</a>&nbsp;&nbsp;&nbsp;DbgConsole_Vprintf
</UL>

<P><STRONG><a name="[bd]"></a>__aeabi_dcmplt</STRONG> (Thumb, 54 bytes, Stack size 12 bytes, dcmplt.o(.text))
<BR><BR>[Stack]<UL><LI>Max Depth = 12<LI>Call Chain = __aeabi_dcmplt
</UL>
<BR>[Called By]<UL><LI><a href="#[b8]">&gt;&gt;</a>&nbsp;&nbsp;&nbsp;DbgConsole_Vprintf
</UL>

<P><STRONG><a name="[be]"></a>__aeabi_dcmpgt</STRONG> (Thumb, 54 bytes, Stack size 12 bytes, dcmpgt.o(.text))
<BR><BR>[Stack]<UL><LI>Max Depth = 12<LI>Call Chain = __aeabi_dcmpgt
</UL>
<BR>[Called By]<UL><LI><a href="#[b8]">&gt;&gt;</a>&nbsp;&nbsp;&nbsp;DbgConsole_Vprintf
</UL>

<P><STRONG><a name="[ba]"></a>__aeabi_dcmpeq</STRONG> (Thumb, 56 bytes, Stack size 12 bytes, dcmpeq.o(.text))
<BR><BR>[Stack]<UL><LI>Max Depth = 12<LI>Call Chain = __aeabi_dcmpeq
</UL>
<BR>[Called By]<UL><LI><a href="#[b8]">&gt;&gt;</a>&nbsp;&nbsp;&nbsp;DbgConsole_Vprintf
</UL>

<P><STRONG><a name="[9d]"></a>__aeabi_i2d</STRONG> (Thumb, 34 bytes, Stack size 16 bytes, dflti.o(.text))
<BR><BR>[Stack]<UL><LI>Max Depth = 56<LI>Call Chain = __aeabi_i2d &rArr; _double_epilogue &rArr; _double_round
</UL>
<BR>[Calls]<UL><LI><a href="#[97]">&gt;&gt;</a>&nbsp;&nbsp;&nbsp;_double_epilogue
</UL>
<BR>[Called By]<UL><LI><a href="#[bc]">&gt;&gt;</a>&nbsp;&nbsp;&nbsp;__hardfp_pow
<LI><a href="#[61]">&gt;&gt;</a>&nbsp;&nbsp;&nbsp;main
<LI><a href="#[46]">&gt;&gt;</a>&nbsp;&nbsp;&nbsp;PORTB_IRQHandler
</UL>

<P><STRONG><a name="[9e]"></a>__aeabi_ui2d</STRONG> (Thumb, 26 bytes, Stack size 16 bytes, dfltui.o(.text))
<BR><BR>[Stack]<UL><LI>Max Depth = 56<LI>Call Chain = __aeabi_ui2d &rArr; _double_epilogue &rArr; _double_round
</UL>
<BR>[Calls]<UL><LI><a href="#[97]">&gt;&gt;</a>&nbsp;&nbsp;&nbsp;_double_epilogue
</UL>
<BR>[Called By]<UL><LI><a href="#[b8]">&gt;&gt;</a>&nbsp;&nbsp;&nbsp;DbgConsole_Vprintf
</UL>

<P><STRONG><a name="[9f]"></a>__aeabi_l2d</STRONG> (Thumb, 40 bytes, Stack size 24 bytes, dfltl.o(.text))
<BR><BR>[Stack]<UL><LI>Max Depth = 64<LI>Call Chain = __aeabi_l2d &rArr; _double_epilogue &rArr; _double_round
</UL>
<BR>[Calls]<UL><LI><a href="#[97]">&gt;&gt;</a>&nbsp;&nbsp;&nbsp;_double_epilogue
</UL>
<BR>[Called By]<UL><LI><a href="#[b8]">&gt;&gt;</a>&nbsp;&nbsp;&nbsp;DbgConsole_Vprintf
</UL>

<P><STRONG><a name="[a0]"></a>__aeabi_d2iz</STRONG> (Thumb, 62 bytes, Stack size 16 bytes, dfixi.o(.text))
<BR><BR>[Stack]<UL><LI>Max Depth = 16<LI>Call Chain = __aeabi_d2iz
</UL>
<BR>[Calls]<UL><LI><a href="#[a1]">&gt;&gt;</a>&nbsp;&nbsp;&nbsp;__aeabi_llsr
</UL>
<BR>[Called By]<UL><LI><a href="#[b8]">&gt;&gt;</a>&nbsp;&nbsp;&nbsp;DbgConsole_Vprintf
</UL>

<P><STRONG><a name="[a2]"></a>__aeabi_d2lz</STRONG> (Thumb, 74 bytes, Stack size 16 bytes, dfixl.o(.text))
<BR><BR>[Stack]<UL><LI>Max Depth = 16<LI>Call Chain = __aeabi_d2lz
</UL>
<BR>[Calls]<UL><LI><a href="#[a1]">&gt;&gt;</a>&nbsp;&nbsp;&nbsp;__aeabi_llsr
<LI><a href="#[95]">&gt;&gt;</a>&nbsp;&nbsp;&nbsp;__aeabi_llsl
</UL>
<BR>[Called By]<UL><LI><a href="#[b8]">&gt;&gt;</a>&nbsp;&nbsp;&nbsp;DbgConsole_Vprintf
</UL>

<P><STRONG><a name="[95]"></a>__aeabi_llsl</STRONG> (Thumb, 30 bytes, Stack size 0 bytes, llshl.o(.text))
<BR><BR>[Called By]<UL><LI><a href="#[97]">&gt;&gt;</a>&nbsp;&nbsp;&nbsp;_double_epilogue
<LI><a href="#[a2]">&gt;&gt;</a>&nbsp;&nbsp;&nbsp;__aeabi_d2lz
<LI><a href="#[94]">&gt;&gt;</a>&nbsp;&nbsp;&nbsp;__aeabi_dadd
</UL>

<P><STRONG><a name="[dd]"></a>_ll_shift_l</STRONG> (Thumb, 0 bytes, Stack size 0 bytes, llshl.o(.text), UNUSED)

<P><STRONG><a name="[a1]"></a>__aeabi_llsr</STRONG> (Thumb, 32 bytes, Stack size 0 bytes, llushr.o(.text))
<BR><BR>[Called By]<UL><LI><a href="#[97]">&gt;&gt;</a>&nbsp;&nbsp;&nbsp;_double_epilogue
<LI><a href="#[a0]">&gt;&gt;</a>&nbsp;&nbsp;&nbsp;__aeabi_d2iz
<LI><a href="#[a2]">&gt;&gt;</a>&nbsp;&nbsp;&nbsp;__aeabi_d2lz
<LI><a href="#[a4]">&gt;&gt;</a>&nbsp;&nbsp;&nbsp;_dsqrt
</UL>

<P><STRONG><a name="[de]"></a>_ll_ushift_r</STRONG> (Thumb, 0 bytes, Stack size 0 bytes, llushr.o(.text), UNUSED)

<P><STRONG><a name="[96]"></a>__aeabi_lasr</STRONG> (Thumb, 36 bytes, Stack size 0 bytes, llsshr.o(.text))
<BR><BR>[Called By]<UL><LI><a href="#[94]">&gt;&gt;</a>&nbsp;&nbsp;&nbsp;__aeabi_dadd
</UL>

<P><STRONG><a name="[df]"></a>_ll_sshift_r</STRONG> (Thumb, 0 bytes, Stack size 0 bytes, llsshr.o(.text), UNUSED)

<P><STRONG><a name="[e0]"></a>__I$use$fp</STRONG> (Thumb, 0 bytes, Stack size 8 bytes, iusefp.o(.text), UNUSED)

<P><STRONG><a name="[98]"></a>_double_round</STRONG> (Thumb, 30 bytes, Stack size 8 bytes, depilogue.o(.text))
<BR><BR>[Stack]<UL><LI>Max Depth = 8<LI>Call Chain = _double_round
</UL>
<BR>[Called By]<UL><LI><a href="#[97]">&gt;&gt;</a>&nbsp;&nbsp;&nbsp;_double_epilogue
<LI><a href="#[9c]">&gt;&gt;</a>&nbsp;&nbsp;&nbsp;__aeabi_ddiv
<LI><a href="#[94]">&gt;&gt;</a>&nbsp;&nbsp;&nbsp;__aeabi_dadd
<LI><a href="#[a4]">&gt;&gt;</a>&nbsp;&nbsp;&nbsp;_dsqrt
</UL>

<P><STRONG><a name="[97]"></a>_double_epilogue</STRONG> (Thumb, 156 bytes, Stack size 32 bytes, depilogue.o(.text))
<BR><BR>[Stack]<UL><LI>Max Depth = 40<LI>Call Chain = _double_epilogue &rArr; _double_round
</UL>
<BR>[Calls]<UL><LI><a href="#[98]">&gt;&gt;</a>&nbsp;&nbsp;&nbsp;_double_round
<LI><a href="#[a1]">&gt;&gt;</a>&nbsp;&nbsp;&nbsp;__aeabi_llsr
<LI><a href="#[95]">&gt;&gt;</a>&nbsp;&nbsp;&nbsp;__aeabi_llsl
</UL>
<BR>[Called By]<UL><LI><a href="#[9f]">&gt;&gt;</a>&nbsp;&nbsp;&nbsp;__aeabi_l2d
<LI><a href="#[94]">&gt;&gt;</a>&nbsp;&nbsp;&nbsp;__aeabi_dadd
<LI><a href="#[9e]">&gt;&gt;</a>&nbsp;&nbsp;&nbsp;__aeabi_ui2d
<LI><a href="#[9b]">&gt;&gt;</a>&nbsp;&nbsp;&nbsp;__aeabi_dmul
<LI><a href="#[9d]">&gt;&gt;</a>&nbsp;&nbsp;&nbsp;__aeabi_i2d
</UL>

<P><STRONG><a name="[d2]"></a>__ARM_scalbn</STRONG> (Thumb, 46 bytes, Stack size 16 bytes, dscalb.o(.text))
<BR><BR>[Stack]<UL><LI>Max Depth = 16<LI>Call Chain = __ARM_scalbn
</UL>
<BR>[Called By]<UL><LI><a href="#[bc]">&gt;&gt;</a>&nbsp;&nbsp;&nbsp;__hardfp_pow
</UL>

<P><STRONG><a name="[e1]"></a>scalbn</STRONG> (Thumb, 0 bytes, Stack size 16 bytes, dscalb.o(.text), UNUSED)

<P><STRONG><a name="[d1]"></a>__aeabi_cdrcmple</STRONG> (Thumb, 48 bytes, Stack size 0 bytes, cdrcmple.o(.text))
<BR><BR>[Called By]<UL><LI><a href="#[bc]">&gt;&gt;</a>&nbsp;&nbsp;&nbsp;__hardfp_pow
</UL>

<P><STRONG><a name="[93]"></a>__scatterload</STRONG> (Thumb, 38 bytes, Stack size 0 bytes, init.o(.text))
<BR><BR>[Calls]<UL><LI><a href="#[a3]">&gt;&gt;</a>&nbsp;&nbsp;&nbsp;__main_after_scatterload
</UL>
<BR>[Called By]<UL><LI><a href="#[92]">&gt;&gt;</a>&nbsp;&nbsp;&nbsp;_main_scatterload
</UL>

<P><STRONG><a name="[e2]"></a>__scatterload_rt2</STRONG> (Thumb, 0 bytes, Stack size 0 bytes, init.o(.text), UNUSED)

<P><STRONG><a name="[a4]"></a>_dsqrt</STRONG> (Thumb, 162 bytes, Stack size 32 bytes, dsqrt.o(.text))
<BR><BR>[Stack]<UL><LI>Max Depth = 40<LI>Call Chain = _dsqrt &rArr; _double_round
</UL>
<BR>[Calls]<UL><LI><a href="#[98]">&gt;&gt;</a>&nbsp;&nbsp;&nbsp;_double_round
<LI><a href="#[a1]">&gt;&gt;</a>&nbsp;&nbsp;&nbsp;__aeabi_llsr
</UL>
<BR>[Called By]<UL><LI><a href="#[cc]">&gt;&gt;</a>&nbsp;&nbsp;&nbsp;sqrt
</UL>

<P><STRONG><a name="[c7]"></a>ADC16_DoAutoCalibration</STRONG> (Thumb, 138 bytes, Stack size 0 bytes, fsl_adc16.o(.text.ADC16_DoAutoCalibration))
<BR><BR>[Called By]<UL><LI><a href="#[61]">&gt;&gt;</a>&nbsp;&nbsp;&nbsp;main
</UL>

<P><STRONG><a name="[a5]"></a>ADC16_GetChannelStatusFlags</STRONG> (Thumb, 38 bytes, Stack size 0 bytes, fsl_adc16.o(.text.ADC16_GetChannelStatusFlags))
<BR><BR>[Stack]<UL><LI>Max Depth = 512<LI>Call Chain = ADC16_GetChannelStatusFlags &rArr; __aeabi_assert &rArr; DbgConsole_Printf &rArr; DbgConsole_Vprintf &rArr; __hardfp_pow &rArr; __kernel_poly &rArr; __aeabi_dadd &rArr; _double_epilogue &rArr; _double_round
</UL>
<BR>[Calls]<UL><LI><a href="#[a6]">&gt;&gt;</a>&nbsp;&nbsp;&nbsp;__aeabi_assert
</UL>
<BR>[Called By]<UL><LI><a href="#[61]">&gt;&gt;</a>&nbsp;&nbsp;&nbsp;main
<LI><a href="#[46]">&gt;&gt;</a>&nbsp;&nbsp;&nbsp;PORTB_IRQHandler
</UL>

<P><STRONG><a name="[a7]"></a>ADC16_GetDefaultConfig</STRONG> (Thumb, 60 bytes, Stack size 8 bytes, fsl_adc16.o(.text.ADC16_GetDefaultConfig))
<BR><BR>[Stack]<UL><LI>Max Depth = 520<LI>Call Chain = ADC16_GetDefaultConfig &rArr; __aeabi_assert &rArr; DbgConsole_Printf &rArr; DbgConsole_Vprintf &rArr; __hardfp_pow &rArr; __kernel_poly &rArr; __aeabi_dadd &rArr; _double_epilogue &rArr; _double_round
</UL>
<BR>[Calls]<UL><LI><a href="#[a8]">&gt;&gt;</a>&nbsp;&nbsp;&nbsp;memset
<LI><a href="#[a6]">&gt;&gt;</a>&nbsp;&nbsp;&nbsp;__aeabi_assert
</UL>
<BR>[Called By]<UL><LI><a href="#[61]">&gt;&gt;</a>&nbsp;&nbsp;&nbsp;main
</UL>

<P><STRONG><a name="[a9]"></a>ADC16_Init</STRONG> (Thumb, 244 bytes, Stack size 8 bytes, fsl_adc16.o(.text.ADC16_Init))
<BR><BR>[Stack]<UL><LI>Max Depth = 520<LI>Call Chain = ADC16_Init &rArr; __aeabi_assert &rArr; DbgConsole_Printf &rArr; DbgConsole_Vprintf &rArr; __hardfp_pow &rArr; __kernel_poly &rArr; __aeabi_dadd &rArr; _double_epilogue &rArr; _double_round
</UL>
<BR>[Calls]<UL><LI><a href="#[a6]">&gt;&gt;</a>&nbsp;&nbsp;&nbsp;__aeabi_assert
</UL>
<BR>[Called By]<UL><LI><a href="#[61]">&gt;&gt;</a>&nbsp;&nbsp;&nbsp;main
</UL>

<P><STRONG><a name="[aa]"></a>ADC16_SetChannelConfig</STRONG> (Thumb, 90 bytes, Stack size 8 bytes, fsl_adc16.o(.text.ADC16_SetChannelConfig))
<BR><BR>[Stack]<UL><LI>Max Depth = 520<LI>Call Chain = ADC16_SetChannelConfig &rArr; __aeabi_assert &rArr; DbgConsole_Printf &rArr; DbgConsole_Vprintf &rArr; __hardfp_pow &rArr; __kernel_poly &rArr; __aeabi_dadd &rArr; _double_epilogue &rArr; _double_round
</UL>
<BR>[Calls]<UL><LI><a href="#[a6]">&gt;&gt;</a>&nbsp;&nbsp;&nbsp;__aeabi_assert
</UL>
<BR>[Called By]<UL><LI><a href="#[61]">&gt;&gt;</a>&nbsp;&nbsp;&nbsp;main
<LI><a href="#[46]">&gt;&gt;</a>&nbsp;&nbsp;&nbsp;PORTB_IRQHandler
</UL>

<P><STRONG><a name="[ab]"></a>BOARD_InitBootClocks</STRONG> (Thumb, 124 bytes, Stack size 8 bytes, clock_config.o(.text.BOARD_InitBootClocks))
<BR><BR>[Stack]<UL><LI>Max Depth = 528<LI>Call Chain = BOARD_InitBootClocks &rArr; CLOCK_BootToPeeMode &rArr; __aeabi_assert &rArr; DbgConsole_Printf &rArr; DbgConsole_Vprintf &rArr; __hardfp_pow &rArr; __kernel_poly &rArr; __aeabi_dadd &rArr; _double_epilogue &rArr; _double_round
</UL>
<BR>[Calls]<UL><LI><a href="#[af]">&gt;&gt;</a>&nbsp;&nbsp;&nbsp;CLOCK_SetSimConfig
<LI><a href="#[ae]">&gt;&gt;</a>&nbsp;&nbsp;&nbsp;CLOCK_BootToPeeMode
<LI><a href="#[ad]">&gt;&gt;</a>&nbsp;&nbsp;&nbsp;CLOCK_SetInternalRefClkConfig
<LI><a href="#[ac]">&gt;&gt;</a>&nbsp;&nbsp;&nbsp;CLOCK_InitOsc0
</UL>
<BR>[Called By]<UL><LI><a href="#[61]">&gt;&gt;</a>&nbsp;&nbsp;&nbsp;main
</UL>

<P><STRONG><a name="[c6]"></a>BOARD_InitBootPins</STRONG> (Thumb, 86 bytes, Stack size 0 bytes, pin_mux.o(.text.BOARD_InitBootPins))
<BR><BR>[Called By]<UL><LI><a href="#[61]">&gt;&gt;</a>&nbsp;&nbsp;&nbsp;main
</UL>

<P><STRONG><a name="[b0]"></a>BOARD_InitDebugConsole</STRONG> (Thumb, 24 bytes, Stack size 8 bytes, board.o(.text.BOARD_InitDebugConsole))
<BR><BR>[Stack]<UL><LI>Max Depth = 608<LI>Call Chain = BOARD_InitDebugConsole &rArr; DbgConsole_Init &rArr; HAL_UartInit &rArr; UART_Init &rArr; __aeabi_assert &rArr; DbgConsole_Printf &rArr; DbgConsole_Vprintf &rArr; __hardfp_pow &rArr; __kernel_poly &rArr; __aeabi_dadd &rArr; _double_epilogue &rArr; _double_round
</UL>
<BR>[Calls]<UL><LI><a href="#[b2]">&gt;&gt;</a>&nbsp;&nbsp;&nbsp;DbgConsole_Init
<LI><a href="#[b1]">&gt;&gt;</a>&nbsp;&nbsp;&nbsp;CLOCK_GetCoreSysClkFreq
</UL>
<BR>[Called By]<UL><LI><a href="#[61]">&gt;&gt;</a>&nbsp;&nbsp;&nbsp;main
</UL>

<P><STRONG><a name="[ae]"></a>CLOCK_BootToPeeMode</STRONG> (Thumb, 222 bytes, Stack size 8 bytes, fsl_clock.o(.text.CLOCK_BootToPeeMode))
<BR><BR>[Stack]<UL><LI>Max Depth = 520<LI>Call Chain = CLOCK_BootToPeeMode &rArr; __aeabi_assert &rArr; DbgConsole_Printf &rArr; DbgConsole_Vprintf &rArr; __hardfp_pow &rArr; __kernel_poly &rArr; __aeabi_dadd &rArr; _double_epilogue &rArr; _double_round
</UL>
<BR>[Calls]<UL><LI><a href="#[a6]">&gt;&gt;</a>&nbsp;&nbsp;&nbsp;__aeabi_assert
</UL>
<BR>[Called By]<UL><LI><a href="#[ab]">&gt;&gt;</a>&nbsp;&nbsp;&nbsp;BOARD_InitBootClocks
</UL>

<P><STRONG><a name="[b1]"></a>CLOCK_GetCoreSysClkFreq</STRONG> (Thumb, 28 bytes, Stack size 8 bytes, fsl_clock.o(.text.CLOCK_GetCoreSysClkFreq))
<BR><BR>[Stack]<UL><LI>Max Depth = 528<LI>Call Chain = CLOCK_GetCoreSysClkFreq &rArr; CLOCK_GetOutClkFreq &rArr; CLOCK_GetPll0Freq &rArr; __aeabi_assert &rArr; DbgConsole_Printf &rArr; DbgConsole_Vprintf &rArr; __hardfp_pow &rArr; __kernel_poly &rArr; __aeabi_dadd &rArr; _double_epilogue &rArr; _double_round
</UL>
<BR>[Calls]<UL><LI><a href="#[b3]">&gt;&gt;</a>&nbsp;&nbsp;&nbsp;CLOCK_GetOutClkFreq
</UL>
<BR>[Called By]<UL><LI><a href="#[b0]">&gt;&gt;</a>&nbsp;&nbsp;&nbsp;BOARD_InitDebugConsole
</UL>

<P><STRONG><a name="[b3]"></a>CLOCK_GetOutClkFreq</STRONG> (Thumb, 242 bytes, Stack size 8 bytes, fsl_clock.o(.text.CLOCK_GetOutClkFreq))
<BR><BR>[Stack]<UL><LI>Max Depth = 520<LI>Call Chain = CLOCK_GetOutClkFreq &rArr; CLOCK_GetPll0Freq &rArr; __aeabi_assert &rArr; DbgConsole_Printf &rArr; DbgConsole_Vprintf &rArr; __hardfp_pow &rArr; __kernel_poly &rArr; __aeabi_dadd &rArr; _double_epilogue &rArr; _double_round
</UL>
<BR>[Calls]<UL><LI><a href="#[b5]">&gt;&gt;</a>&nbsp;&nbsp;&nbsp;CLOCK_GetPll0Freq
<LI><a href="#[b4]">&gt;&gt;</a>&nbsp;&nbsp;&nbsp;CLOCK_GetFllRefClkFreq
<LI><a href="#[a6]">&gt;&gt;</a>&nbsp;&nbsp;&nbsp;__aeabi_assert
</UL>
<BR>[Called By]<UL><LI><a href="#[b1]">&gt;&gt;</a>&nbsp;&nbsp;&nbsp;CLOCK_GetCoreSysClkFreq
</UL>

<P><STRONG><a name="[b5]"></a>CLOCK_GetPll0Freq</STRONG> (Thumb, 168 bytes, Stack size 0 bytes, fsl_clock.o(.text.CLOCK_GetPll0Freq))
<BR><BR>[Stack]<UL><LI>Max Depth = 512<LI>Call Chain = CLOCK_GetPll0Freq &rArr; __aeabi_assert &rArr; DbgConsole_Printf &rArr; DbgConsole_Vprintf &rArr; __hardfp_pow &rArr; __kernel_poly &rArr; __aeabi_dadd &rArr; _double_epilogue &rArr; _double_round
</UL>
<BR>[Calls]<UL><LI><a href="#[a6]">&gt;&gt;</a>&nbsp;&nbsp;&nbsp;__aeabi_assert
</UL>
<BR>[Called By]<UL><LI><a href="#[b3]">&gt;&gt;</a>&nbsp;&nbsp;&nbsp;CLOCK_GetOutClkFreq
</UL>

<P><STRONG><a name="[ac]"></a>CLOCK_InitOsc0</STRONG> (Thumb, 120 bytes, Stack size 16 bytes, fsl_clock.o(.text.CLOCK_InitOsc0))
<BR><BR>[Stack]<UL><LI>Max Depth = 16<LI>Call Chain = CLOCK_InitOsc0
</UL>
<BR>[Called By]<UL><LI><a href="#[ab]">&gt;&gt;</a>&nbsp;&nbsp;&nbsp;BOARD_InitBootClocks
</UL>

<P><STRONG><a name="[ad]"></a>CLOCK_SetInternalRefClkConfig</STRONG> (Thumb, 146 bytes, Stack size 16 bytes, fsl_clock.o(.text.CLOCK_SetInternalRefClkConfig))
<BR><BR>[Stack]<UL><LI>Max Depth = 16<LI>Call Chain = CLOCK_SetInternalRefClkConfig
</UL>
<BR>[Called By]<UL><LI><a href="#[ab]">&gt;&gt;</a>&nbsp;&nbsp;&nbsp;BOARD_InitBootClocks
</UL>

<P><STRONG><a name="[af]"></a>CLOCK_SetSimConfig</STRONG> (Thumb, 42 bytes, Stack size 0 bytes, fsl_clock.o(.text.CLOCK_SetSimConfig))
<BR><BR>[Called By]<UL><LI><a href="#[ab]">&gt;&gt;</a>&nbsp;&nbsp;&nbsp;BOARD_InitBootClocks
</UL>

<P><STRONG><a name="[b2]"></a>DbgConsole_Init</STRONG> (Thumb, 78 bytes, Stack size 32 bytes, fsl_debug_console.o(.text.DbgConsole_Init))
<BR><BR>[Stack]<UL><LI>Max Depth = 600<LI>Call Chain = DbgConsole_Init &rArr; HAL_UartInit &rArr; UART_Init &rArr; __aeabi_assert &rArr; DbgConsole_Printf &rArr; DbgConsole_Vprintf &rArr; __hardfp_pow &rArr; __kernel_poly &rArr; __aeabi_dadd &rArr; _double_epilogue &rArr; _double_round
</UL>
<BR>[Calls]<UL><LI><a href="#[b6]">&gt;&gt;</a>&nbsp;&nbsp;&nbsp;HAL_UartInit
</UL>
<BR>[Called By]<UL><LI><a href="#[b0]">&gt;&gt;</a>&nbsp;&nbsp;&nbsp;BOARD_InitDebugConsole
</UL>

<P><STRONG><a name="[b7]"></a>DbgConsole_Printf</STRONG> (Thumb, 32 bytes, Stack size 24 bytes, fsl_debug_console.o(.text.DbgConsole_Printf))
<BR><BR>[Stack]<UL><LI>Max Depth = 512<LI>Call Chain = DbgConsole_Printf &rArr; DbgConsole_Vprintf &rArr; __hardfp_pow &rArr; __kernel_poly &rArr; __aeabi_dadd &rArr; _double_epilogue &rArr; _double_round
</UL>
<BR>[Calls]<UL><LI><a href="#[b8]">&gt;&gt;</a>&nbsp;&nbsp;&nbsp;DbgConsole_Vprintf
</UL>
<BR>[Called By]<UL><LI><a href="#[a6]">&gt;&gt;</a>&nbsp;&nbsp;&nbsp;__aeabi_assert
<LI><a href="#[61]">&gt;&gt;</a>&nbsp;&nbsp;&nbsp;main
<LI><a href="#[46]">&gt;&gt;</a>&nbsp;&nbsp;&nbsp;PORTB_IRQHandler
</UL>

<P><STRONG><a name="[b8]"></a>DbgConsole_Vprintf</STRONG> (Thumb, 1750 bytes, Stack size 192 bytes, fsl_debug_console.o(.text.DbgConsole_Vprintf))
<BR><BR>[Stack]<UL><LI>Max Depth = 488<LI>Call Chain = DbgConsole_Vprintf &rArr; __hardfp_pow &rArr; __kernel_poly &rArr; __aeabi_dadd &rArr; _double_epilogue &rArr; _double_round
</UL>
<BR>[Calls]<UL><LI><a href="#[b9]">&gt;&gt;</a>&nbsp;&nbsp;&nbsp;strlen
<LI><a href="#[bf]">&gt;&gt;</a>&nbsp;&nbsp;&nbsp;memcpy
<LI><a href="#[bc]">&gt;&gt;</a>&nbsp;&nbsp;&nbsp;__hardfp_pow
<LI><a href="#[bb]">&gt;&gt;</a>&nbsp;&nbsp;&nbsp;__hardfp_modf
<LI><a href="#[a0]">&gt;&gt;</a>&nbsp;&nbsp;&nbsp;__aeabi_d2iz
<LI><a href="#[99]">&gt;&gt;</a>&nbsp;&nbsp;&nbsp;__aeabi_dsub
<LI><a href="#[9f]">&gt;&gt;</a>&nbsp;&nbsp;&nbsp;__aeabi_l2d
<LI><a href="#[a2]">&gt;&gt;</a>&nbsp;&nbsp;&nbsp;__aeabi_d2lz
<LI><a href="#[9c]">&gt;&gt;</a>&nbsp;&nbsp;&nbsp;__aeabi_ddiv
<LI><a href="#[be]">&gt;&gt;</a>&nbsp;&nbsp;&nbsp;__aeabi_dcmpgt
<LI><a href="#[94]">&gt;&gt;</a>&nbsp;&nbsp;&nbsp;__aeabi_dadd
<LI><a href="#[bd]">&gt;&gt;</a>&nbsp;&nbsp;&nbsp;__aeabi_dcmplt
<LI><a href="#[9e]">&gt;&gt;</a>&nbsp;&nbsp;&nbsp;__aeabi_ui2d
<LI><a href="#[ba]">&gt;&gt;</a>&nbsp;&nbsp;&nbsp;__aeabi_dcmpeq
<LI><a href="#[9b]">&gt;&gt;</a>&nbsp;&nbsp;&nbsp;__aeabi_dmul
</UL>
<BR>[Called By]<UL><LI><a href="#[b7]">&gt;&gt;</a>&nbsp;&nbsp;&nbsp;DbgConsole_Printf
</UL>

<P><STRONG><a name="[c0]"></a>GPIO_PinInit</STRONG> (Thumb, 64 bytes, Stack size 0 bytes, fsl_gpio.o(.text.GPIO_PinInit))
<BR><BR>[Stack]<UL><LI>Max Depth = 512<LI>Call Chain = GPIO_PinInit &rArr; __aeabi_assert &rArr; DbgConsole_Printf &rArr; DbgConsole_Vprintf &rArr; __hardfp_pow &rArr; __kernel_poly &rArr; __aeabi_dadd &rArr; _double_epilogue &rArr; _double_round
</UL>
<BR>[Calls]<UL><LI><a href="#[a6]">&gt;&gt;</a>&nbsp;&nbsp;&nbsp;__aeabi_assert
</UL>
<BR>[Called By]<UL><LI><a href="#[61]">&gt;&gt;</a>&nbsp;&nbsp;&nbsp;main
</UL>

<P><STRONG><a name="[c1]"></a>GPIO_PortClearInterruptFlags</STRONG> (Thumb, 66 bytes, Stack size 0 bytes, fsl_gpio.o(.text.GPIO_PortClearInterruptFlags))
<BR><BR>[Stack]<UL><LI>Max Depth = 512<LI>Call Chain = GPIO_PortClearInterruptFlags &rArr; __aeabi_assert &rArr; DbgConsole_Printf &rArr; DbgConsole_Vprintf &rArr; __hardfp_pow &rArr; __kernel_poly &rArr; __aeabi_dadd &rArr; _double_epilogue &rArr; _double_round
</UL>
<BR>[Calls]<UL><LI><a href="#[a6]">&gt;&gt;</a>&nbsp;&nbsp;&nbsp;__aeabi_assert
</UL>
<BR>[Called By]<UL><LI><a href="#[46]">&gt;&gt;</a>&nbsp;&nbsp;&nbsp;PORTB_IRQHandler
</UL>

<P><STRONG><a name="[b6]"></a>HAL_UartInit</STRONG> (Thumb, 228 bytes, Stack size 32 bytes, fsl_adapter_uart.o(.text.HAL_UartInit))
<BR><BR>[Stack]<UL><LI>Max Depth = 568<LI>Call Chain = HAL_UartInit &rArr; UART_Init &rArr; __aeabi_assert &rArr; DbgConsole_Printf &rArr; DbgConsole_Vprintf &rArr; __hardfp_pow &rArr; __kernel_poly &rArr; __aeabi_dadd &rArr; _double_epilogue &rArr; _double_round
</UL>
<BR>[Calls]<UL><LI><a href="#[a6]">&gt;&gt;</a>&nbsp;&nbsp;&nbsp;__aeabi_assert
<LI><a href="#[c3]">&gt;&gt;</a>&nbsp;&nbsp;&nbsp;UART_Init
<LI><a href="#[c2]">&gt;&gt;</a>&nbsp;&nbsp;&nbsp;UART_GetDefaultConfig
</UL>
<BR>[Called By]<UL><LI><a href="#[b2]">&gt;&gt;</a>&nbsp;&nbsp;&nbsp;DbgConsole_Init
</UL>

<P><STRONG><a name="[91]"></a>HAL_UartReceiveBlocking</STRONG> (Thumb, 108 bytes, Stack size 8 bytes, fsl_adapter_uart.o(.text.HAL_UartReceiveBlocking))
<BR><BR>[Stack]<UL><LI>Max Depth = 536<LI>Call Chain = HAL_UartReceiveBlocking &rArr; UART_ReadBlocking &rArr; __aeabi_assert &rArr; DbgConsole_Printf &rArr; DbgConsole_Vprintf &rArr; __hardfp_pow &rArr; __kernel_poly &rArr; __aeabi_dadd &rArr; _double_epilogue &rArr; _double_round
</UL>
<BR>[Calls]<UL><LI><a href="#[c4]">&gt;&gt;</a>&nbsp;&nbsp;&nbsp;UART_ReadBlocking
<LI><a href="#[a6]">&gt;&gt;</a>&nbsp;&nbsp;&nbsp;__aeabi_assert
</UL>
<BR>[Address Reference Count : 1]<UL><LI> fsl_debug_console.o(.text.DbgConsole_Init)
</UL>
<P><STRONG><a name="[90]"></a>HAL_UartSendBlocking</STRONG> (Thumb, 102 bytes, Stack size 8 bytes, fsl_adapter_uart.o(.text.HAL_UartSendBlocking))
<BR><BR>[Stack]<UL><LI>Max Depth = 520<LI>Call Chain = HAL_UartSendBlocking &rArr; __aeabi_assert &rArr; DbgConsole_Printf &rArr; DbgConsole_Vprintf &rArr; __hardfp_pow &rArr; __kernel_poly &rArr; __aeabi_dadd &rArr; _double_epilogue &rArr; _double_round
</UL>
<BR>[Calls]<UL><LI><a href="#[c5]">&gt;&gt;</a>&nbsp;&nbsp;&nbsp;UART_WriteBlocking
<LI><a href="#[a6]">&gt;&gt;</a>&nbsp;&nbsp;&nbsp;__aeabi_assert
</UL>
<BR>[Address Reference Count : 1]<UL><LI> fsl_debug_console.o(.text.DbgConsole_Init)
</UL>
<P><STRONG><a name="[46]"></a>PORTB_IRQHandler</STRONG> (Thumb, 136 bytes, Stack size 24 bytes, adc16_interrupt.o(.text.PORTB_IRQHandler))
<BR><BR>[Stack]<UL><LI>Max Depth = 544<LI>Call Chain = PORTB_IRQHandler &rArr; ADC16_SetChannelConfig &rArr; __aeabi_assert &rArr; DbgConsole_Printf &rArr; DbgConsole_Vprintf &rArr; __hardfp_pow &rArr; __kernel_poly &rArr; __aeabi_dadd &rArr; _double_epilogue &rArr; _double_round
</UL>
<BR>[Calls]<UL><LI><a href="#[b7]">&gt;&gt;</a>&nbsp;&nbsp;&nbsp;DbgConsole_Printf
<LI><a href="#[9b]">&gt;&gt;</a>&nbsp;&nbsp;&nbsp;__aeabi_dmul
<LI><a href="#[9d]">&gt;&gt;</a>&nbsp;&nbsp;&nbsp;__aeabi_i2d
<LI><a href="#[a5]">&gt;&gt;</a>&nbsp;&nbsp;&nbsp;ADC16_GetChannelStatusFlags
<LI><a href="#[aa]">&gt;&gt;</a>&nbsp;&nbsp;&nbsp;ADC16_SetChannelConfig
<LI><a href="#[c1]">&gt;&gt;</a>&nbsp;&nbsp;&nbsp;GPIO_PortClearInterruptFlags
</UL>
<BR>[Address Reference Count : 1]<UL><LI> startup_mk64f12.o(.isr_vector)
</UL>
<P><STRONG><a name="[62]"></a>SystemInit</STRONG> (Thumb, 48 bytes, Stack size 0 bytes, system_mk64f12.o(.text.SystemInit))
<BR>[Address Reference Count : 1]<UL><LI> startup_mk64f12.o(.text)
</UL>
<P><STRONG><a name="[e3]"></a>SystemInitHook</STRONG> (Thumb, 2 bytes, Stack size 0 bytes, system_mk64f12.o(.text.SystemInitHook), UNUSED)

<P><STRONG><a name="[7c]"></a>UART0_RX_TX_DriverIRQHandler</STRONG> (Thumb, 42 bytes, Stack size 8 bytes, fsl_uart.o(.text.UART0_RX_TX_DriverIRQHandler))
<BR><BR>[Stack]<UL><LI>Max Depth = 8<LI>Call Chain = UART0_RX_TX_DriverIRQHandler
</UL>
<BR>[Address Reference Count : 1]<UL><LI> startup_mk64f12.o(.text)
</UL>
<P><STRONG><a name="[7e]"></a>UART1_RX_TX_DriverIRQHandler</STRONG> (Thumb, 42 bytes, Stack size 8 bytes, fsl_uart.o(.text.UART1_RX_TX_DriverIRQHandler))
<BR><BR>[Stack]<UL><LI>Max Depth = 8<LI>Call Chain = UART1_RX_TX_DriverIRQHandler
</UL>
<BR>[Address Reference Count : 1]<UL><LI> startup_mk64f12.o(.text)
</UL>
<P><STRONG><a name="[80]"></a>UART2_RX_TX_DriverIRQHandler</STRONG> (Thumb, 42 bytes, Stack size 8 bytes, fsl_uart.o(.text.UART2_RX_TX_DriverIRQHandler))
<BR><BR>[Stack]<UL><LI>Max Depth = 8<LI>Call Chain = UART2_RX_TX_DriverIRQHandler
</UL>
<BR>[Address Reference Count : 1]<UL><LI> startup_mk64f12.o(.text)
</UL>
<P><STRONG><a name="[82]"></a>UART3_RX_TX_DriverIRQHandler</STRONG> (Thumb, 42 bytes, Stack size 8 bytes, fsl_uart.o(.text.UART3_RX_TX_DriverIRQHandler))
<BR><BR>[Stack]<UL><LI>Max Depth = 8<LI>Call Chain = UART3_RX_TX_DriverIRQHandler
</UL>
<BR>[Address Reference Count : 1]<UL><LI> startup_mk64f12.o(.text)
</UL>
<P><STRONG><a name="[85]"></a>UART4_RX_TX_DriverIRQHandler</STRONG> (Thumb, 42 bytes, Stack size 8 bytes, fsl_uart.o(.text.UART4_RX_TX_DriverIRQHandler))
<BR><BR>[Stack]<UL><LI>Max Depth = 8<LI>Call Chain = UART4_RX_TX_DriverIRQHandler
</UL>
<BR>[Address Reference Count : 1]<UL><LI> startup_mk64f12.o(.text)
</UL>
<P><STRONG><a name="[87]"></a>UART5_RX_TX_DriverIRQHandler</STRONG> (Thumb, 42 bytes, Stack size 8 bytes, fsl_uart.o(.text.UART5_RX_TX_DriverIRQHandler))
<BR><BR>[Stack]<UL><LI>Max Depth = 8<LI>Call Chain = UART5_RX_TX_DriverIRQHandler
</UL>
<BR>[Address Reference Count : 1]<UL><LI> startup_mk64f12.o(.text)
</UL>
<P><STRONG><a name="[c2]"></a>UART_GetDefaultConfig</STRONG> (Thumb, 56 bytes, Stack size 16 bytes, fsl_uart.o(.text.UART_GetDefaultConfig))
<BR><BR>[Stack]<UL><LI>Max Depth = 528<LI>Call Chain = UART_GetDefaultConfig &rArr; __aeabi_assert &rArr; DbgConsole_Printf &rArr; DbgConsole_Vprintf &rArr; __hardfp_pow &rArr; __kernel_poly &rArr; __aeabi_dadd &rArr; _double_epilogue &rArr; _double_round
</UL>
<BR>[Calls]<UL><LI><a href="#[a8]">&gt;&gt;</a>&nbsp;&nbsp;&nbsp;memset
<LI><a href="#[a6]">&gt;&gt;</a>&nbsp;&nbsp;&nbsp;__aeabi_assert
</UL>
<BR>[Called By]<UL><LI><a href="#[b6]">&gt;&gt;</a>&nbsp;&nbsp;&nbsp;HAL_UartInit
</UL>

<P><STRONG><a name="[c3]"></a>UART_Init</STRONG> (Thumb, 500 bytes, Stack size 24 bytes, fsl_uart.o(.text.UART_Init))
<BR><BR>[Stack]<UL><LI>Max Depth = 536<LI>Call Chain = UART_Init &rArr; __aeabi_assert &rArr; DbgConsole_Printf &rArr; DbgConsole_Vprintf &rArr; __hardfp_pow &rArr; __kernel_poly &rArr; __aeabi_dadd &rArr; _double_epilogue &rArr; _double_round
</UL>
<BR>[Calls]<UL><LI><a href="#[a6]">&gt;&gt;</a>&nbsp;&nbsp;&nbsp;__aeabi_assert
</UL>
<BR>[Called By]<UL><LI><a href="#[b6]">&gt;&gt;</a>&nbsp;&nbsp;&nbsp;HAL_UartInit
</UL>

<P><STRONG><a name="[c4]"></a>UART_ReadBlocking</STRONG> (Thumb, 320 bytes, Stack size 16 bytes, fsl_uart.o(.text.UART_ReadBlocking))
<BR><BR>[Stack]<UL><LI>Max Depth = 528<LI>Call Chain = UART_ReadBlocking &rArr; __aeabi_assert &rArr; DbgConsole_Printf &rArr; DbgConsole_Vprintf &rArr; __hardfp_pow &rArr; __kernel_poly &rArr; __aeabi_dadd &rArr; _double_epilogue &rArr; _double_round
</UL>
<BR>[Calls]<UL><LI><a href="#[a6]">&gt;&gt;</a>&nbsp;&nbsp;&nbsp;__aeabi_assert
</UL>
<BR>[Called By]<UL><LI><a href="#[91]">&gt;&gt;</a>&nbsp;&nbsp;&nbsp;HAL_UartReceiveBlocking
</UL>

<P><STRONG><a name="[c5]"></a>UART_WriteBlocking</STRONG> (Thumb, 34 bytes, Stack size 0 bytes, fsl_uart.o(.text.UART_WriteBlocking))
<BR><BR>[Called By]<UL><LI><a href="#[90]">&gt;&gt;</a>&nbsp;&nbsp;&nbsp;HAL_UartSendBlocking
</UL>

<P><STRONG><a name="[a6]"></a>__aeabi_assert</STRONG> (Thumb, 16 bytes, Stack size 0 bytes, fsl_assert.o(.text.__aeabi_assert))
<BR><BR>[Stack]<UL><LI>Max Depth = 512<LI>Call Chain = __aeabi_assert &rArr; DbgConsole_Printf &rArr; DbgConsole_Vprintf &rArr; __hardfp_pow &rArr; __kernel_poly &rArr; __aeabi_dadd &rArr; _double_epilogue &rArr; _double_round
</UL>
<BR>[Calls]<UL><LI><a href="#[b7]">&gt;&gt;</a>&nbsp;&nbsp;&nbsp;DbgConsole_Printf
</UL>
<BR>[Called By]<UL><LI><a href="#[b3]">&gt;&gt;</a>&nbsp;&nbsp;&nbsp;CLOCK_GetOutClkFreq
<LI><a href="#[b5]">&gt;&gt;</a>&nbsp;&nbsp;&nbsp;CLOCK_GetPll0Freq
<LI><a href="#[b4]">&gt;&gt;</a>&nbsp;&nbsp;&nbsp;CLOCK_GetFllRefClkFreq
<LI><a href="#[90]">&gt;&gt;</a>&nbsp;&nbsp;&nbsp;HAL_UartSendBlocking
<LI><a href="#[c4]">&gt;&gt;</a>&nbsp;&nbsp;&nbsp;UART_ReadBlocking
<LI><a href="#[91]">&gt;&gt;</a>&nbsp;&nbsp;&nbsp;HAL_UartReceiveBlocking
<LI><a href="#[c3]">&gt;&gt;</a>&nbsp;&nbsp;&nbsp;UART_Init
<LI><a href="#[c2]">&gt;&gt;</a>&nbsp;&nbsp;&nbsp;UART_GetDefaultConfig
<LI><a href="#[b6]">&gt;&gt;</a>&nbsp;&nbsp;&nbsp;HAL_UartInit
<LI><a href="#[ae]">&gt;&gt;</a>&nbsp;&nbsp;&nbsp;CLOCK_BootToPeeMode
<LI><a href="#[a9]">&gt;&gt;</a>&nbsp;&nbsp;&nbsp;ADC16_Init
<LI><a href="#[a7]">&gt;&gt;</a>&nbsp;&nbsp;&nbsp;ADC16_GetDefaultConfig
<LI><a href="#[c0]">&gt;&gt;</a>&nbsp;&nbsp;&nbsp;GPIO_PinInit
<LI><a href="#[a5]">&gt;&gt;</a>&nbsp;&nbsp;&nbsp;ADC16_GetChannelStatusFlags
<LI><a href="#[aa]">&gt;&gt;</a>&nbsp;&nbsp;&nbsp;ADC16_SetChannelConfig
<LI><a href="#[c1]">&gt;&gt;</a>&nbsp;&nbsp;&nbsp;GPIO_PortClearInterruptFlags
</UL>

<P><STRONG><a name="[61]"></a>main</STRONG> (Thumb, 288 bytes, Stack size 24 bytes, adc16_interrupt.o(.text.main))
<BR><BR>[Stack]<UL><LI>Max Depth = 632<LI>Call Chain = main &rArr; BOARD_InitDebugConsole &rArr; DbgConsole_Init &rArr; HAL_UartInit &rArr; UART_Init &rArr; __aeabi_assert &rArr; DbgConsole_Printf &rArr; DbgConsole_Vprintf &rArr; __hardfp_pow &rArr; __kernel_poly &rArr; __aeabi_dadd &rArr; _double_epilogue &rArr; _double_round
</UL>
<BR>[Calls]<UL><LI><a href="#[c7]">&gt;&gt;</a>&nbsp;&nbsp;&nbsp;ADC16_DoAutoCalibration
<LI><a href="#[a9]">&gt;&gt;</a>&nbsp;&nbsp;&nbsp;ADC16_Init
<LI><a href="#[a7]">&gt;&gt;</a>&nbsp;&nbsp;&nbsp;ADC16_GetDefaultConfig
<LI><a href="#[c0]">&gt;&gt;</a>&nbsp;&nbsp;&nbsp;GPIO_PinInit
<LI><a href="#[b0]">&gt;&gt;</a>&nbsp;&nbsp;&nbsp;BOARD_InitDebugConsole
<LI><a href="#[ab]">&gt;&gt;</a>&nbsp;&nbsp;&nbsp;BOARD_InitBootClocks
<LI><a href="#[c6]">&gt;&gt;</a>&nbsp;&nbsp;&nbsp;BOARD_InitBootPins
<LI><a href="#[b7]">&gt;&gt;</a>&nbsp;&nbsp;&nbsp;DbgConsole_Printf
<LI><a href="#[9b]">&gt;&gt;</a>&nbsp;&nbsp;&nbsp;__aeabi_dmul
<LI><a href="#[9d]">&gt;&gt;</a>&nbsp;&nbsp;&nbsp;__aeabi_i2d
<LI><a href="#[a5]">&gt;&gt;</a>&nbsp;&nbsp;&nbsp;ADC16_GetChannelStatusFlags
<LI><a href="#[aa]">&gt;&gt;</a>&nbsp;&nbsp;&nbsp;ADC16_SetChannelConfig
</UL>
<BR>[Address Reference Count : 1]<UL><LI> entry9a.o(.ARM.Collect$$$$0000000B)
</UL>
<P><STRONG><a name="[d3]"></a>__ARM_fpclassify</STRONG> (Thumb, 48 bytes, Stack size 8 bytes, fpclassify.o(i.__ARM_fpclassify))
<BR><BR>[Stack]<UL><LI>Max Depth = 8<LI>Call Chain = __ARM_fpclassify
</UL>
<BR>[Called By]<UL><LI><a href="#[bc]">&gt;&gt;</a>&nbsp;&nbsp;&nbsp;__hardfp_pow
</UL>

<P><STRONG><a name="[bb]"></a>__hardfp_modf</STRONG> (Thumb, 202 bytes, Stack size 24 bytes, modf.o(i.__hardfp_modf))
<BR><BR>[Stack]<UL><LI>Max Depth = 112<LI>Call Chain = __hardfp_modf &rArr; __aeabi_dsub &rArr; __aeabi_dadd &rArr; _double_epilogue &rArr; _double_round
</UL>
<BR>[Calls]<UL><LI><a href="#[99]">&gt;&gt;</a>&nbsp;&nbsp;&nbsp;__aeabi_dsub
</UL>
<BR>[Called By]<UL><LI><a href="#[b8]">&gt;&gt;</a>&nbsp;&nbsp;&nbsp;DbgConsole_Vprintf
</UL>

<P><STRONG><a name="[bc]"></a>__hardfp_pow</STRONG> (Thumb, 3088 bytes, Stack size 184 bytes, pow.o(i.__hardfp_pow))
<BR><BR>[Stack]<UL><LI>Max Depth = 296<LI>Call Chain = __hardfp_pow &rArr; __kernel_poly &rArr; __aeabi_dadd &rArr; _double_epilogue &rArr; _double_round
</UL>
<BR>[Calls]<UL><LI><a href="#[cf]">&gt;&gt;</a>&nbsp;&nbsp;&nbsp;__mathlib_dbl_underflow
<LI><a href="#[cb]">&gt;&gt;</a>&nbsp;&nbsp;&nbsp;__mathlib_dbl_overflow
<LI><a href="#[ce]">&gt;&gt;</a>&nbsp;&nbsp;&nbsp;__mathlib_dbl_invalid
<LI><a href="#[c8]">&gt;&gt;</a>&nbsp;&nbsp;&nbsp;__mathlib_dbl_infnan2
<LI><a href="#[ca]">&gt;&gt;</a>&nbsp;&nbsp;&nbsp;__mathlib_dbl_divzero
<LI><a href="#[9a]">&gt;&gt;</a>&nbsp;&nbsp;&nbsp;__aeabi_drsub
<LI><a href="#[d1]">&gt;&gt;</a>&nbsp;&nbsp;&nbsp;__aeabi_cdrcmple
<LI><a href="#[d2]">&gt;&gt;</a>&nbsp;&nbsp;&nbsp;__ARM_scalbn
<LI><a href="#[99]">&gt;&gt;</a>&nbsp;&nbsp;&nbsp;__aeabi_dsub
<LI><a href="#[9c]">&gt;&gt;</a>&nbsp;&nbsp;&nbsp;__aeabi_ddiv
<LI><a href="#[94]">&gt;&gt;</a>&nbsp;&nbsp;&nbsp;__aeabi_dadd
<LI><a href="#[9b]">&gt;&gt;</a>&nbsp;&nbsp;&nbsp;__aeabi_dmul
<LI><a href="#[9d]">&gt;&gt;</a>&nbsp;&nbsp;&nbsp;__aeabi_i2d
<LI><a href="#[c9]">&gt;&gt;</a>&nbsp;&nbsp;&nbsp;__set_errno
<LI><a href="#[cc]">&gt;&gt;</a>&nbsp;&nbsp;&nbsp;sqrt
<LI><a href="#[d0]">&gt;&gt;</a>&nbsp;&nbsp;&nbsp;__kernel_poly
<LI><a href="#[d3]">&gt;&gt;</a>&nbsp;&nbsp;&nbsp;__ARM_fpclassify
<LI><a href="#[cd]">&gt;&gt;</a>&nbsp;&nbsp;&nbsp;fabs
</UL>
<BR>[Called By]<UL><LI><a href="#[b8]">&gt;&gt;</a>&nbsp;&nbsp;&nbsp;DbgConsole_Vprintf
</UL>

<P><STRONG><a name="[d0]"></a>__kernel_poly</STRONG> (Thumb, 248 bytes, Stack size 24 bytes, poly.o(i.__kernel_poly))
<BR><BR>[Stack]<UL><LI>Max Depth = 112<LI>Call Chain = __kernel_poly &rArr; __aeabi_dadd &rArr; _double_epilogue &rArr; _double_round
</UL>
<BR>[Calls]<UL><LI><a href="#[94]">&gt;&gt;</a>&nbsp;&nbsp;&nbsp;__aeabi_dadd
<LI><a href="#[9b]">&gt;&gt;</a>&nbsp;&nbsp;&nbsp;__aeabi_dmul
</UL>
<BR>[Called By]<UL><LI><a href="#[bc]">&gt;&gt;</a>&nbsp;&nbsp;&nbsp;__hardfp_pow
</UL>

<P><STRONG><a name="[ca]"></a>__mathlib_dbl_divzero</STRONG> (Thumb, 28 bytes, Stack size 8 bytes, dunder.o(i.__mathlib_dbl_divzero))
<BR><BR>[Stack]<UL><LI>Max Depth = 48<LI>Call Chain = __mathlib_dbl_divzero &rArr; __aeabi_ddiv &rArr; _double_round
</UL>
<BR>[Calls]<UL><LI><a href="#[9c]">&gt;&gt;</a>&nbsp;&nbsp;&nbsp;__aeabi_ddiv
</UL>
<BR>[Called By]<UL><LI><a href="#[bc]">&gt;&gt;</a>&nbsp;&nbsp;&nbsp;__hardfp_pow
</UL>

<P><STRONG><a name="[c8]"></a>__mathlib_dbl_infnan2</STRONG> (Thumb, 20 bytes, Stack size 8 bytes, dunder.o(i.__mathlib_dbl_infnan2))
<BR><BR>[Stack]<UL><LI>Max Depth = 96<LI>Call Chain = __mathlib_dbl_infnan2 &rArr; __aeabi_dadd &rArr; _double_epilogue &rArr; _double_round
</UL>
<BR>[Calls]<UL><LI><a href="#[94]">&gt;&gt;</a>&nbsp;&nbsp;&nbsp;__aeabi_dadd
</UL>
<BR>[Called By]<UL><LI><a href="#[bc]">&gt;&gt;</a>&nbsp;&nbsp;&nbsp;__hardfp_pow
</UL>

<P><STRONG><a name="[ce]"></a>__mathlib_dbl_invalid</STRONG> (Thumb, 24 bytes, Stack size 8 bytes, dunder.o(i.__mathlib_dbl_invalid))
<BR><BR>[Stack]<UL><LI>Max Depth = 48<LI>Call Chain = __mathlib_dbl_invalid &rArr; __aeabi_ddiv &rArr; _double_round
</UL>
<BR>[Calls]<UL><LI><a href="#[9c]">&gt;&gt;</a>&nbsp;&nbsp;&nbsp;__aeabi_ddiv
</UL>
<BR>[Called By]<UL><LI><a href="#[bc]">&gt;&gt;</a>&nbsp;&nbsp;&nbsp;__hardfp_pow
</UL>

<P><STRONG><a name="[cb]"></a>__mathlib_dbl_overflow</STRONG> (Thumb, 24 bytes, Stack size 8 bytes, dunder.o(i.__mathlib_dbl_overflow))
<BR><BR>[Stack]<UL><LI>Max Depth = 96<LI>Call Chain = __mathlib_dbl_overflow &rArr; __aeabi_dmul &rArr; _double_epilogue &rArr; _double_round
</UL>
<BR>[Calls]<UL><LI><a href="#[9b]">&gt;&gt;</a>&nbsp;&nbsp;&nbsp;__aeabi_dmul
</UL>
<BR>[Called By]<UL><LI><a href="#[bc]">&gt;&gt;</a>&nbsp;&nbsp;&nbsp;__hardfp_pow
</UL>

<P><STRONG><a name="[cf]"></a>__mathlib_dbl_underflow</STRONG> (Thumb, 24 bytes, Stack size 8 bytes, dunder.o(i.__mathlib_dbl_underflow))
<BR><BR>[Stack]<UL><LI>Max Depth = 96<LI>Call Chain = __mathlib_dbl_underflow &rArr; __aeabi_dmul &rArr; _double_epilogue &rArr; _double_round
</UL>
<BR>[Calls]<UL><LI><a href="#[9b]">&gt;&gt;</a>&nbsp;&nbsp;&nbsp;__aeabi_dmul
</UL>
<BR>[Called By]<UL><LI><a href="#[bc]">&gt;&gt;</a>&nbsp;&nbsp;&nbsp;__hardfp_pow
</UL>

<P><STRONG><a name="[e4]"></a>__scatterload_copy</STRONG> (Thumb, 14 bytes, Stack size unknown bytes, handlers.o(i.__scatterload_copy), UNUSED)

<P><STRONG><a name="[e5]"></a>__scatterload_null</STRONG> (Thumb, 2 bytes, Stack size unknown bytes, handlers.o(i.__scatterload_null), UNUSED)

<P><STRONG><a name="[e6]"></a>__scatterload_zeroinit</STRONG> (Thumb, 14 bytes, Stack size unknown bytes, handlers.o(i.__scatterload_zeroinit), UNUSED)

<P><STRONG><a name="[c9]"></a>__set_errno</STRONG> (Thumb, 6 bytes, Stack size 0 bytes, errno.o(i.__set_errno))
<BR><BR>[Called By]<UL><LI><a href="#[bc]">&gt;&gt;</a>&nbsp;&nbsp;&nbsp;__hardfp_pow
<LI><a href="#[cc]">&gt;&gt;</a>&nbsp;&nbsp;&nbsp;sqrt
</UL>

<P><STRONG><a name="[cd]"></a>fabs</STRONG> (Thumb, 24 bytes, Stack size 8 bytes, fabs.o(i.fabs))
<BR><BR>[Stack]<UL><LI>Max Depth = 8<LI>Call Chain = fabs
</UL>
<BR>[Called By]<UL><LI><a href="#[bc]">&gt;&gt;</a>&nbsp;&nbsp;&nbsp;__hardfp_pow
</UL>

<P><STRONG><a name="[cc]"></a>sqrt</STRONG> (Thumb, 110 bytes, Stack size 32 bytes, sqrt.o(i.sqrt))
<BR><BR>[Stack]<UL><LI>Max Depth = 72<LI>Call Chain = sqrt &rArr; _dsqrt &rArr; _double_round
</UL>
<BR>[Calls]<UL><LI><a href="#[c9]">&gt;&gt;</a>&nbsp;&nbsp;&nbsp;__set_errno
<LI><a href="#[a4]">&gt;&gt;</a>&nbsp;&nbsp;&nbsp;_dsqrt
</UL>
<BR>[Called By]<UL><LI><a href="#[bc]">&gt;&gt;</a>&nbsp;&nbsp;&nbsp;__hardfp_pow
</UL>
<P>
<H3>
Local Symbols
</H3>
<P><STRONG><a name="[b4]"></a>CLOCK_GetFllRefClkFreq</STRONG> (Thumb, 220 bytes, Stack size 0 bytes, fsl_clock.o(.text.CLOCK_GetFllRefClkFreq))
<BR><BR>[Stack]<UL><LI>Max Depth = 512<LI>Call Chain = CLOCK_GetFllRefClkFreq &rArr; __aeabi_assert &rArr; DbgConsole_Printf &rArr; DbgConsole_Vprintf &rArr; __hardfp_pow &rArr; __kernel_poly &rArr; __aeabi_dadd &rArr; _double_epilogue &rArr; _double_round
</UL>
<BR>[Calls]<UL><LI><a href="#[a6]">&gt;&gt;</a>&nbsp;&nbsp;&nbsp;__aeabi_assert
</UL>
<BR>[Called By]<UL><LI><a href="#[b3]">&gt;&gt;</a>&nbsp;&nbsp;&nbsp;CLOCK_GetOutClkFreq
</UL>
<P>
<H3>
Undefined Global Symbols
</H3><HR></body></html>
