Component: Arm Compiler for Embedded 6.21 Tool: armlink [5ec1fa00]

==============================================================================

Section Cross References

    main.o(.text.printstr) refers to main.o(.bss.memblock) for memblock
    main.o(.text.printstr) refers to rtx_mempool.o(.text.osMemoryPoolAlloc) for osMemoryPoolAlloc
    main.o(.text.printstr) refers to strcpy.o(.text) for strcpy
    main.o(.text.printstr) refers to main.o(.bss.msgqueue) for msgqueue
    main.o(.text.printstr) refers to rtx_msgqueue.o(.text.osMessageQueuePut) for osMessageQueuePut
    main.o(.ARM.exidx.text.printstr) refers to main.o(.text.printstr) for [Anonymous Symbol]
    main.o(.text.printchar) refers to main.o(.bss.memblock) for memblock
    main.o(.text.printchar) refers to rtx_mempool.o(.text.osMemoryPoolAlloc) for osMemoryPoolAlloc
    main.o(.text.printchar) refers to strcpy.o(.text) for strcpy
    main.o(.text.printchar) refers to main.o(.bss.msgqueue) for msgqueue
    main.o(.text.printchar) refers to rtx_msgqueue.o(.text.osMessageQueuePut) for osMessageQueuePut
    main.o(.ARM.exidx.text.printchar) refers to main.o(.text.printchar) for [Anonymous Symbol]
    main.o(.text.readnumber) refers to fsl_debug_console.o(.text.DbgConsole_Getchar) for DbgConsole_Getchar
    main.o(.text.readnumber) refers to main.o(.bss.memblock) for memblock
    main.o(.text.readnumber) refers to rtx_mempool.o(.text.osMemoryPoolAlloc) for osMemoryPoolAlloc
    main.o(.text.readnumber) refers to strcpy.o(.text) for strcpy
    main.o(.text.readnumber) refers to main.o(.bss.msgqueue) for msgqueue
    main.o(.text.readnumber) refers to rtx_msgqueue.o(.text.osMessageQueuePut) for osMessageQueuePut
    main.o(.ARM.exidx.text.readnumber) refers to main.o(.text.readnumber) for [Anonymous Symbol]
    main.o(.text.producer_thread) refers to main.o(.bss.memblock) for memblock
    main.o(.text.producer_thread) refers to main.o(.bss.msgqueue) for msgqueue
    main.o(.text.producer_thread) refers to main.o(.bss.T_LEDs) for T_LEDs
    main.o(.text.producer_thread) refers to fsl_debug_console.o(.text.DbgConsole_Getchar) for DbgConsole_Getchar
    main.o(.text.producer_thread) refers to rtx_mempool.o(.text.osMemoryPoolAlloc) for osMemoryPoolAlloc
    main.o(.text.producer_thread) refers to strcpy.o(.text) for strcpy
    main.o(.text.producer_thread) refers to rtx_msgqueue.o(.text.osMessageQueuePut) for osMessageQueuePut
    main.o(.text.producer_thread) refers to main.o(.text.readnumber) for readnumber
    main.o(.text.producer_thread) refers to main.o(.bss.queue_sampleperiod) for queue_sampleperiod
    main.o(.text.producer_thread) refers to rtx_thread.o(.text.osThreadFlagsSet) for osThreadFlagsSet
    main.o(.text.producer_thread) refers to main.o(.bss.T_ADC2) for T_ADC2
    main.o(.ARM.exidx.text.producer_thread) refers to main.o(.text.producer_thread) for [Anonymous Symbol]
    main.o(.text.consumer_thread) refers to main.o(.bss.msgqueue) for msgqueue
    main.o(.text.consumer_thread) refers to main.o(.bss.memblock) for memblock
    main.o(.text.consumer_thread) refers to rtx_msgqueue.o(.text.osMessageQueueGet) for osMessageQueueGet
    main.o(.text.consumer_thread) refers to fsl_debug_console.o(.text.DbgConsole_Printf) for DbgConsole_Printf
    main.o(.text.consumer_thread) refers to rtx_mempool.o(.text.osMemoryPoolFree) for osMemoryPoolFree
    main.o(.ARM.exidx.text.consumer_thread) refers to main.o(.text.consumer_thread) for [Anonymous Symbol]
    main.o(.text.PORTC_IRQHandler) refers to fsl_gpio.o(.text.GPIO_PortClearInterruptFlags) for GPIO_PortClearInterruptFlags
    main.o(.text.PORTC_IRQHandler) refers to main.o(.bss.T_SW2) for T_SW2
    main.o(.text.PORTC_IRQHandler) refers to rtx_thread.o(.text.osThreadFlagsSet) for osThreadFlagsSet
    main.o(.ARM.exidx.text.PORTC_IRQHandler) refers to main.o(.text.PORTC_IRQHandler) for [Anonymous Symbol]
    main.o(.text.PORTA_IRQHandler) refers to fsl_gpio.o(.text.GPIO_PortClearInterruptFlags) for GPIO_PortClearInterruptFlags
    main.o(.text.PORTA_IRQHandler) refers to main.o(.bss.T_SW3) for T_SW3
    main.o(.text.PORTA_IRQHandler) refers to rtx_thread.o(.text.osThreadFlagsSet) for osThreadFlagsSet
    main.o(.ARM.exidx.text.PORTA_IRQHandler) refers to main.o(.text.PORTA_IRQHandler) for [Anonymous Symbol]
    main.o(.text.SW2_status) refers to main.o(.rodata..L__const.SW2_status.str1) for .L__const.SW2_status.str1
    main.o(.text.SW2_status) refers to main.o(.rodata..L__const.SW2_status.str2) for .L__const.SW2_status.str2
    main.o(.text.SW2_status) refers to main.o(.bss.memblock) for memblock
    main.o(.text.SW2_status) refers to main.o(.bss.msgqueue) for msgqueue
    main.o(.text.SW2_status) refers to strcpy.o(.text) for strcpy
    main.o(.text.SW2_status) refers to rtx_mempool.o(.text.osMemoryPoolAlloc) for osMemoryPoolAlloc
    main.o(.text.SW2_status) refers to rtx_msgqueue.o(.text.osMessageQueuePut) for osMessageQueuePut
[...]
    [Anonymous Symbol]                       0x00006c48   Section        0  fsl_gpio.o(.rodata.s_gpioBases)
    s_portBases                              0x00006c5c   Data          20  fsl_gpio.o(.rodata.s_portBases)
    [Anonymous Symbol]                       0x00006c5c   Section        0  fsl_gpio.o(.rodata.s_portBases)
    s_uartBases                              0x00006c70   Data          24  fsl_uart.o(.rodata.s_uartBases)
    [Anonymous Symbol]                       0x00006c70   Section        0  fsl_uart.o(.rodata.s_uartBases)
    s_uartClock                              0x00006c88   Data          24  fsl_uart.o(.rodata.s_uartClock)
    [Anonymous Symbol]                       0x00006c88   Section        0  fsl_uart.o(.rodata.s_uartClock)
    [Anonymous Symbol]                       0x00006ca0   Section        0  main.o(.rodata.str1.1)
    .L.str.3                                 0x00006cf0   Data          69  fsl_adapter_uart.o(.rodata.str1.1)
    [Anonymous Symbol]                       0x00006cf0   Section        0  fsl_adapter_uart.o(.rodata.str1.1)
    .L.str.5                                 0x00006d35   Data           5  fsl_adapter_uart.o(.rodata.str1.1)
    .L.str.1                                 0x00006d3a   Data          96  fsl_adapter_uart.o(.rodata.str1.1)
    .L.str                                   0x00006d9a   Data           7  fsl_adapter_uart.o(.rodata.str1.1)
    .L.str.6                                 0x00006da1   Data           7  fsl_adapter_uart.o(.rodata.str1.1)
    .L.str.4                                 0x00006da8   Data          36  fsl_adc16.o(.rodata.str1.1)
    [Anonymous Symbol]                       0x00006da8   Section        0  fsl_adc16.o(.rodata.str1.1)
    .L.str.3                                 0x00006dcc   Data          29  fsl_adc16.o(.rodata.str1.1)
    .L.str.1                                 0x00006de9   Data          81  fsl_adc16.o(.rodata.str1.1)
    .L.str                                   0x00006e3a   Data          15  fsl_adc16.o(.rodata.str1.1)
    .L.str.4                                 0x00006e42   Data           7  fsl_adc16.o(.rodata.str1.1)
    .L.str                                   0x00006e49   Data          12  fsl_clock.o(.rodata.str1.1)
    .L.str.1                                 0x00006e49   Data          81  fsl_clock.o(.rodata.str1.1)
    [Anonymous Symbol]                       0x00006e49   Section        0  fsl_clock.o(.rodata.str1.1)
    .L.str.6                                 0x00006e9a   Data          18  fsl_clock.o(.rodata.str1.1)
    .L.str.2                                 0x00006ea6   Data          13  fsl_clock.o(.rodata.str1.1)
    .L.str.7                                 0x00006eac   Data          19  fsl_clock.o(.rodata.str1.1)
    .L.str.2                                 0x00006ebf   Data          35  fsl_gpio.o(.rodata.str1.1)
    [Anonymous Symbol]                       0x00006ebf   Section        0  fsl_gpio.o(.rodata.str1.1)
    .L.str.1                                 0x00006ee2   Data          80  fsl_gpio.o(.rodata.str1.1)
    .L.str.9                                 0x00006f32   Data          13  fsl_uart.o(.rodata.str1.1)
    [Anonymous Symbol]                       0x00006f32   Section        0  fsl_uart.o(.rodata.str1.1)
    .L.str.3                                 0x00006f5b   Data          15  fsl_uart.o(.rodata.str1.1)
    .L.str.1                                 0x00006f9a   Data          80  fsl_uart.o(.rodata.str1.1)
    .L.str.2                                 0x00006f9c   Data          15  fsl_uart.o(.rodata.str1.1)
    .L.str.6                                 0x00006fea   Data          70  fsl_uart.o(.rodata.str1.1)
    .L.str.5                                 0x00007030   Data          70  fsl_uart.o(.rodata.str1.1)
    .L.str.8                                 0x00007046   Data          13  fsl_uart.o(.rodata.str1.1)
    .L.str.11                                0x00007060   Data          13  fsl_uart.o(.rodata.str1.1)
    .L.str.12                                0x0000706d   Data          21  fsl_uart.o(.rodata.str1.1)
    .L.str                                   0x00007076   Data          26  fsl_uart.o(.rodata.str1.1)
    .L.str.14                                0x00007082   Data          14  fsl_uart.o(.rodata.str1.1)
    [Anonymous Symbol]                       0x00007090   Section        0  rtx_kernel.o(.rodata.str1.4)
    timerAttr_timerADC1                      0x0000709c   Data          16  main.o(.rodata.timerAttr_timerADC1)
    [Anonymous Symbol]                       0x0000709c   Section        0  main.o(.rodata.timerAttr_timerADC1)
    _errno                                   0x20000000   Data           4  errno.o(.data)
    .data                                    0x20000000   Section        4  errno.o(.data)
    s_fastIrcFreq                            0x200000ac   Data           4  fsl_clock.o(.data.s_fastIrcFreq)
    [Anonymous Symbol]                       0x200000ac   Section        0  fsl_clock.o(.data.s_fastIrcFreq)
    s_slowIrcFreq                            0x200000b0   Data           4  fsl_clock.o(.data.s_slowIrcFreq)
    [Anonymous Symbol]                       0x200000b0   Section        0  fsl_clock.o(.data.s_slowIrcFreq)
    ADC1_callback.tick                       0x200000b8   Data           4  main.o(.bss.ADC1_callback.tick)
    [Anonymous Symbol]                       0x200000b8   Section        0  main.o(.bss.ADC1_callback.tick)
    os_isr_queue                             0x200000e8   Data          64  rtx_lib.o(.bss.os)
    [Anonymous Symbol]                       0x200000e8   Section        0  rtx_lib.o(.bss.os)
    os_mem                                   0x20000128   Data       32768  rtx_lib.o(.bss.os)
    PendST                                   0x20008128   Data           1  os_systick.o(.bss.os)
    [Anonymous Symbol]                       0x20008128   Section        0  os_systick.o(.bss.os)
    os_timer_mq_cb                           0x2000812c   Data          52  rtx_lib.o(.bss.os.msgqueue.cb)
    [Anonymous Symbol]                       0x2000812c   Section        0  rtx_lib.o(.bss.os.msgqueue.cb)
    os_timer_mq_data                         0x20008160   Data          80  rtx_lib.o(.bss.os.msgqueue.mem)
    [Anonymous Symbol]                       0x20008160   Section        0  rtx_lib.o(.bss.os.msgqueue.mem)
    os_idle_thread_cb                        0x200081b0   Data          80  rtx_lib.o(.bss.os.thread.cb)
    [Anonymous Symbol]                       0x200081b0   Section        0  rtx_lib.o(.bss.os.thread.cb)
    os_timer_thread_cb                       0x20008200   Data          80  rtx_lib.o(.bss.os.thread.cb)
    os_idle_thread_stack                     0x20008250   Data         512  rtx_lib.o(.bss.os.thread.idle.stack)
    [Anonymous Symbol]                       0x20008250   Section        0  rtx_lib.o(.bss.os.thread.idle.stack)
    os_timer_thread_stack                    0x20008450   Data         512  rtx_lib.o(.bss.os.thread.timer.stack)
    [Anonymous Symbol]                       0x20008450   Section        0  rtx_lib.o(.bss.os.thread.timer.stack)
    s_debugConsole                           0x20008654   Data          20  fsl_debug_console.o(.bss.s_debugConsole)
    [Anonymous Symbol]                       0x20008654   Section        0  fsl_debug_console.o(.bss.s_debugConsole)
    VTOR                                     0xe000ed08   Number         0  startup_mk64f12.o ABSOLUTE
    FPCCR                                    0xe000ef34   Number         0  irq_armv7m.o ABSOLUTE

    Global Symbols

    Symbol Name                              Value     Ov Type        Size  Object(Section)

    BuildAttributes$$THM_ISAv4$E$P$D$K$B$S$7EM$VFPi3$EXTD16$VFPS$VFMA$PE$A:L22UL41UL21$X:L11$S22US41US21$IEEE1$IW$USESV6$~STKCKD$USESV7$WCHAR32$ENUMINT$~SHL$OTIME$ROPI$IEEEX$EBA8$MICROLIB$REQ8$PRES8$EABIv2 0x00000000   Number         0  anon$$obj.o ABSOLUTE
    __Vectors                                0x00000000   Number      1024  startup_mk64f12.o(.isr_vector)
    _printf_a                                0x00000000   Number         0  printfstubs.o ABSOLUTE
    _printf_c                                0x00000000   Number         0  printfstubs.o ABSOLUTE
    _printf_charcount                        0x00000000   Number         0  printfstubs.o ABSOLUTE
    _printf_d                                0x00000000   Number         0  printfstubs.o ABSOLUTE
    _printf_e                                0x00000000   Number         0  printfstubs.o ABSOLUTE
    _printf_f                                0x00000000   Number         0  printfstubs.o ABSOLUTE
    _printf_flags                            0x00000000   Number         0  printfstubs.o ABSOLUTE
    _printf_fp_dec                           0x00000000   Number         0  printfstubs.o ABSOLUTE
    _printf_fp_hex                           0x00000000   Number         0  printfstubs.o ABSOLUTE
    _printf_g                                0x00000000   Number         0  printfstubs.o ABSOLUTE
    _printf_i                                0x00000000   Number         0  printfstubs.o ABSOLUTE
    _printf_int_dec                          0x00000000   Number         0  printfstubs.o ABSOLUTE
    _printf_l                                0x00000000   Number         0  printfstubs.o ABSOLUTE
    _printf_lc                               0x00000000   Number         0  printfstubs.o ABSOLUTE
    _printf_ll                               0x00000000   Number         0  printfstubs.o ABSOLUTE
    _printf_lld                              0x00000000   Number         0  printfstubs.o ABSOLUTE
    _printf_lli                              0x00000000   Number         0  printfstubs.o ABSOLUTE
    _printf_llo                              0x00000000   Number         0  printfstubs.o ABSOLUTE
    _printf_llu                              0x00000000   Number         0  printfstubs.o ABSOLUTE
    _printf_llx                              0x00000000   Number         0  printfstubs.o ABSOLUTE
    _printf_longlong_dec                     0x00000000   Number         0  printfstubs.o ABSOLUTE
    _printf_longlong_hex                     0x00000000   Number         0  printfstubs.o ABSOLUTE
    _printf_longlong_oct                     0x00000000   Number         0  printfstubs.o ABSOLUTE
    _printf_ls                               0x00000000   Number         0  printfstubs.o ABSOLUTE
    _printf_mbtowc                           0x00000000   Number         0  printfstubs.o ABSOLUTE
    _printf_n                                0x00000000   Number         0  printfstubs.o ABSOLUTE
    _printf_o                                0x00000000   Number         0  printfstubs.o ABSOLUTE
    _printf_p                                0x00000000   Number         0  printfstubs.o ABSOLUTE
    _printf_percent                          0x00000000   Number         0  printfstubs.o ABSOLUTE
    _printf_pre_padding                      0x00000000   Number         0  printfstubs.o ABSOLUTE
    _printf_return_value                     0x00000000   Number         0  printfstubs.o ABSOLUTE
    _printf_s                                0x00000000   Number         0  printfstubs.o ABSOLUTE
    _printf_sizespec                         0x00000000   Number         0  printfstubs.o ABSOLUTE
    _printf_str                              0x00000000   Number         0  printfstubs.o ABSOLUTE
    _printf_truncate_signed                  0x00000000   Number         0  printfstubs.o ABSOLUTE
    _printf_truncate_unsigned                0x00000000   Number         0  printfstubs.o ABSOLUTE
    _printf_u                                0x00000000   Number         0  printfstubs.o ABSOLUTE
    _printf_wc                               0x00000000   Number         0  printfstubs.o ABSOLUTE
    _printf_wctomb                           0x00000000   Number         0  printfstubs.o ABSOLUTE
    _printf_widthprec                        0x00000000   Number         0  printfstubs.o ABSOLUTE
    _printf_x                                0x00000000   Number         0  printfstubs.o ABSOLUTE
    .bss.os.evflags.cb$$Base                  - Undefined Weak Reference
    .bss.os.evflags.cb$$Limit                 - Undefined Weak Reference
    .bss.os.mempool.cb$$Base                  - Undefined Weak Reference
    .bss.os.mempool.cb$$Limit                 - Undefined Weak Reference
    .bss.os.mutex.cb$$Base                    - Undefined Weak Reference
    .bss.os.mutex.cb$$Limit                   - Undefined Weak Reference
    .bss.os.semaphore.cb$$Base                - Undefined Weak Reference
    .bss.os.semaphore.cb$$Limit               - Undefined Weak Reference
    .bss.os.timer.cb$$Base                    - Undefined Weak Reference
    .bss.os.timer.cb$$Limit                   - Undefined Weak Reference
    __cpp_initialize__aeabi_                  - Undefined Weak Reference
    __cxa_finalize                            - Undefined Weak Reference
    __decompress                              - Undefined Weak Reference
    _clock_init                               - Undefined Weak Reference
    _microlib_exit                            - Undefined Weak Reference
    __main                                   0x00000411   Thumb Code     0  entry.o(.ARM.Collect$$$$00000000)
    _main_stk                                0x00000411   Thumb Code     0  entry4.o(.ARM.Collect$$$$00000003)
    _main_scatterload                        0x00000415   Thumb Code     0  entry5.o(.ARM.Collect$$$$00000004)
    __main_after_scatterload                 0x00000419   Thumb Code     0  entry5.o(.ARM.Collect$$$$00000004)
    _main_clock                              0x00000419   Thumb Code     0  entry7b.o(.ARM.Collect$$$$00000008)
    _main_cpp_init                           0x00000419   Thumb Code     0  entry8b.o(.ARM.Collect$$$$0000000A)
    _main_init                               0x00000419   Thumb Code     0  entry9a.o(.ARM.Collect$$$$0000000B)
    __rt_final_cpp                           0x00000421   Thumb Code     0  entry10a.o(.ARM.Collect$$$$0000000D)
    __rt_final_exit                          0x00000421   Thumb Code     0  entry11a.o(.ARM.Collect$$$$0000000F)
    Reset_Handler                            0x00000425   Thumb Code    40  startup_mk64f12.o(.text)
    ADC0_IRQHandler                          0x0000044d   Thumb Code     4  startup_mk64f12.o(.text)
    ADC1_IRQHandler                          0x0000044d   Thumb Code     4  startup_mk64f12.o(.text)
    BusFault_Handler                         0x0000044d   Thumb Code     4  startup_mk64f12.o(.text)
    CAN0_DriverIRQHandler                    0x0000044d   Thumb Code     4  startup_mk64f12.o(.text)
    CMP0_IRQHandler                          0x0000044d   Thumb Code     4  startup_mk64f12.o(.text)
    CMP1_IRQHandler                          0x0000044d   Thumb Code     4  startup_mk64f12.o(.text)
    CMP2_IRQHandler                          0x0000044d   Thumb Code     4  startup_mk64f12.o(.text)
    CMT_IRQHandler                           0x0000044d   Thumb Code     4  startup_mk64f12.o(.text)
    DAC0_IRQHandler                          0x0000044d   Thumb Code     4  startup_mk64f12.o(.text)
    DAC1_IRQHandler                          0x0000044d   Thumb Code     4  startup_mk64f12.o(.text)
    DMA0_DriverIRQHandler                    0x0000044d   Thumb Code     4  startup_mk64f12.o(.text)
    DMA10_DriverIRQHandler                   0x0000044d   Thumb Code     4  startup_mk64f12.o(.text)
    DMA11_DriverIRQHandler                   0x0000044d   Thumb Code     4  startup_mk64f12.o(.text)
    DMA12_DriverIRQHandler                   0x0000044d   Thumb Code     4  startup_mk64f12.o(.text)
    DMA13_DriverIRQHandler                   0x0000044d   Thumb Code     4  startup_mk64f12.o(.text)
    DMA14_DriverIRQHandler                   0x0000044d   Thumb Code     4  startup_mk64f12.o(.text)
    DMA15_DriverIRQHandler                   0x0000044d   Thumb Code     4  startup_mk64f12.o(.text)
    DMA1_DriverIRQHandler                    0x0000044d   Thumb Code     4  startup_mk64f12.o(.text)
    DMA2_DriverIRQHandler                    0x0000044d   Thumb Code     4  startup_mk64f12.o(.text)
    DMA3_DriverIRQHandler                    0x0000044d   Thumb Code     4  startup_mk64f12.o(.text)
    DMA4_DriverIRQHandler                    0x0000044d   Thumb Code     4  startup_mk64f12.o(.text)
    DMA5_DriverIRQHandler                    0x0000044d   Thumb Code     4  startup_mk64f12.o(.text)
    DMA6_DriverIRQHandler                    0x0000044d   Thumb Code     4  startup_mk64f12.o(.text)
    DMA7_DriverIRQHandler                    0x0000044d   Thumb Code     4  startup_mk64f12.o(.text)
    DMA8_DriverIRQHandler                    0x0000044d   Thumb Code     4  startup_mk64f12.o(.text)
    DMA9_DriverIRQHandler                    0x0000044d   Thumb Code     4  startup_mk64f12.o(.text)
    DMA_Error_DriverIRQHandler               0x0000044d   Thumb Code     4  startup_mk64f12.o(.text)
    DebugMon_Handler                         0x0000044d   Thumb Code     4  startup_mk64f12.o(.text)
    DefaultISR                               0x0000044d   Thumb Code     4  startup_mk64f12.o(.text)
    ENET_1588_Timer_DriverIRQHandler         0x0000044d   Thumb Code     4  startup_mk64f12.o(.text)
    ENET_Error_DriverIRQHandler              0x0000044d   Thumb Code     4  startup_mk64f12.o(.text)
    ENET_Receive_DriverIRQHandler            0x0000044d   Thumb Code     4  startup_mk64f12.o(.text)
    ENET_Transmit_DriverIRQHandler           0x0000044d   Thumb Code     4  startup_mk64f12.o(.text)
    FTFE_IRQHandler                          0x0000044d   Thumb Code     4  startup_mk64f12.o(.text)
    FTM0_IRQHandler                          0x0000044d   Thumb Code     4  startup_mk64f12.o(.text)
    FTM1_IRQHandler                          0x0000044d   Thumb Code     4  startup_mk64f12.o(.text)
    FTM2_IRQHandler                          0x0000044d   Thumb Code     4  startup_mk64f12.o(.text)
    FTM3_IRQHandler                          0x0000044d   Thumb Code     4  startup_mk64f12.o(.text)
    I2C0_DriverIRQHandler                    0x0000044d   Thumb Code     4  startup_mk64f12.o(.text)
    I2C1_DriverIRQHandler                    0x0000044d   Thumb Code     4  startup_mk64f12.o(.text)
    I2C2_DriverIRQHandler                    0x0000044d   Thumb Code     4  startup_mk64f12.o(.text)
    I2S0_Rx_DriverIRQHandler                 0x0000044d   Thumb Code     4  startup_mk64f12.o(.text)
    I2S0_Tx_DriverIRQHandler                 0x0000044d   Thumb Code     4  startup_mk64f12.o(.text)
    LLWU_IRQHandler                          0x0000044d   Thumb Code     4  startup_mk64f12.o(.text)
    LPTMR0_IRQHandler                        0x0000044d   Thumb Code     4  startup_mk64f12.o(.text)
    LVD_LVW_IRQHandler                       0x0000044d   Thumb Code     4  startup_mk64f12.o(.text)
    MCG_IRQHandler                           0x0000044d   Thumb Code     4  startup_mk64f12.o(.text)
    MCM_IRQHandler                           0x0000044d   Thumb Code     4  startup_mk64f12.o(.text)
    MemManage_Handler                        0x0000044d   Thumb Code     4  startup_mk64f12.o(.text)
    PDB0_IRQHandler                          0x0000044d   Thumb Code     4  startup_mk64f12.o(.text)
    PIT0_IRQHandler                          0x0000044d   Thumb Code     4  startup_mk64f12.o(.text)
    PIT1_IRQHandler                          0x0000044d   Thumb Code     4  startup_mk64f12.o(.text)
    PIT2_IRQHandler                          0x0000044d   Thumb Code     4  startup_mk64f12.o(.text)
    PIT3_IRQHandler                          0x0000044d   Thumb Code     4  startup_mk64f12.o(.text)
    PORTB_IRQHandler                         0x0000044d   Thumb Code     4  startup_mk64f12.o(.text)
    PORTD_IRQHandler                         0x0000044d   Thumb Code     4  startup_mk64f12.o(.text)
    PORTE_IRQHandler                         0x0000044d   Thumb Code     4  startup_mk64f12.o(.text)
    RNG_IRQHandler                           0x0000044d   Thumb Code     4  startup_mk64f12.o(.text)
    RTC_IRQHandler                           0x0000044d   Thumb Code     4  startup_mk64f12.o(.text)
    RTC_Seconds_IRQHandler                   0x0000044d   Thumb Code     4  startup_mk64f12.o(.text)
    Read_Collision_IRQHandler                0x0000044d   Thumb Code     4  startup_mk64f12.o(.text)
    Reserved71_IRQHandler                    0x0000044d   Thumb Code     4  startup_mk64f12.o(.text)
    SDHC_DriverIRQHandler                    0x0000044d   Thumb Code     4  startup_mk64f12.o(.text)
    SPI0_DriverIRQHandler                    0x0000044d   Thumb Code     4  startup_mk64f12.o(.text)
    SPI1_DriverIRQHandler                    0x0000044d   Thumb Code     4  startup_mk64f12.o(.text)
    SPI2_DriverIRQHandler                    0x0000044d   Thumb Code     4  startup_mk64f12.o(.text)
    SWI_IRQHandler                           0x0000044d   Thumb Code     4  startup_mk64f12.o(.text)
    UART0_ERR_DriverIRQHandler               0x0000044d   Thumb Code     4  startup_mk64f12.o(.text)
    UART0_LON_DriverIRQHandler               0x0000044d   Thumb Code     4  startup_mk64f12.o(.text)
    UART1_ERR_DriverIRQHandler               0x0000044d   Thumb Code     4  startup_mk64f12.o(.text)
    UART2_ERR_DriverIRQHandler               0x0000044d   Thumb Code     4  startup_mk64f12.o(.text)
    UART3_ERR_DriverIRQHandler               0x0000044d   Thumb Code     4  startup_mk64f12.o(.text)
    UART4_ERR_DriverIRQHandler               0x0000044d   Thumb Code     4  startup_mk64f12.o(.text)
    UART5_ERR_DriverIRQHandler               0x0000044d   Thumb Code     4  startup_mk64f12.o(.text)
    USB0_IRQHandler                          0x0000044d   Thumb Code     4  startup_mk64f12.o(.text)
    USBDCD_IRQHandler                        0x0000044d   Thumb Code     4  startup_mk64f12.o(.text)
    UsageFault_Handler                       0x0000044d   Thumb Code     4  startup_mk64f12.o(.text)
    WDOG_EWM_IRQHandler                      0x0000044d   Thumb Code     4  startup_mk64f12.o(.text)
    NMI_Handler                              0x00000451   Thumb Code     4  startup_mk64f12.o(.text)
    HardFault_Handler                        0x00000455   Thumb Code     4  startup_mk64f12.o(.text)
    DMA0_IRQHandler                          0x00000465   Thumb Code     4  startup_mk64f12.o(.text)
    DMA1_IRQHandler                          0x00000469   Thumb Code     4  startup_mk64f12.o(.text)
    DMA2_IRQHandler                          0x0000046d   Thumb Code     4  startup_mk64f12.o(.text)
    DMA3_IRQHandler                          0x00000471   Thumb Code     4  startup_mk64f12.o(.text)
    DMA4_IRQHandler                          0x00000475   Thumb Code     4  startup_mk64f12.o(.text)
    DMA5_IRQHandler                          0x00000479   Thumb Code     4  startup_mk64f12.o(.text)
    DMA6_IRQHandler                          0x0000047d   Thumb Code     4  startup_mk64f12.o(.text)
    DMA7_IRQHandler                          0x00000481   Thumb Code     4  startup_mk64f12.o(.text)
    DMA8_IRQHandler                          0x00000485   Thumb Code     4  startup_mk64f12.o(.text)
    DMA9_IRQHandler                          0x00000489   Thumb Code     4  startup_mk64f12.o(.text)
    DMA10_IRQHandler                         0x0000048d   Thumb Code     4  startup_mk64f12.o(.text)
    DMA11_IRQHandler                         0x00000491   Thumb Code     4  startup_mk64f12.o(.text)
    DMA12_IRQHandler                         0x00000495   Thumb Code     4  startup_mk64f12.o(.text)
    DMA13_IRQHandler                         0x00000499   Thumb Code     4  startup_mk64f12.o(.text)
    DMA14_IRQHandler                         0x0000049d   Thumb Code     4  startup_mk64f12.o(.text)
    DMA15_IRQHandler                         0x000004a1   Thumb Code     4  startup_mk64f12.o(.text)
    DMA_Error_IRQHandler                     0x000004a5   Thumb Code     4  startup_mk64f12.o(.text)
    I2C0_IRQHandler                          0x000004a9   Thumb Code     4  startup_mk64f12.o(.text)
    I2C1_IRQHandler                          0x000004ad   Thumb Code     4  startup_mk64f12.o(.text)
    SPI0_IRQHandler                          0x000004b1   Thumb Code     4  startup_mk64f12.o(.text)
    SPI1_IRQHandler                          0x000004b5   Thumb Code     4  startup_mk64f12.o(.text)
    I2S0_Tx_IRQHandler                       0x000004b9   Thumb Code     4  startup_mk64f12.o(.text)
    I2S0_Rx_IRQHandler                       0x000004bd   Thumb Code     4  startup_mk64f12.o(.text)
    UART0_LON_IRQHandler                     0x000004c1   Thumb Code     4  startup_mk64f12.o(.text)
    UART0_RX_TX_IRQHandler                   0x000004c5   Thumb Code     4  startup_mk64f12.o(.text)
    UART0_ERR_IRQHandler                     0x000004c9   Thumb Code     4  startup_mk64f12.o(.text)
    UART1_RX_TX_IRQHandler                   0x000004cd   Thumb Code     4  startup_mk64f12.o(.text)
    UART1_ERR_IRQHandler                     0x000004d1   Thumb Code     4  startup_mk64f12.o(.text)
    UART2_RX_TX_IRQHandler                   0x000004d5   Thumb Code     4  startup_mk64f12.o(.text)
    UART2_ERR_IRQHandler                     0x000004d9   Thumb Code     4  startup_mk64f12.o(.text)
    UART3_RX_TX_IRQHandler                   0x000004dd   Thumb Code     4  startup_mk64f12.o(.text)
    UART3_ERR_IRQHandler                     0x000004e1   Thumb Code     4  startup_mk64f12.o(.text)
    SPI2_IRQHandler                          0x000004e5   Thumb Code     4  startup_mk64f12.o(.text)
    UART4_RX_TX_IRQHandler                   0x000004e9   Thumb Code     4  startup_mk64f12.o(.text)
    UART4_ERR_IRQHandler                     0x000004ed   Thumb Code     4  startup_mk64f12.o(.text)
    UART5_RX_TX_IRQHandler                   0x000004f1   Thumb Code     4  startup_mk64f12.o(.text)
    UART5_ERR_IRQHandler                     0x000004f5   Thumb Code     4  startup_mk64f12.o(.text)
    I2C2_IRQHandler                          0x000004f9   Thumb Code     4  startup_mk64f12.o(.text)
    CAN0_ORed_Message_buffer_IRQHandler      0x000004fd   Thumb Code     4  startup_mk64f12.o(.text)
    CAN0_Bus_Off_IRQHandler                  0x00000501   Thumb Code     4  startup_mk64f12.o(.text)
    CAN0_Error_IRQHandler                    0x00000505   Thumb Code     4  startup_mk64f12.o(.text)
    CAN0_Tx_Warning_IRQHandler               0x00000509   Thumb Code     4  startup_mk64f12.o(.text)
    CAN0_Rx_Warning_IRQHandler               0x0000050d   Thumb Code     4  startup_mk64f12.o(.text)
    CAN0_Wake_Up_IRQHandler                  0x00000511   Thumb Code     4  startup_mk64f12.o(.text)
    SDHC_IRQHandler                          0x00000515   Thumb Code     4  startup_mk64f12.o(.text)
    ENET_1588_Timer_IRQHandler               0x00000519   Thumb Code     4  startup_mk64f12.o(.text)
    ENET_Transmit_IRQHandler                 0x0000051d   Thumb Code     4  startup_mk64f12.o(.text)
    ENET_Receive_IRQHandler                  0x00000521   Thumb Code     4  startup_mk64f12.o(.text)
    ENET_Error_IRQHandler                    0x00000525   Thumb Code     4  startup_mk64f12.o(.text)
    SVC_Handler                              0x000005ed   Thumb Code   152  irq_armv7m.o(.text)
    PendSV_Handler                           0x00000685   Thumb Code    16  irq_armv7m.o(.text)
    SysTick_Handler                          0x00000695   Thumb Code    16  irq_armv7m.o(.text)
    __aeabi_uldivmod                         0x000006b1   Thumb Code    98  uldiv.o(.text)
    ___aeabi_memcpy8$ret                     0x00000713   Thumb Code     0  memcpy.o(.text)
    __aeabi_memcpy                           0x00000713   Thumb Code    40  memcpy.o(.text)
    __aeabi_memcpy4                          0x00000713   Thumb Code     0  memcpy.o(.text)
    memcpy                                   0x00000713   Thumb Code     0  memcpy.o(.text)
    __aeabi_memset                           0x0000073b   Thumb Code    14  memseta.o(.text)
    __aeabi_memset4                          0x0000073b   Thumb Code     0  memseta.o(.text)
    __aeabi_memset8                          0x0000073b   Thumb Code     0  memseta.o(.text)
    __aeabi_memclr                           0x00000749   Thumb Code     4  memseta.o(.text)
    __aeabi_memclr4                          0x00000749   Thumb Code     0  memseta.o(.text)
    __aeabi_memclr8                          0x00000749   Thumb Code     0  memseta.o(.text)
    memset                                   0x0000074d   Thumb Code    18  memseta.o(.text)
    strlen                                   0x0000075f   Thumb Code    14  strlen.o(.text)
    strcpy                                   0x0000076d   Thumb Code    18  strcpy.o(.text)
    __aeabi_dadd                             0x0000077f   Thumb Code   322  dadd.o(.text)
    __aeabi_dsub                             0x000008c1   Thumb Code     6  dadd.o(.text)
    __aeabi_drsub                            0x000008c7   Thumb Code     6  dadd.o(.text)
    __aeabi_dmul                             0x000008cd   Thumb Code   228  dmul.o(.text)
    __aeabi_ddiv                             0x000009b1   Thumb Code   222  ddiv.o(.text)
    __aeabi_dcmplt                           0x00000a8f   Thumb Code    54  dcmplt.o(.text)
    __aeabi_dcmpgt                           0x00000ac5   Thumb Code    54  dcmpgt.o(.text)
    __aeabi_dcmpeq                           0x00000afb   Thumb Code    56  dcmpeq.o(.text)
    __aeabi_i2d                              0x00000b33   Thumb Code    34  dflti.o(.text)
    __aeabi_ui2d                             0x00000b55   Thumb Code    26  dfltui.o(.text)
    __aeabi_l2d                              0x00000b6f   Thumb Code    40  dfltl.o(.text)
    __aeabi_d2iz                             0x00000b97   Thumb Code    62  dfixi.o(.text)
    __aeabi_d2lz                             0x00000bd5   Thumb Code    74  dfixl.o(.text)
    __aeabi_f2d                              0x00000c1f   Thumb Code    38  f2d.o(.text)
    __aeabi_d2f                              0x00000c45   Thumb Code    56  d2f.o(.text)
    __aeabi_uidiv                            0x00000c7d   Thumb Code     0  uidiv.o(.text)
    __aeabi_uidivmod                         0x00000c7d   Thumb Code    44  uidiv.o(.text)
    __aeabi_llsl                             0x00000ca9   Thumb Code    30  llshl.o(.text)
    _ll_shift_l                              0x00000ca9   Thumb Code     0  llshl.o(.text)
    __aeabi_llsr                             0x00000cc7   Thumb Code    32  llushr.o(.text)
    _ll_ushift_r                             0x00000cc7   Thumb Code     0  llushr.o(.text)
    __aeabi_lasr                             0x00000ce7   Thumb Code    36  llsshr.o(.text)
    _ll_sshift_r                             0x00000ce7   Thumb Code     0  llsshr.o(.text)
    __I$use$fp                               0x00000d0b   Thumb Code     0  iusefp.o(.text)
    _float_round                             0x00000d0b   Thumb Code    18  fepilogue.o(.text)
    _float_epilogue                          0x00000d1d   Thumb Code    92  fepilogue.o(.text)
    _double_round                            0x00000d79   Thumb Code    30  depilogue.o(.text)
    _double_epilogue                         0x00000d97   Thumb Code   156  depilogue.o(.text)
    __ARM_scalbn                             0x00000e33   Thumb Code    46  dscalb.o(.text)
    scalbn                                   0x00000e33   Thumb Code     0  dscalb.o(.text)
    __aeabi_d2ulz                            0x00000e61   Thumb Code    48  dfixul.o(.text)
    __aeabi_cdrcmple                         0x00000e91   Thumb Code    48  cdrcmple.o(.text)
    __scatterload                            0x00000ec1   Thumb Code    38  init.o(.text)
    __scatterload_rt2                        0x00000ec1   Thumb Code     0  init.o(.text)
    _dsqrt                                   0x00000ef1   Thumb Code   162  dsqrt.o(.text)
    ADC16_DoAutoCalibration                  0x00000f95   Thumb Code   138  fsl_adc16.o(.text.ADC16_DoAutoCalibration)
    ADC16_GetChannelStatusFlags              0x00001021   Thumb Code    38  fsl_adc16.o(.text.ADC16_GetChannelStatusFlags)
    ADC16_GetDefaultConfig                   0x00001049   Thumb Code    64  fsl_adc16.o(.text.ADC16_GetDefaultConfig)
    ADC16_Init                               0x00001089   Thumb Code   240  fsl_adc16.o(.text.ADC16_Init)
    ADC16_SetChannelConfig                   0x00001179   Thumb Code    90  fsl_adc16.o(.text.ADC16_SetChannelConfig)
    ADC1_Thread6                             0x000011d5   Thumb Code    90  main.o(.text.ADC1_Thread6)
    ADC1_callback                            0x00001231   Thumb Code   232  main.o(.text.ADC1_callback)
    ADC2_Thread7                             0x00001349   Thumb Code   200  main.o(.text.ADC2_Thread7)
    BOARD_BootClockRUN                       0x00001435   Thumb Code   100  clock_config.o(.text.BOARD_BootClockRUN)
    BOARD_InitDebugConsole                   0x00001499   Thumb Code    24  board.o(.text.BOARD_InitDebugConsole)
    BOARD_InitPins                           0x000014b1   Thumb Code   126  pin_mux.o(.text.BOARD_InitPins)
    CLOCK_BootToPeeMode                      0x00001531   Thumb Code   226  fsl_clock.o(.text.CLOCK_BootToPeeMode)
    CLOCK_GetCoreSysClkFreq                  0x00001615   Thumb Code    28  fsl_clock.o(.text.CLOCK_GetCoreSysClkFreq)
    CLOCK_GetOutClkFreq                      0x0000170d   Thumb Code   242  fsl_clock.o(.text.CLOCK_GetOutClkFreq)
    CLOCK_GetPll0Freq                        0x00001801   Thumb Code   168  fsl_clock.o(.text.CLOCK_GetPll0Freq)
    CLOCK_InitOsc0                           0x000018b5   Thumb Code   120  fsl_clock.o(.text.CLOCK_InitOsc0)
    CLOCK_SetInternalRefClkConfig            0x0000192d   Thumb Code   150  fsl_clock.o(.text.CLOCK_SetInternalRefClkConfig)
    CLOCK_SetSimConfig                       0x000019c5   Thumb Code    42  fsl_clock.o(.text.CLOCK_SetSimConfig)
    DbgConsole_Getchar                       0x000019f1   Thumb Code    50  fsl_debug_console.o(.text.DbgConsole_Getchar)
    DbgConsole_Init                          0x00001a25   Thumb Code    76  fsl_debug_console.o(.text.DbgConsole_Init)
    DbgConsole_Printf                        0x00001a71   Thumb Code    32  fsl_debug_console.o(.text.DbgConsole_Printf)
    DbgConsole_Vprintf                       0x00001a91   Thumb Code  1750  fsl_debug_console.o(.text.DbgConsole_Vprintf)
    GPIO_PinInit                             0x00002169   Thumb Code    64  fsl_gpio.o(.text.GPIO_PinInit)
    GPIO_PortClearInterruptFlags             0x000021b9   Thumb Code    66  fsl_gpio.o(.text.GPIO_PortClearInterruptFlags)
    HAL_UartInit                             0x000021fd   Thumb Code   224  fsl_adapter_uart.o(.text.HAL_UartInit)
    HAL_UartReceiveBlocking                  0x000022e5   Thumb Code   108  fsl_adapter_uart.o(.text.HAL_UartReceiveBlocking)
    HAL_UartSendBlocking                     0x00002351   Thumb Code   102  fsl_adapter_uart.o(.text.HAL_UartSendBlocking)
    LED_Off                                  0x000023cd   Thumb Code    64  elec422.o(.text.LED_Off)
    LED_On                                   0x0000240d   Thumb Code    64  elec422.o(.text.LED_On)
    LEDs_switcher                            0x0000244d   Thumb Code   110  main.o(.text.LEDs_switcher)
    OS_Tick_AcknowledgeIRQ                   0x00002571   Thumb Code    12  os_systick.o(.text.OS_Tick_AcknowledgeIRQ)
    OS_Tick_Enable                           0x0000257d   Thumb Code    50  os_systick.o(.text.OS_Tick_Enable)
    OS_Tick_GetIRQn                          0x000025b1   Thumb Code     6  os_systick.o(.text.OS_Tick_GetIRQn)
    OS_Tick_Setup                            0x000025b9   Thumb Code    72  os_systick.o(.text.OS_Tick_Setup)
    PORTA_IRQHandler                         0x00002659   Thumb Code    48  main.o(.text.PORTA_IRQHandler)
    PORTC_IRQHandler                         0x00002689   Thumb Code    48  main.o(.text.PORTC_IRQHandler)
    SW2_status                               0x000026b9   Thumb Code   134  main.o(.text.SW2_status)
    SW3_status                               0x00002741   Thumb Code   134  main.o(.text.SW3_status)
    SystemCoreClockUpdate                    0x000027c9   Thumb Code   360  system_mk64f12.o(.text.SystemCoreClockUpdate)
    SystemInit                               0x00002931   Thumb Code    48  system_mk64f12.o(.text.SystemInit)
    SystemInitHook                           0x00002961   Thumb Code     2  system_mk64f12.o(.text.SystemInitHook)
    UART0_RX_TX_DriverIRQHandler             0x00002a35   Thumb Code    42  fsl_uart.o(.text.UART0_RX_TX_DriverIRQHandler)
    UART1_RX_TX_DriverIRQHandler             0x00002a61   Thumb Code    42  fsl_uart.o(.text.UART1_RX_TX_DriverIRQHandler)
    UART2_RX_TX_DriverIRQHandler             0x00002a8d   Thumb Code    42  fsl_uart.o(.text.UART2_RX_TX_DriverIRQHandler)
    UART3_RX_TX_DriverIRQHandler             0x00002ab9   Thumb Code    42  fsl_uart.o(.text.UART3_RX_TX_DriverIRQHandler)
    UART4_RX_TX_DriverIRQHandler             0x00002ae5   Thumb Code    42  fsl_uart.o(.text.UART4_RX_TX_DriverIRQHandler)
    UART5_RX_TX_DriverIRQHandler             0x00002b11   Thumb Code    42  fsl_uart.o(.text.UART5_RX_TX_DriverIRQHandler)
    UART_GetDefaultConfig                    0x00002b3d   Thumb Code    62  fsl_uart.o(.text.UART_GetDefaultConfig)
    UART_Init                                0x00002b7d   Thumb Code   500  fsl_uart.o(.text.UART_Init)
    UART_ReadBlocking                        0x00002d8d   Thumb Code   320  fsl_uart.o(.text.UART_ReadBlocking)
    UART_WriteBlocking                       0x00002ecd   Thumb Code    34  fsl_uart.o(.text.UART_WriteBlocking)
    __aeabi_assert                           0x00002ef1   Thumb Code    16  fsl_assert.o(.text.__aeabi_assert)
    app_main                                 0x00002f2d   Thumb Code   306  main.o(.text.app_main)
    consumer_thread                          0x00003061   Thumb Code    56  main.o(.text.consumer_thread)
    elec422_startup                          0x0000309d   Thumb Code   236  elec422.o(.text.elec422_startup)
    main                                     0x000031d1   Thumb Code    56  main.o(.text.main)
    osKernelGetState                         0x00003215   Thumb Code    40  rtx_kernel.o(.text.osKernelGetState)
    osKernelGetTickCount                     0x00003241   Thumb Code    32  rtx_kernel.o(.text.osKernelGetTickCount)
    osKernelInitialize                       0x00003269   Thumb Code    40  rtx_kernel.o(.text.osKernelInitialize)
    osKernelStart                            0x00003295   Thumb Code    32  rtx_kernel.o(.text.osKernelStart)
    osMemoryPoolAlloc                        0x000032b9   Thumb Code   100  rtx_mempool.o(.text.osMemoryPoolAlloc)
    osMemoryPoolFree                         0x00003321   Thumb Code    68  rtx_mempool.o(.text.osMemoryPoolFree)
    osMemoryPoolNew                          0x00003369   Thumb Code    32  rtx_mempool.o(.text.osMemoryPoolNew)
    osMessageQueueGet                        0x0000338d   Thumb Code   108  rtx_msgqueue.o(.text.osMessageQueueGet)
    osMessageQueueNew                        0x000033fd   Thumb Code    32  rtx_msgqueue.o(.text.osMessageQueueNew)
    osMessageQueuePut                        0x00003421   Thumb Code   124  rtx_msgqueue.o(.text.osMessageQueuePut)
    osMutexAcquire                           0x000034a1   Thumb Code    32  rtx_mutex.o(.text.osMutexAcquire)
    osMutexNew                               0x000034c5   Thumb Code    32  rtx_mutex.o(.text.osMutexNew)
    osMutexRelease                           0x000034e9   Thumb Code    32  rtx_mutex.o(.text.osMutexRelease)
    osRtxErrorNotify                         0x0000350d   Thumb Code     2  rtx_config.o(.text.osRtxErrorNotify)
    osRtxIdleThread                          0x00003511   Thumb Code     2  rtx_config.o(.text.osRtxIdleThread)
    osRtxKernelBeforeInit                    0x00003513   Thumb Code     2  rtx_kernel.o(.text.osRtxKernelBeforeInit)
    osRtxKernelErrorNotify                   0x00003515   Thumb Code     4  rtx_kernel.o(.text.osRtxKernelErrorNotify)
    osRtxMemoryAlloc                         0x00003519   Thumb Code   110  rtx_memory.o(.text.osRtxMemoryAlloc)
    osRtxMemoryFree                          0x00003587   Thumb Code    66  rtx_memory.o(.text.osRtxMemoryFree)
    osRtxMemoryInit                          0x000035c9   Thumb Code    54  rtx_memory.o(.text.osRtxMemoryInit)
    osRtxMemoryPoolAlloc                     0x000035ff   Thumb Code    58  rtx_mempool.o(.text.osRtxMemoryPoolAlloc)
    osRtxMemoryPoolFree                      0x00003639   Thumb Code    74  rtx_mempool.o(.text.osRtxMemoryPoolFree)
    osRtxMemoryPoolInit                      0x00003683   Thumb Code    56  rtx_mempool.o(.text.osRtxMemoryPoolInit)
    osRtxMessageQueueTimerSetup              0x000037ad   Thumb Code    32  rtx_msgqueue.o(.text.osRtxMessageQueueTimerSetup)
    osRtxMutexOwnerRelease                   0x000037d1   Thumb Code    72  rtx_mutex.o(.text.osRtxMutexOwnerRelease)
    osRtxMutexOwnerRestore                   0x00003819   Thumb Code    74  rtx_mutex.o(.text.osRtxMutexOwnerRestore)
    osRtxPendSV_Handler                      0x00003865   Thumb Code   124  rtx_system.o(.text.osRtxPendSV_Handler)
    osRtxPostProcess                         0x00003909   Thumb Code   108  rtx_system.o(.text.osRtxPostProcess)
    osRtxThreadBeforeFree                    0x00003979   Thumb Code     2  rtx_thread.o(.text.osRtxThreadBeforeFree)
    osRtxThreadDelayRemove                   0x00003a2d   Thumb Code    60  rtx_thread.o(.text.osRtxThreadDelayRemove)
    osRtxThreadDelayTick                     0x00003a69   Thumb Code    76  rtx_thread.o(.text.osRtxThreadDelayTick)
    osRtxThreadDestroy                       0x00003ab5   Thumb Code    32  rtx_thread.o(.text.osRtxThreadDestroy)
    osRtxThreadDispatch                      0x00003ad5   Thumb Code    84  rtx_thread.o(.text.osRtxThreadDispatch)
    osRtxThreadJoinWakeup                    0x00003b81   Thumb Code    30  rtx_thread.o(.text.osRtxThreadJoinWakeup)
    osRtxThreadListGet                       0x00003b9f   Thumb Code    18  rtx_thread.o(.text.osRtxThreadListGet)
    osRtxThreadListPut                       0x00003bb1   Thumb Code    44  rtx_thread.o(.text.osRtxThreadListPut)
    osRtxThreadListRemove                    0x00003bdd   Thumb Code    20  rtx_thread.o(.text.osRtxThreadListRemove)
    osRtxThreadListSort                      0x00003bf1   Thumb Code    38  rtx_thread.o(.text.osRtxThreadListSort)
    osRtxThreadReadyPut                      0x00003c41   Thumb Code    16  rtx_thread.o(.text.osRtxThreadReadyPut)
    osRtxThreadRegPtr                        0x00003c51   Thumb Code    20  rtx_thread.o(.text.osRtxThreadRegPtr)
    osRtxThreadStartup                       0x00003c65   Thumb Code    48  rtx_thread.o(.text.osRtxThreadStartup)
    osRtxThreadSwitch                        0x00003c9d   Thumb Code    28  rtx_thread.o(.text.osRtxThreadSwitch)
    osRtxThreadWaitEnter                     0x00003cbd   Thumb Code    56  rtx_thread.o(.text.osRtxThreadWaitEnter)
    osRtxThreadWaitExit                      0x00003cf9   Thumb Code    50  rtx_thread.o(.text.osRtxThreadWaitExit)
    osRtxTick_Handler                        0x00003d2d   Thumb Code   112  rtx_system.o(.text.osRtxTick_Handler)
    osRtxTimerSetup                          0x00003da1   Thumb Code    24  rtx_timer.o(.text.osRtxTimerSetup)
    osRtxTimerThread                         0x00003dc1   Thumb Code    32  rtx_timer.o(.text.osRtxTimerThread)
    osThreadExit                             0x00003e59   Thumb Code     8  rtx_thread.o(.text.osThreadExit)
    osThreadFlagsSet                         0x00003e65   Thumb Code    88  rtx_thread.o(.text.osThreadFlagsSet)
    osThreadFlagsWait                        0x00003ec1   Thumb Code    40  rtx_thread.o(.text.osThreadFlagsWait)
    osThreadGetId                            0x00003eed   Thumb Code    28  rtx_thread.o(.text.osThreadGetId)
    osThreadNew                              0x00003f11   Thumb Code    40  rtx_thread.o(.text.osThreadNew)
    osThreadTerminate                        0x00003f3d   Thumb Code    32  rtx_thread.o(.text.osThreadTerminate)
    osTimerNew                               0x00003f61   Thumb Code    32  rtx_timer.o(.text.osTimerNew)
    osTimerStart                             0x00003f85   Thumb Code    32  rtx_timer.o(.text.osTimerStart)
    osTimerStop                              0x00003fa9   Thumb Code    32  rtx_timer.o(.text.osTimerStop)
    producer_thread                          0x00003fcd   Thumb Code   256  main.o(.text.producer_thread)
    readnumber                               0x000040cd   Thumb Code   310  main.o(.text.readnumber)
    __0sprintf                               0x00004e39   Thumb Code    34  printfa.o(i.__0sprintf)
    __1sprintf                               0x00004e39   Thumb Code     0  printfa.o(i.__0sprintf)
    __2sprintf                               0x00004e39   Thumb Code     0  printfa.o(i.__0sprintf)
    __c89sprintf                             0x00004e39   Thumb Code     0  printfa.o(i.__0sprintf)
    sprintf                                  0x00004e39   Thumb Code     0  printfa.o(i.__0sprintf)
    __ARM_fpclassify                         0x00004e61   Thumb Code    48  fpclassify.o(i.__ARM_fpclassify)
    __hardfp_modf                            0x00004e91   Thumb Code   202  modf.o(i.__hardfp_modf)
    __hardfp_pow                             0x00004f61   Thumb Code  3088  pow.o(i.__hardfp_pow)
    __kernel_poly                            0x00005bc1   Thumb Code   248  poly.o(i.__kernel_poly)
    __mathlib_dbl_divzero                    0x00005cb9   Thumb Code    28  dunder.o(i.__mathlib_dbl_divzero)
    __mathlib_dbl_infnan2                    0x00005ce9   Thumb Code    20  dunder.o(i.__mathlib_dbl_infnan2)
    __mathlib_dbl_invalid                    0x00005d01   Thumb Code    24  dunder.o(i.__mathlib_dbl_invalid)
    __mathlib_dbl_overflow                   0x00005d21   Thumb Code    24  dunder.o(i.__mathlib_dbl_overflow)
    __mathlib_dbl_underflow                  0x00005d41   Thumb Code    24  dunder.o(i.__mathlib_dbl_underflow)
    __scatterload_copy                       0x00005d61   Thumb Code    14  handlers.o(i.__scatterload_copy)
    __scatterload_null                       0x00005d6f   Thumb Code     2  handlers.o(i.__scatterload_null)
    __scatterload_zeroinit                   0x00005d71   Thumb Code    14  handlers.o(i.__scatterload_zeroinit)
    __set_errno                              0x00005d81   Thumb Code     6  errno.o(i.__set_errno)
    fabs                                     0x00006649   Thumb Code    24  fabs.o(i.fabs)
    sqrt                                     0x00006661   Thumb Code   110  sqrt.o(i.sqrt)
    __mathlib_zero                           0x00006758   Data           8  qnan.o(.constdata)
    osRtxConfig                              0x00006760   Data         112  rtx_lib.o(.rodata)
    os_cb_sections                           0x000067d0   Data          56  rtx_lib.o(.rodata)
    g_defaultClockConfigRun                  0x00006b78   Data          60  clock_config.o(.rodata.g_defaultClockConfigRun)
    osRtxUserSVC                             0x00006bcc   Data           4  rtx_lib.o(.rodata.osRtxUserSVC)
    Region$$Table$$Base                      0x000070ac   Number         0  anon$$obj.o(Region$$Table)
    Region$$Table$$Limit                     0x000070cc   Number         0  anon$$obj.o(Region$$Table)
    SystemCoreClock                          0x20000004   Data           4  system_mk64f12.o(.data.SystemCoreClock)
    osRtxInfo                                0x20000008   Data         164  rtx_kernel.o(.data.os)
    s_uartIsr                                0x200000b4   Data           4  fsl_uart.o(.data.s_uartIsr)
    ADCMutex                                 0x200000bc   Data           4  main.o(.bss.ADCMutex)
    T_ADC1_periodic                          0x200000c0   Data           4  main.o(.bss.T_ADC1_periodic)
    T_ADC2                                   0x200000c4   Data           4  main.o(.bss.T_ADC2)
    T_LEDs                                   0x200000c8   Data           4  main.o(.bss.T_LEDs)
    T_SW2                                    0x200000cc   Data           4  main.o(.bss.T_SW2)
    T_SW3                                    0x200000d0   Data           4  main.o(.bss.T_SW3)
    app_mainid                               0x200000d4   Data           4  main.o(.bss.app_mainid)
    g_xtal0Freq                              0x200000d8   Data           4  fsl_clock.o(.bss.g_xtal0Freq)
    g_xtal32Freq                             0x200000dc   Data           4  fsl_clock.o(.bss.g_xtal32Freq)
    memblock                                 0x200000e0   Data           4  main.o(.bss.memblock)
    msgqueue                                 0x200000e4   Data           4  main.o(.bss.msgqueue)
    .bss.os.msgqueue.cb$$Base                0x2000812c   Number         0  rtx_lib.o(.bss.os.msgqueue.cb)
    .bss.os.msgqueue.cb$$Limit               0x20008160   Number         0  rtx_lib.o(.bss.os.msgqueue.cb)
    .bss.os.thread.cb$$Base                  0x200081b0   Number         0  rtx_lib.o(.bss.os.thread.cb)
    .bss.os.thread.cb$$Limit                 0x20008250   Number         0  rtx_lib.o(.bss.os.thread.cb)
    queue_sampleperiod                       0x20008650   Data           4  main.o(.bss.queue_sampleperiod)
    s_uartHandle                             0x20008668   Data          24  fsl_uart.o(.bss.s_uartHandle)
    Image$$ARM_LIB_HEAP$$ZI$$Base            0x20008680   Number         0  anon$$obj.o ABSOLUTE
    Image$$ARM_LIB_HEAP$$ZI$$Limit           0x20008a80   Number         0  anon$$obj.o ABSOLUTE
    Image$$ARM_LIB_STACK$$ZI$$Limit          0x20030000   Number         0  anon$$obj.o ABSOLUTE



==============================================================================

Memory Map of the image

  Image Entry point : 0x00000425

  Load Region LR_m_text (Base: 0x00000000, Size: 0x00007188, Max: 0x00100000, ABSOLUTE)

    Execution Region VECTOR_ROM (Exec base: 0x00000000, Load base: 0x00000000, Size: 0x00000400, Max: 0x00000400, ABSOLUTE)

    Exec Addr    Load Addr    Size         Type   Attr      Idx    E Section Name        Object

    0x00000000   0x00000000   0x00000400   Data   RO          704    .isr_vector         startup_mk64f12.o


    Execution Region ER_m_flash_config (Exec base: 0x00000400, Load base: 0x00000400, Size: 0x00000010, Max: 0x00000010, ABSOLUTE, FIXED)

    Exec Addr    Load Addr    Size         Type   Attr      Idx    E Section Name        Object

    0x00000400   0x00000400   0x00000010   Data   RO          705    .FlashConfig        startup_mk64f12.o


    Execution Region ER_m_text (Exec base: 0x00000410, Load base: 0x00000410, Size: 0x00006cbc, Max: 0x000ffbf0, ABSOLUTE)

    Exec Addr    Load Addr    Size         Type   Attr      Idx    E Section Name        Object

    0x00000410   0x00000410   0x00000000   Code   RO         1218  * .ARM.Collect$$$$00000000  mc_w.l(entry.o)
    0x00000410   0x00000410   0x00000004   Code   RO         1585    .ARM.Collect$$$$00000003  mc_w.l(entry4.o)
    0x00000414   0x00000414   0x00000004   Code   RO         1588    .ARM.Collect$$$$00000004  mc_w.l(entry5.o)
    0x00000418   0x00000418   0x00000000   Code   RO         1590    .ARM.Collect$$$$00000008  mc_w.l(entry7b.o)
    0x00000418   0x00000418   0x00000000   Code   RO         1592    .ARM.Collect$$$$0000000A  mc_w.l(entry8b.o)
    0x00000418   0x00000418   0x00000008   Code   RO         1593    .ARM.Collect$$$$0000000B  mc_w.l(entry9a.o)
    0x00000420   0x00000420   0x00000000   Code   RO         1595    .ARM.Collect$$$$0000000D  mc_w.l(entry10a.o)
    0x00000420   0x00000420   0x00000000   Code   RO         1597    .ARM.Collect$$$$0000000F  mc_w.l(entry11a.o)
    0x00000420   0x00000420   0x00000004   Code   RO         1586    .ARM.Collect$$$$00002714  mc_w.l(entry4.o)
    0x00000424   0x00000424   0x000001c8   Code   RO          703  * .text               startup_mk64f12.o
    0x000005ec   0x000005ec   0x000000c4   Code   RO          710    .text               RTX_V7MF.lib(irq_armv7m.o)
    0x000006b0   0x000006b0   0x00000062   Code   RO         1221    .text               mc_w.l(uldiv.o)
    0x00000712   0x00000712   0x00000028   Code   RO         1223    .text               mc_w.l(memcpy.o)
    0x0000073a   0x0000073a   0x00000024   Code   RO         1229    .text               mc_w.l(memseta.o)
    0x0000075e   0x0000075e   0x0000000e   Code   RO         1231    .text               mc_w.l(strlen.o)
    0x0000076c   0x0000076c   0x00000012   Code   RO         1233    .text               mc_w.l(strcpy.o)
    0x0000077e   0x0000077e   0x0000014e   Code   RO         1528    .text               mf_w.l(dadd.o)
    0x000008cc   0x000008cc   0x000000e4   Code   RO         1530    .text               mf_w.l(dmul.o)
    0x000009b0   0x000009b0   0x000000de   Code   RO         1532    .text               mf_w.l(ddiv.o)
    0x00000a8e   0x00000a8e   0x00000036   Code   RO         1534    .text               mf_w.l(dcmplt.o)
    0x00000ac4   0x00000ac4   0x00000036   Code   RO         1536    .text               mf_w.l(dcmpgt.o)
    0x00000afa   0x00000afa   0x00000038   Code   RO         1538    .text               mf_w.l(dcmpeq.o)
    0x00000b32   0x00000b32   0x00000022   Code   RO         1540    .text               mf_w.l(dflti.o)
    0x00000b54   0x00000b54   0x0000001a   Code   RO         1542    .text               mf_w.l(dfltui.o)
    0x00000b6e   0x00000b6e   0x00000028   Code   RO         1544    .text               mf_w.l(dfltl.o)
    0x00000b96   0x00000b96   0x0000003e   Code   RO         1546    .text               mf_w.l(dfixi.o)
    0x00000bd4   0x00000bd4   0x0000004a   Code   RO         1548    .text               mf_w.l(dfixl.o)
    0x00000c1e   0x00000c1e   0x00000026   Code   RO         1550    .text               mf_w.l(f2d.o)
    0x00000c44   0x00000c44   0x00000038   Code   RO         1552    .text               mf_w.l(d2f.o)
    0x00000c7c   0x00000c7c   0x0000002c   Code   RO         1613    .text               mc_w.l(uidiv.o)
    0x00000ca8   0x00000ca8   0x0000001e   Code   RO         1615    .text               mc_w.l(llshl.o)
    0x00000cc6   0x00000cc6   0x00000020   Code   RO         1617    .text               mc_w.l(llushr.o)
    0x00000ce6   0x00000ce6   0x00000024   Code   RO         1619    .text               mc_w.l(llsshr.o)
    0x00000d0a   0x00000d0a   0x00000000   Code   RO         1630    .text               mc_w.l(iusefp.o)
    0x00000d0a   0x00000d0a   0x0000006e   Code   RO         1631    .text               mf_w.l(fepilogue.o)
    0x00000d78   0x00000d78   0x000000ba   Code   RO         1633    .text               mf_w.l(depilogue.o)
    0x00000e32   0x00000e32   0x0000002e   Code   RO         1637    .text               mf_w.l(dscalb.o)
    0x00000e60   0x00000e60   0x00000030   Code   RO         1639    .text               mf_w.l(dfixul.o)
    0x00000e90   0x00000e90   0x00000030   Code   RO         1641    .text               mf_w.l(cdrcmple.o)
    0x00000ec0   0x00000ec0   0x00000030   Code   RO         1643    .text               mc_w.l(init.o)
    0x00000ef0   0x00000ef0   0x000000a2   Code   RO         1647    .text               mf_w.l(dsqrt.o)
    0x00000f92   0x00000f92   0x00000002   PAD
    0x00000f94   0x00000f94   0x0000008a   Code   RO          238    .text.ADC16_DoAutoCalibration  fsl_adc16.o
    0x0000101e   0x0000101e   0x00000002   PAD
    0x00001020   0x00001020   0x00000026   Code   RO          240    .text.ADC16_GetChannelStatusFlags  fsl_adc16.o
    0x00001046   0x00001046   0x00000002   PAD
    0x00001048   0x00001048   0x00000040   Code   RO          236    .text.ADC16_GetDefaultConfig  fsl_adc16.o
    0x00001088   0x00001088   0x000000f0   Code   RO          230    .text.ADC16_Init    fsl_adc16.o
    0x00001178   0x00001178   0x0000005a   Code   RO          250    .text.ADC16_SetChannelConfig  fsl_adc16.o
    0x000011d2   0x000011d2   0x00000002   PAD
    0x000011d4   0x000011d4   0x0000005a   Code   RO           26    .text.ADC1_Thread6  main.o
    0x0000122e   0x0000122e   0x00000002   PAD
    0x00001230   0x00001230   0x00000118   Code   RO           24    .text.ADC1_callback  main.o
    0x00001348   0x00001348   0x000000ec   Code   RO           28    .text.ADC2_Thread7  main.o
    0x00001434   0x00001434   0x00000064   Code   RO          109    .text.BOARD_BootClockRUN  clock_config.o
    0x00001498   0x00001498   0x00000018   Code   RO           98    .text.BOARD_InitDebugConsole  board.o
    0x000014b0   0x000014b0   0x0000007e   Code   RO           89    .text.BOARD_InitPins  pin_mux.o
    0x0000152e   0x0000152e   0x00000002   PAD
    0x00001530   0x00001530   0x000000e2   Code   RO          354    .text.CLOCK_BootToPeeMode  fsl_clock.o
    0x00001612   0x00001612   0x00000002   PAD
    0x00001614   0x00001614   0x0000001c   Code   RO          282    .text.CLOCK_GetCoreSysClkFreq  fsl_clock.o
    0x00001630   0x00001630   0x000000dc   Code   RO          294    .text.CLOCK_GetFllRefClkFreq  fsl_clock.o
    0x0000170c   0x0000170c   0x000000f2   Code   RO          274    .text.CLOCK_GetOutClkFreq  fsl_clock.o
    0x000017fe   0x000017fe   0x00000002   PAD
    0x00001800   0x00001800   0x000000b4   Code   RO          270    .text.CLOCK_GetPll0Freq  fsl_clock.o
    0x000018b4   0x000018b4   0x00000078   Code   RO          314    .text.CLOCK_InitOsc0  fsl_clock.o
    0x0000192c   0x0000192c   0x00000096   Code   RO          298    .text.CLOCK_SetInternalRefClkConfig  fsl_clock.o
    0x000019c2   0x000019c2   0x00000002   PAD
    0x000019c4   0x000019c4   0x0000002a   Code   RO          290    .text.CLOCK_SetSimConfig  fsl_clock.o
    0x000019ee   0x000019ee   0x00000002   PAD
    0x000019f0   0x000019f0   0x00000032   Code   RO          693    .text.DbgConsole_Getchar  fsl_debug_console.o
    0x00001a22   0x00001a22   0x00000002   PAD
    0x00001a24   0x00001a24   0x0000004c   Code   RO          681    .text.DbgConsole_Init  fsl_debug_console.o
    0x00001a70   0x00001a70   0x00000020   Code   RO          685    .text.DbgConsole_Printf  fsl_debug_console.o
    0x00001a90   0x00001a90   0x000006d6   Code   RO          687    .text.DbgConsole_Vprintf  fsl_debug_console.o
    0x00002166   0x00002166   0x00000002   PAD
    0x00002168   0x00002168   0x00000050   Code   RO          511    .text.GPIO_PinInit  fsl_gpio.o
    0x000021b8   0x000021b8   0x00000042   Code   RO          515    .text.GPIO_PortClearInterruptFlags  fsl_gpio.o
    0x000021fa   0x000021fa   0x00000002   PAD
    0x000021fc   0x000021fc   0x000000e8   Code   RO          208    .text.HAL_UartInit  fsl_adapter_uart.o
    0x000022e4   0x000022e4   0x0000006c   Code   RO          212    .text.HAL_UartReceiveBlocking  fsl_adapter_uart.o
    0x00002350   0x00002350   0x00000066   Code   RO          214    .text.HAL_UartSendBlocking  fsl_adapter_uart.o
    0x000023b6   0x000023b6   0x00000016   Code   RO          990    .text.IsIrqMasked   RTX_V7MF.lib(rtx_thread.o)
    0x000023cc   0x000023cc   0x00000040   Code   RO           73    .text.LED_Off       elec422.o
    0x0000240c   0x0000240c   0x00000040   Code   RO           75    .text.LED_On        elec422.o
    0x0000244c   0x0000244c   0x0000006e   Code   RO           22    .text.LEDs_switcher  main.o
    0x000024ba   0x000024ba   0x00000040   Code   RO          892    .text.MessageQueueGet  RTX_V7MF.lib(rtx_msgqueue.o)
    0x000024fa   0x000024fa   0x00000058   Code   RO          888    .text.MessageQueuePut  RTX_V7MF.lib(rtx_msgqueue.o)
    0x00002552   0x00002552   0x0000001c   Code   RO          886    .text.MessageQueueRemove  RTX_V7MF.lib(rtx_msgqueue.o)
    0x0000256e   0x0000256e   0x00000002   PAD
    0x00002570   0x00002570   0x0000000c   Code   RO          144    .text.OS_Tick_AcknowledgeIRQ  os_systick.o
    0x0000257c   0x0000257c   0x00000032   Code   RO          140    .text.OS_Tick_Enable  os_systick.o
    0x000025ae   0x000025ae   0x00000002   PAD
    0x000025b0   0x000025b0   0x00000006   Code   RO          146    .text.OS_Tick_GetIRQn  os_systick.o
    0x000025b6   0x000025b6   0x00000002   PAD
    0x000025b8   0x000025b8   0x00000048   Code   RO          138    .text.OS_Tick_Setup  os_systick.o
    0x00002600   0x00002600   0x0000000c   Code   RO          784    .text.OUTLINED_FUNCTION_0  RTX_V7MF.lib(rtx_kernel.o)
    0x0000260c   0x0000260c   0x0000000c   Code   RO          900    .text.OUTLINED_FUNCTION_0  RTX_V7MF.lib(rtx_msgqueue.o)
    0x00002618   0x00002618   0x00000010   Code   RO         1114    .text.OUTLINED_FUNCTION_0  RTX_V7MF.lib(rtx_thread.o)
    0x00002628   0x00002628   0x00000006   Code   RO          786    .text.OUTLINED_FUNCTION_1  RTX_V7MF.lib(rtx_kernel.o)
    0x0000262e   0x0000262e   0x00000006   Code   RO          902    .text.OUTLINED_FUNCTION_1  RTX_V7MF.lib(rtx_msgqueue.o)
    0x00002634   0x00002634   0x00000006   Code   RO         1118    .text.OUTLINED_FUNCTION_2  RTX_V7MF.lib(rtx_thread.o)
    0x0000263a   0x0000263a   0x00000014   Code   RO         1122    .text.OUTLINED_FUNCTION_4  RTX_V7MF.lib(rtx_thread.o)
    0x0000264e   0x0000264e   0x00000008   Code   RO         1126    .text.OUTLINED_FUNCTION_6  RTX_V7MF.lib(rtx_thread.o)
    0x00002656   0x00002656   0x00000002   PAD
    0x00002658   0x00002658   0x00000030   Code   RO           16    .text.PORTA_IRQHandler  main.o
    0x00002688   0x00002688   0x00000030   Code   RO           14    .text.PORTC_IRQHandler  main.o
    0x000026b8   0x000026b8   0x00000086   Code   RO           18    .text.SW2_status    main.o
    0x0000273e   0x0000273e   0x00000002   PAD
    0x00002740   0x00002740   0x00000086   Code   RO           20    .text.SW3_status    main.o
    0x000027c6   0x000027c6   0x00000002   PAD
    0x000027c8   0x000027c8   0x00000168   Code   RO          661    .text.SystemCoreClockUpdate  system_mk64f12.o
    0x00002930   0x00002930   0x00000030   Code   RO          657    .text.SystemInit    system_mk64f12.o
    0x00002960   0x00002960   0x00000002   Code   RO          659    .text.SystemInitHook  system_mk64f12.o
    0x00002962   0x00002962   0x00000064   Code   RO         1066    .text.ThreadFlagsCheck  RTX_V7MF.lib(rtx_thread.o)
    0x000029c6   0x000029c6   0x00000002   PAD
    0x000029c8   0x000029c8   0x00000044   Code   RO         1156    .text.TimerInsert   RTX_V7MF.lib(rtx_timer.o)
    0x00002a0c   0x00002a0c   0x00000028   Code   RO         1162    .text.TimerRemove   RTX_V7MF.lib(rtx_timer.o)
    0x00002a34   0x00002a34   0x0000002a   Code   RO          620    .text.UART0_RX_TX_DriverIRQHandler  fsl_uart.o
    0x00002a5e   0x00002a5e   0x00000002   PAD
    0x00002a60   0x00002a60   0x0000002a   Code   RO          624    .text.UART1_RX_TX_DriverIRQHandler  fsl_uart.o
    0x00002a8a   0x00002a8a   0x00000002   PAD
    0x00002a8c   0x00002a8c   0x0000002a   Code   RO          628    .text.UART2_RX_TX_DriverIRQHandler  fsl_uart.o
    0x00002ab6   0x00002ab6   0x00000002   PAD
    0x00002ab8   0x00002ab8   0x0000002a   Code   RO          632    .text.UART3_RX_TX_DriverIRQHandler  fsl_uart.o
    0x00002ae2   0x00002ae2   0x00000002   PAD
    0x00002ae4   0x00002ae4   0x0000002a   Code   RO          636    .text.UART4_RX_TX_DriverIRQHandler  fsl_uart.o
    0x00002b0e   0x00002b0e   0x00000002   PAD
    0x00002b10   0x00002b10   0x0000002a   Code   RO          640    .text.UART5_RX_TX_DriverIRQHandler  fsl_uart.o
    0x00002b3a   0x00002b3a   0x00000002   PAD
    0x00002b3c   0x00002b3c   0x0000003e   Code   RO          570    .text.UART_GetDefaultConfig  fsl_uart.o
    0x00002b7a   0x00002b7a   0x00000002   PAD
    0x00002b7c   0x00002b7c   0x00000210   Code   RO          566    .text.UART_Init     fsl_uart.o
    0x00002d8c   0x00002d8c   0x00000140   Code   RO          590    .text.UART_ReadBlocking  fsl_uart.o
    0x00002ecc   0x00002ecc   0x00000022   Code   RO          588    .text.UART_WriteBlocking  fsl_uart.o
    0x00002eee   0x00002eee   0x00000002   PAD
    0x00002ef0   0x00002ef0   0x0000003c   Code   RO          672    .text.__aeabi_assert  fsl_assert.o
    0x00002f2c   0x00002f2c   0x00000132   Code   RO           30    .text.app_main      main.o
    0x0000305e   0x0000305e   0x00000002   PAD
    0x00003060   0x00003060   0x0000003c   Code   RO           12    .text.consumer_thread  main.o
    0x0000309c   0x0000309c   0x00000134   Code   RO           71    .text.elec422_startup  elec422.o
    0x000031d0   0x000031d0   0x00000044   Code   RO           32    .text.main          main.o
    0x00003214   0x00003214   0x0000002c   Code   RO          728    .text.osKernelGetState  RTX_V7MF.lib(rtx_kernel.o)
    0x00003240   0x00003240   0x00000028   Code   RO          752    .text.osKernelGetTickCount  RTX_V7MF.lib(rtx_kernel.o)
    0x00003268   0x00003268   0x0000002c   Code   RO          722    .text.osKernelInitialize  RTX_V7MF.lib(rtx_kernel.o)
    0x00003294   0x00003294   0x00000024   Code   RO          732    .text.osKernelStart  RTX_V7MF.lib(rtx_kernel.o)
    0x000032b8   0x000032b8   0x00000068   Code   RO          810    .text.osMemoryPoolAlloc  RTX_V7MF.lib(rtx_mempool.o)
    0x00003320   0x00003320   0x00000048   Code   RO          812    .text.osMemoryPoolFree  RTX_V7MF.lib(rtx_mempool.o)
    0x00003368   0x00003368   0x00000024   Code   RO          804    .text.osMemoryPoolNew  RTX_V7MF.lib(rtx_mempool.o)
    0x0000338c   0x0000338c   0x00000070   Code   RO          862    .text.osMessageQueueGet  RTX_V7MF.lib(rtx_msgqueue.o)
    0x000033fc   0x000033fc   0x00000024   Code   RO          854    .text.osMessageQueueNew  RTX_V7MF.lib(rtx_msgqueue.o)
    0x00003420   0x00003420   0x00000080   Code   RO          860    .text.osMessageQueuePut  RTX_V7MF.lib(rtx_msgqueue.o)
    0x000034a0   0x000034a0   0x00000024   Code   RO          922    .text.osMutexAcquire  RTX_V7MF.lib(rtx_mutex.o)
    0x000034c4   0x000034c4   0x00000024   Code   RO          916    .text.osMutexNew    RTX_V7MF.lib(rtx_mutex.o)
    0x000034e8   0x000034e8   0x00000024   Code   RO          924    .text.osMutexRelease  RTX_V7MF.lib(rtx_mutex.o)
    0x0000350c   0x0000350c   0x00000002   Code   RO          167    .text.osRtxErrorNotify  rtx_config.o
    0x0000350e   0x0000350e   0x00000002   PAD
    0x00003510   0x00003510   0x00000002   Code   RO          165    .text.osRtxIdleThread  rtx_config.o
    0x00003512   0x00003512   0x00000002   Code   RO          718    .text.osRtxKernelBeforeInit  RTX_V7MF.lib(rtx_kernel.o)
    0x00003514   0x00003514   0x00000004   Code   RO          720    .text.osRtxKernelErrorNotify  RTX_V7MF.lib(rtx_kernel.o)
    0x00003518   0x00003518   0x0000006e   Code   RO         1180    .text.osRtxMemoryAlloc  RTX_V7MF.lib(rtx_memory.o)
    0x00003586   0x00003586   0x00000042   Code   RO         1182    .text.osRtxMemoryFree  RTX_V7MF.lib(rtx_memory.o)
    0x000035c8   0x000035c8   0x00000036   Code   RO         1178    .text.osRtxMemoryInit  RTX_V7MF.lib(rtx_memory.o)
    0x000035fe   0x000035fe   0x0000003a   Code   RO          800    .text.osRtxMemoryPoolAlloc  RTX_V7MF.lib(rtx_mempool.o)
    0x00003638   0x00003638   0x0000004a   Code   RO          802    .text.osRtxMemoryPoolFree  RTX_V7MF.lib(rtx_mempool.o)
    0x00003682   0x00003682   0x00000038   Code   RO          798    .text.osRtxMemoryPoolInit  RTX_V7MF.lib(rtx_mempool.o)
    0x000036ba   0x000036ba   0x00000048   Code   RO          834    .text.osRtxMemoryPoolPostProcess  RTX_V7MF.lib(rtx_mempool.o)
    0x00003702   0x00003702   0x000000aa   Code   RO          884    .text.osRtxMessageQueuePostProcess  RTX_V7MF.lib(rtx_msgqueue.o)
    0x000037ac   0x000037ac   0x00000024   Code   RO          850    .text.osRtxMessageQueueTimerSetup  RTX_V7MF.lib(rtx_msgqueue.o)
    0x000037d0   0x000037d0   0x00000048   Code   RO          912    .text.osRtxMutexOwnerRelease  RTX_V7MF.lib(rtx_mutex.o)
    0x00003818   0x00003818   0x0000004a   Code   RO          914    .text.osRtxMutexOwnerRestore  RTX_V7MF.lib(rtx_mutex.o)
    0x00003862   0x00003862   0x00000002   PAD
    0x00003864   0x00003864   0x000000a4   Code   RO         1194    .text.osRtxPendSV_Handler  RTX_V7MF.lib(rtx_system.o)
    0x00003908   0x00003908   0x00000070   Code   RO         1196    .text.osRtxPostProcess  RTX_V7MF.lib(rtx_system.o)
    0x00003978   0x00003978   0x00000002   Code   RO          982    .text.osRtxThreadBeforeFree  RTX_V7MF.lib(rtx_thread.o)
    0x0000397a   0x0000397a   0x00000002   PAD
    0x0000397c   0x0000397c   0x00000034   Code   RO          968    .text.osRtxThreadBlock  RTX_V7MF.lib(rtx_thread.o)
    0x000039b0   0x000039b0   0x0000007c   Code   RO          974    .text.osRtxThreadDelayInsert  RTX_V7MF.lib(rtx_thread.o)
    0x00003a2c   0x00003a2c   0x0000003c   Code   RO          958    .text.osRtxThreadDelayRemove  RTX_V7MF.lib(rtx_thread.o)
    0x00003a68   0x00003a68   0x0000004c   Code   RO          960    .text.osRtxThreadDelayTick  RTX_V7MF.lib(rtx_thread.o)
    0x00003ab4   0x00003ab4   0x00000020   Code   RO          978    .text.osRtxThreadDestroy  RTX_V7MF.lib(rtx_thread.o)
    0x00003ad4   0x00003ad4   0x00000054   Code   RO          966    .text.osRtxThreadDispatch  RTX_V7MF.lib(rtx_thread.o)
    0x00003b28   0x00003b28   0x00000058   Code   RO          980    .text.osRtxThreadFree  RTX_V7MF.lib(rtx_thread.o)
    0x00003b80   0x00003b80   0x0000001e   Code   RO          976    .text.osRtxThreadJoinWakeup  RTX_V7MF.lib(rtx_thread.o)
    0x00003b9e   0x00003b9e   0x00000012   Code   RO          950    .text.osRtxThreadListGet  RTX_V7MF.lib(rtx_thread.o)
    0x00003bb0   0x00003bb0   0x0000002c   Code   RO          948    .text.osRtxThreadListPut  RTX_V7MF.lib(rtx_thread.o)
    0x00003bdc   0x00003bdc   0x00000014   Code   RO          954    .text.osRtxThreadListRemove  RTX_V7MF.lib(rtx_thread.o)
    0x00003bf0   0x00003bf0   0x00000026   Code   RO          952    .text.osRtxThreadListSort  RTX_V7MF.lib(rtx_thread.o)
    0x00003c16   0x00003c16   0x00000028   Code   RO         1064    .text.osRtxThreadPostProcess  RTX_V7MF.lib(rtx_thread.o)
    0x00003c3e   0x00003c3e   0x00000002   PAD
    0x00003c40   0x00003c40   0x00000010   Code   RO          956    .text.osRtxThreadReadyPut  RTX_V7MF.lib(rtx_thread.o)
    0x00003c50   0x00003c50   0x00000014   Code   RO          962    .text.osRtxThreadRegPtr  RTX_V7MF.lib(rtx_thread.o)
    0x00003c64   0x00003c64   0x00000038   Code   RO          984    .text.osRtxThreadStartup  RTX_V7MF.lib(rtx_thread.o)
    0x00003c9c   0x00003c9c   0x00000020   Code   RO          964    .text.osRtxThreadSwitch  RTX_V7MF.lib(rtx_thread.o)
    0x00003cbc   0x00003cbc   0x0000003c   Code   RO          972    .text.osRtxThreadWaitEnter  RTX_V7MF.lib(rtx_thread.o)
    0x00003cf8   0x00003cf8   0x00000032   Code   RO          970    .text.osRtxThreadWaitExit  RTX_V7MF.lib(rtx_thread.o)
    0x00003d2a   0x00003d2a   0x00000002   PAD
    0x00003d2c   0x00003d2c   0x00000074   Code   RO         1192    .text.osRtxTick_Handler  RTX_V7MF.lib(rtx_system.o)
    0x00003da0   0x00003da0   0x00000020   Code   RO         1136    .text.osRtxTimerSetup  RTX_V7MF.lib(rtx_timer.o)
    0x00003dc0   0x00003dc0   0x00000020   Code   RO         1140    .text.osRtxTimerThread  RTX_V7MF.lib(rtx_timer.o)
    0x00003de0   0x00003de0   0x00000070   Code   RO         1138    .text.osRtxTimerTick  RTX_V7MF.lib(rtx_timer.o)
    0x00003e50   0x00003e50   0x00000006   Code   RO         1062    .text.osThreadEntry  RTX_V7MF.lib(rtx_thread.o)
    0x00003e56   0x00003e56   0x00000002   PAD
    0x00003e58   0x00003e58   0x0000000c   Code   RO         1028    .text.osThreadExit  RTX_V7MF.lib(rtx_thread.o)
    0x00003e64   0x00003e64   0x0000005c   Code   RO         1054    .text.osThreadFlagsSet  RTX_V7MF.lib(rtx_thread.o)
    0x00003ec0   0x00003ec0   0x0000002c   Code   RO         1060    .text.osThreadFlagsWait  RTX_V7MF.lib(rtx_thread.o)
    0x00003eec   0x00003eec   0x00000024   Code   RO         1004    .text.osThreadGetId  RTX_V7MF.lib(rtx_thread.o)
    0x00003f10   0x00003f10   0x0000002c   Code   RO          988    .text.osThreadNew   RTX_V7MF.lib(rtx_thread.o)
    0x00003f3c   0x00003f3c   0x00000024   Code   RO         1030    .text.osThreadTerminate  RTX_V7MF.lib(rtx_thread.o)
    0x00003f60   0x00003f60   0x00000024   Code   RO         1142    .text.osTimerNew    RTX_V7MF.lib(rtx_timer.o)
    0x00003f84   0x00003f84   0x00000024   Code   RO         1148    .text.osTimerStart  RTX_V7MF.lib(rtx_timer.o)
    0x00003fa8   0x00003fa8   0x00000024   Code   RO         1150    .text.osTimerStop   RTX_V7MF.lib(rtx_timer.o)
    0x00003fcc   0x00003fcc   0x00000100   Code   RO           10    .text.producer_thread  main.o
    0x000040cc   0x000040cc   0x00000136   Code   RO            8    .text.readnumber    main.o
    0x00004202   0x00004202   0x00000002   PAD
    0x00004204   0x00004204   0x00000008   Code   RO          730    .text.svcRtxKernelGetState  RTX_V7MF.lib(rtx_kernel.o)
    0x0000420c   0x0000420c   0x0000000c   Code   RO          754    .text.svcRtxKernelGetTickCount  RTX_V7MF.lib(rtx_kernel.o)
    0x00004218   0x00004218   0x00000104   Code   RO          768    .text.svcRtxKernelInitialize  RTX_V7MF.lib(rtx_kernel.o)
    0x0000431c   0x0000431c   0x00000074   Code   RO          770    .text.svcRtxKernelStart  RTX_V7MF.lib(rtx_kernel.o)
    0x00004390   0x00004390   0x00000058   Code   RO          836    .text.svcRtxMemoryPoolAlloc  RTX_V7MF.lib(rtx_mempool.o)
    0x000043e8   0x000043e8   0x00000064   Code   RO          838    .text.svcRtxMemoryPoolFree  RTX_V7MF.lib(rtx_mempool.o)
    0x0000444c   0x0000444c   0x0000013c   Code   RO          832    .text.svcRtxMemoryPoolNew  RTX_V7MF.lib(rtx_mempool.o)
    0x00004588   0x00004588   0x000000cc   Code   RO          894    .text.svcRtxMessageQueueGet  RTX_V7MF.lib(rtx_msgqueue.o)
    0x00004654   0x00004654   0x00000120   Code   RO          852    .text.svcRtxMessageQueueNew  RTX_V7MF.lib(rtx_msgqueue.o)
    0x00004774   0x00004774   0x000000ac   Code   RO          890    .text.svcRtxMessageQueuePut  RTX_V7MF.lib(rtx_msgqueue.o)
    0x00004820   0x00004820   0x0000008c   Code   RO          932    .text.svcRtxMutexAcquire  RTX_V7MF.lib(rtx_mutex.o)
    0x000048ac   0x000048ac   0x00000068   Code   RO          930    .text.svcRtxMutexNew  RTX_V7MF.lib(rtx_mutex.o)
    0x00004914   0x00004914   0x000000b0   Code   RO          934    .text.svcRtxMutexRelease  RTX_V7MF.lib(rtx_mutex.o)
    0x000049c4   0x000049c4   0x0000004c   Code   RO         1090    .text.svcRtxThreadExit  RTX_V7MF.lib(rtx_thread.o)
    0x00004a10   0x00004a10   0x00000066   Code   RO         1106    .text.svcRtxThreadFlagsSet  RTX_V7MF.lib(rtx_thread.o)
    0x00004a76   0x00004a76   0x00000002   PAD
    0x00004a78   0x00004a78   0x00000048   Code   RO         1112    .text.svcRtxThreadFlagsWait  RTX_V7MF.lib(rtx_thread.o)
    0x00004ac0   0x00004ac0   0x0000000c   Code   RO         1006    .text.svcRtxThreadGetId  RTX_V7MF.lib(rtx_thread.o)
    0x00004acc   0x00004acc   0x000001fc   Code   RO          986    .text.svcRtxThreadNew  RTX_V7MF.lib(rtx_thread.o)
    0x00004cc8   0x00004cc8   0x00000088   Code   RO         1092    .text.svcRtxThreadTerminate  RTX_V7MF.lib(rtx_thread.o)
    0x00004d50   0x00004d50   0x00000078   Code   RO         1158    .text.svcRtxTimerNew  RTX_V7MF.lib(rtx_timer.o)
    0x00004dc8   0x00004dc8   0x00000048   Code   RO         1160    .text.svcRtxTimerStart  RTX_V7MF.lib(rtx_timer.o)
    0x00004e10   0x00004e10   0x00000028   Code   RO         1164    .text.svcRtxTimerStop  RTX_V7MF.lib(rtx_timer.o)
    0x00004e38   0x00004e38   0x00000028   Code   RO         1474    i.__0sprintf        mc_w.l(printfa.o)
    0x00004e60   0x00004e60   0x00000030   Code   RO         1574    i.__ARM_fpclassify  m_wm.l(fpclassify.o)
    0x00004e90   0x00004e90   0x000000d0   Code   RO         1205    i.__hardfp_modf     m_wm.l(modf.o)
    0x00004f60   0x00004f60   0x00000c60   Code   RO         1211    i.__hardfp_pow      m_wm.l(pow.o)
    0x00005bc0   0x00005bc0   0x000000f8   Code   RO         1576    i.__kernel_poly     m_wm.l(poly.o)
    0x00005cb8   0x00005cb8   0x00000030   Code   RO         1554    i.__mathlib_dbl_divzero  m_wm.l(dunder.o)
    0x00005ce8   0x00005ce8   0x00000014   Code   RO         1556    i.__mathlib_dbl_infnan2  m_wm.l(dunder.o)
    0x00005cfc   0x00005cfc   0x00000004   PAD
    0x00005d00   0x00005d00   0x00000020   Code   RO         1557    i.__mathlib_dbl_invalid  m_wm.l(dunder.o)
    0x00005d20   0x00005d20   0x00000020   Code   RO         1558    i.__mathlib_dbl_overflow  m_wm.l(dunder.o)
    0x00005d40   0x00005d40   0x00000020   Code   RO         1560    i.__mathlib_dbl_underflow  m_wm.l(dunder.o)
    0x00005d60   0x00005d60   0x0000000e   Code   RO         1651    i.__scatterload_copy  mc_w.l(handlers.o)
    0x00005d6e   0x00005d6e   0x00000002   Code   RO         1652    i.__scatterload_null  mc_w.l(handlers.o)
    0x00005d70   0x00005d70   0x0000000e   Code   RO         1653    i.__scatterload_zeroinit  mc_w.l(handlers.o)
    0x00005d7e   0x00005d7e   0x00000002   PAD
    0x00005d80   0x00005d80   0x0000000c   Code   RO         1625    i.__set_errno       mc_w.l(errno.o)
    0x00005d8c   0x00005d8c   0x00000184   Code   RO         1479    i._fp_digits        mc_w.l(printfa.o)
    0x00005f10   0x00005f10   0x000006dc   Code   RO         1480    i._printf_core      mc_w.l(printfa.o)
    0x000065ec   0x000065ec   0x00000024   Code   RO         1481    i._printf_post_padding  mc_w.l(printfa.o)
    0x00006610   0x00006610   0x0000002e   Code   RO         1482    i._printf_pre_padding  mc_w.l(printfa.o)
    0x0000663e   0x0000663e   0x0000000a   Code   RO         1484    i._sputc            mc_w.l(printfa.o)
    0x00006648   0x00006648   0x00000018   Code   RO         1570    i.fabs              m_wm.l(fabs.o)
    0x00006660   0x00006660   0x0000006e   Code   RO         1581    i.sqrt              m_wm.l(sqrt.o)
    0x000066ce   0x000066ce   0x00000002   PAD
    0x000066d0   0x000066d0   0x00000088   Data   RO         1214    .constdata          m_wm.l(pow.o)
    0x00006758   0x00006758   0x00000008   Data   RO         1578    .constdata          m_wm.l(qnan.o)
    0x00006760   0x00006760   0x00000070   Data   RO          124    .rodata             rtx_lib.o
    0x000067d0   0x000067d0   0x00000038   Data   RO          127    .rodata             rtx_lib.o
    0x00006808   0x00006808   0x00000080   Data   RO           41    .rodata..L__const.SW2_status.str1  main.o
    0x00006888   0x00006888   0x00000080   Data   RO           42    .rodata..L__const.SW2_status.str2  main.o
    0x00006908   0x00006908   0x00000080   Data   RO           43    .rodata..L__const.SW3_status.str1  main.o
    0x00006988   0x00006988   0x00000080   Data   RO           44    .rodata..L__const.SW3_status.str2  main.o
    0x00006a08   0x00006a08   0x00000010   Data   RO           55    .rodata.MutexAttr_ADCMutex  main.o
    0x00006a18   0x00006a18   0x00000024   Data   RO           56    .rodata.ThreadAttr_ADC1  main.o
    0x00006a3c   0x00006a3c   0x00000024   Data   RO           57    .rodata.ThreadAttr_ADC2  main.o
    0x00006a60   0x00006a60   0x00000024   Data   RO           54    .rodata.ThreadAttr_LEDswitcher  main.o
    0x00006a84   0x00006a84   0x00000024   Data   RO           52    .rodata.ThreadAttr_SW2_IR  main.o
    0x00006aa8   0x00006aa8   0x00000024   Data   RO           53    .rodata.ThreadAttr_SW3_IR  main.o
    0x00006acc   0x00006acc   0x00000024   Data   RO           51    .rodata.ThreadAttr_consumer  main.o
    0x00006af0   0x00006af0   0x00000024   Data   RO           59    .rodata.ThreadAttr_main  main.o
    0x00006b14   0x00006b14   0x00000024   Data   RO           50    .rodata.ThreadAttr_producer  main.o
    0x00006b38   0x00006b38   0x00000020   Data   RO          361    .rodata.cst16       fsl_clock.o
    0x00006b58   0x00006b58   0x00000010   Data   RO          648    .rodata.cst16       fsl_uart.o
    0x00006b68   0x00006b68   0x00000010   Data   RO          253    .rodata.cst8        fsl_adc16.o
    0x00006b78   0x00006b78   0x0000003c   Data   RO          112    .rodata.g_defaultClockConfigRun  clock_config.o
    0x00006bb4   0x00006bb4   0x00000018   Data   RO           49    .rodata.memorypoolAttr_memblock  main.o
    0x00006bcc   0x00006bcc   0x00000004   Data   RO          126    .rodata.osRtxUserSVC  rtx_lib.o
    0x00006bd0   0x00006bd0   0x00000024   Data   RO          121    .rodata.os_idle_thread_attr  rtx_lib.o
    0x00006bf4   0x00006bf4   0x00000018   Data   RO          123    .rodata.os_timer_mq_attr  rtx_lib.o
    0x00006c0c   0x00006c0c   0x00000024   Data   RO          122    .rodata.os_timer_thread_attr  rtx_lib.o
    0x00006c30   0x00006c30   0x00000018   Data   RO          221    .rodata.s_UartAdapterBase  fsl_adapter_uart.o
    0x00006c48   0x00006c48   0x00000014   Data   RO          519    .rodata.s_gpioBases  fsl_gpio.o
    0x00006c5c   0x00006c5c   0x00000014   Data   RO          518    .rodata.s_portBases  fsl_gpio.o
    0x00006c70   0x00006c70   0x00000018   Data   RO          644    .rodata.s_uartBases  fsl_uart.o
    0x00006c88   0x00006c88   0x00000018   Data   RO          646    .rodata.s_uartClock  fsl_uart.o
    0x00006ca0   0x00006ca0   0x00000050   Data   RO           61    .rodata.str1.1      main.o
    0x00006cf0   0x00006cf0   0x000000b8   Data   RO          220    .rodata.str1.1      fsl_adapter_uart.o
    0x00006da8   0x00006da8   0x000000a1   Data   RO          252    .rodata.str1.1      fsl_adc16.o
    0x00006e49   0x00006e49   0x00000076   Data   RO          359    .rodata.str1.1      fsl_clock.o
    0x00006ebf   0x00006ebf   0x00000073   Data   RO          517    .rodata.str1.1      fsl_gpio.o
    0x00006f32   0x00006f32   0x0000015e   Data   RO          645    .rodata.str1.1      fsl_uart.o
    0x00007090   0x00007090   0x0000000b   Data   RO          788    .rodata.str1.4      RTX_V7MF.lib(rtx_kernel.o)
    0x0000709b   0x0000709b   0x00000001   PAD
    0x0000709c   0x0000709c   0x00000010   Data   RO           47    .rodata.timerAttr_timerADC1  main.o
    0x000070ac   0x000070ac   0x00000020   Data   RO         1650    Region$$Table       anon$$obj.o


    Execution Region RW_m_data (Exec base: 0x1fff0000, Load base: 0x000070cc, Size: 0x00000000, Max: 0x00010000, ABSOLUTE)

    **** No section assigned to this execution region ****


    Execution Region RW_m_data_2 (Exec base: 0x20000000, Load base: 0x000070d0, Size: 0x00008680, Max: 0x0002f800, ABSOLUTE)

    Exec Addr    Load Addr    Size         Type   Attr      Idx    E Section Name        Object

    0x20000000   0x000070d0   0x00000004   Data   RW         1626    .data               mc_w.l(errno.o)
    0x20000004   0x000070d4   0x00000004   Data   RW          663    .data.SystemCoreClock  system_mk64f12.o
    0x20000008   0x000070d8   0x000000a4   Data   RW          789    .data.os            RTX_V7MF.lib(rtx_kernel.o)
    0x200000ac   0x0000717c   0x00000004   Data   RW          363    .data.s_fastIrcFreq  fsl_clock.o
    0x200000b0   0x00007180   0x00000004   Data   RW          362    .data.s_slowIrcFreq  fsl_clock.o
    0x200000b4   0x00007184   0x00000004   Data   RW          643    .data.s_uartIsr     fsl_uart.o
    0x200000b8        -       0x00000004   Zero   RW           45    .bss.ADC1_callback.tick  main.o
    0x200000bc        -       0x00000004   Zero   RW           46    .bss.ADCMutex       main.o
    0x200000c0        -       0x00000004   Zero   RW           48    .bss.T_ADC1_periodic  main.o
    0x200000c4        -       0x00000004   Zero   RW           38    .bss.T_ADC2         main.o
    0x200000c8        -       0x00000004   Zero   RW           37    .bss.T_LEDs         main.o
    0x200000cc        -       0x00000004   Zero   RW           39    .bss.T_SW2          main.o
    0x200000d0        -       0x00000004   Zero   RW           40    .bss.T_SW3          main.o
    0x200000d4        -       0x00000004   Zero   RW           58    .bss.app_mainid     main.o
    0x200000d8        -       0x00000004   Zero   RW          358    .bss.g_xtal0Freq    fsl_clock.o
    0x200000dc        -       0x00000004   Zero   RW          360    .bss.g_xtal32Freq   fsl_clock.o
    0x200000e0        -       0x00000004   Zero   RW           34    .bss.memblock       main.o
    0x200000e4        -       0x00000004   Zero   RW           35    .bss.msgqueue       main.o
    0x200000e8        -       0x00008040   Zero   RW          120    .bss.os             rtx_lib.o
    0x20008128        -       0x00000001   Zero   RW          156    .bss.os             os_systick.o
    0x20008129   0x00007188   0x00000003   PAD
    0x2000812c        -       0x00000034   Zero   RW          131    .bss.os.msgqueue.cb  rtx_lib.o
    0x20008160        -       0x00000050   Zero   RW          132    .bss.os.msgqueue.mem  rtx_lib.o
    0x200081b0        -       0x000000a0   Zero   RW          128    .bss.os.thread.cb   rtx_lib.o
    0x20008250        -       0x00000200   Zero   RW          129    .bss.os.thread.idle.stack  rtx_lib.o
    0x20008450        -       0x00000200   Zero   RW          130    .bss.os.thread.timer.stack  rtx_lib.o
    0x20008650        -       0x00000004   Zero   RW           36    .bss.queue_sampleperiod  main.o
    0x20008654        -       0x00000014   Zero   RW          695    .bss.s_debugConsole  fsl_debug_console.o
    0x20008668        -       0x00000018   Zero   RW          647    .bss.s_uartHandle   fsl_uart.o


    Execution Region ARM_LIB_HEAP (Exec base: 0x20008680, Load base: 0x00007188, Size: 0x00000400, Max: 0x00000400, ABSOLUTE)

    Exec Addr    Load Addr    Size         Type   Attr      Idx    E Section Name        Object

    0x20008680        -       0x00000400   Zero   RW            1    ARM_LIB_HEAP.bss    anon$$obj.o


    Execution Region ARM_LIB_STACK (Exec base: 0x2002fc00, Load base: 0x00007188, Size: 0x00000400, Max: 0x00000400, ABSOLUTE)

    Exec Addr    Load Addr    Size         Type   Attr      Idx    E Section Name        Object

    0x2002fc00        -       0x00000400   Zero   RW            2    ARM_LIB_STACK.bss   anon$$obj.o


==============================================================================

Image component sizes


      Code (inc. data)   RO Data    RW Data    ZI Data      Debug   Object Name

        24          0          0          0          0       1126   board.o
       100          0         60          0          0       4520   clock_config.o
       436         72          0          0          0       9537   elec422.o
       442          8        208          0          0       6454   fsl_adapter_uart.o
       570          0        177          0          0      10545   fsl_adc16.o
        60         44          0          0          0        929   fsl_assert.o
      1208         16        150          8          8      30787   fsl_clock.o
      1908        190          0          0         20      16846   fsl_debug_console.o
       146         16        155          0          0       3364   fsl_gpio.o
      1196         28        414          4         24      31373   fsl_uart.o
      2080        198        936          0         44      11238   main.o
       140          0          0          0          1       5006   os_systick.o
       126          0          0          0          0       4069   pin_mux.o
         4          0          0          0          0        760   rtx_config.o
         0          0        268          0      34148       5727   rtx_lib.o
       456        212       1040          0          0       2341   startup_mk64f12.o
       410          8          0          4          0       3676   system_mk64f12.o

    ----------------------------------------------------------------------
      9360        792       3440         16      36296     148298   Object Totals
         0          0         32          0       2048          0   (incl. Generated)
        54          0          0          0          3          0   (incl. Padding)

    ----------------------------------------------------------------------

      Code (inc. data)   RO Data    RW Data    ZI Data      Debug   Library Member Name

       196         12          0          0          0        712   irq_armv7m.o
       584         40         11        164          0      19332   rtx_kernel.o
       230          0          0          0          0       2808   rtx_memory.o
       976         20          0          0          0      16536   rtx_mempool.o
      1344         32          0          0          0      19223   rtx_msgqueue.o
       674         16          0          0          0      10977   rtx_mutex.o
       392         48          0          0          0       5563   rtx_system.o
      2290         84          0          0          0      38973   rtx_thread.o
       624         32          0          0          0      11024   rtx_timer.o
       164         44          0          0          0        620   dunder.o
        24          0          0          0          0        124   fabs.o
        48          0          0          0          0        124   fpclassify.o
       208          6          0          0          0        152   modf.o
       248          0          0          0          0        152   poly.o
      3168        296        136          0          0        352   pow.o
         0          0          8          0          0          0   qnan.o
       110          0          0          0          0        148   sqrt.o
         0          0          0          0          0          0   entry.o
         0          0          0          0          0          0   entry10a.o
         0          0          0          0          0          0   entry11a.o
         8          4          0          0          0          0   entry4.o
         4          0          0          0          0          0   entry5.o
         0          0          0          0          0          0   entry7b.o
         0          0          0          0          0          0   entry8b.o
         8          4          0          0          0          0   entry9a.o
        12          6          0          4          0         68   errno.o
        30          0          0          0          0          0   handlers.o
        48         10          0          0          0         68   init.o
         0          0          0          0          0          0   iusefp.o
        30          0          0          0          0         68   llshl.o
        36          0          0          0          0         68   llsshr.o
        32          0          0          0          0         68   llushr.o
        40          0          0          0          0         76   memcpy.o
        36          0          0          0          0        108   memseta.o
      2276         86          0          0          0        520   printfa.o
        18          0          0          0          0         68   strcpy.o
        14          0          0          0          0         68   strlen.o
        44          0          0          0          0         80   uidiv.o
        98          0          0          0          0         92   uldiv.o
        48          0          0          0          0         68   cdrcmple.o
        56          0          0          0          0         88   d2f.o
       334          0          0          0          0        148   dadd.o
        56          0          0          0          0         80   dcmpeq.o
        54          0          0          0          0         80   dcmpgt.o
        54          0          0          0          0         80   dcmplt.o
       222          0          0          0          0        100   ddiv.o
       186          0          0          0          0        176   depilogue.o
        62          0          0          0          0         80   dfixi.o
        74          0          0          0          0         80   dfixl.o
        48          0          0          0          0         68   dfixul.o
        34          0          0          0          0         76   dflti.o
        40          0          0          0          0         80   dfltl.o
        26          0          0          0          0         76   dfltui.o
       228          0          0          0          0         96   dmul.o
        46          0          0          0          0         80   dscalb.o
       162          0          0          0          0        100   dsqrt.o
        38          0          0          0          0         68   f2d.o
       110          0          0          0          0        168   fepilogue.o

    ----------------------------------------------------------------------
     15920        740        156        168          0     129964   Library Totals
        28          0          1          0          0          0   (incl. Padding)

    ----------------------------------------------------------------------

      Code (inc. data)   RO Data    RW Data    ZI Data      Debug   Library Name

      7310        284         11        164          0     125148   RTX_V7MF.lib
      3970        346        144          0          0       1672   m_wm.l
      2734        110          0          4          0       1352   mc_w.l
      1878          0          0          0          0       1792   mf_w.l

    ----------------------------------------------------------------------
     15920        740        156        168          0     129964   Library Totals

    ----------------------------------------------------------------------

==============================================================================


      Code (inc. data)   RO Data    RW Data    ZI Data      Debug   

     25280       1532       3596        184      36296     275310   Grand Totals
     25280       1532       3596        184      36296     275310   ELF Image Totals
     25280       1532       3596        184          0          0   ROM Totals

==============================================================================

    Total RO  Size (Code + RO Data)                28876 (  28.20kB)
    Total RW  Size (RW Data + ZI Data)             36480 (  35.62kB)
    Total ROM Size (Code + RO Data + RW Data)      29060 (  28.38kB)

==============================================================================

